w93a suite — 47 checks, 900s each, python /home/nixos/all-my-repos/ai/kaggle-agents/workspace/playground-series-s6e8/.venv/bin/python
C2 list matches RESEARCH.md (47 stems)  PASS
C1 all 47 stems resolve on disk  PASS
[ 1/47] w54a_vetoexpiry          rc=0     1.9s    OK: the queue outlasts the calendar. No vetoed file is reached before the deadline.
[ 2/47] w55a_unpriced            rc=0    13.3s  guard check: `w55: unpriceable` in w26g_send.py -> present ✅
[ 3/47] w56b_wantedguard         rc=0     0.0s  WANTED guard intact.
[ 4/47] w57c_muguard             rc=0     0.9s  MU pin holds, its artefacts agree, and the pin is load-bearing.
[ 5/47] w59b_barguard            rc=0     1.0s  w59b: the measured bar is wired, strict, and fails safe.
[ 6/47] w60b_ineligguard         rc=0     1.0s  FAILURES: 0
[ 7/47] w60d_memberguard         rc=0     1.0s  w60d: the member label is derived in stdflag and bites in the sender.
[ 8/47] w62b_barstaleguard       rc=0     1.6s  FAILURES: 0
[ 9/47] w63b_setguard            rc=0     1.8s  FAILURES: 0
[10/47] w64b_hedgeguard          rc=0     1.0s  FAILURES: 0
[11/47] w65b_pinguard            rc=0     2.2s  FAILURES 0
[12/47] w65c_subsetcheck         rc=0    83.4s  R-M11f VERDICT: CONFIRMED
[13/47] w66d_rangeguard          rc=0     1.0s  w66d: the fitted range is a number, and the member row is out of the max.
[14/47] w67b_slopeguard          rc=0     1.7s  ==========================================================================================
[15/47] w68b_floorguard          rc=0     1.0s  FAILURES 0
[16/47] w70b_basisguard          rc=0     0.3s    FAILURES 0
[17/47] w70d_chainguard          rc=0     1.8s    ran as a side effect. This is a SMOKE TEST — still dry-run the four-command chain before
[18/47] w71b_dupguard            rc=0    17.8s    ✅ the override is unapplied and both apply paths are shut.
[19/47] w72b_dayguard            rc=0     2.1s    ✅ nothing has been sent twice; no pending day plans a sent, missing or vetoed file.
[20/47] w74b_clickstaleguard     rc=0     0.8s  FAILURES: 0
[21/47] w75b_muguard             rc=0     0.8s  w75b_muguard: 0 complaint(s)
[22/47] w76b_addguard            rc=0     0.0s    ✅ all four checks pass.
[23/47] w77b_bracketguard        rc=0     1.0s  FAILURES 0
[24/47] w78b_treatguard          rc=0     0.1s  FAILURES 0
[25/47] w79b_fillguard           rc=0     1.0s  FAILURES 0
[26/47] w80f_packguard           rc=0     0.0s    FAILURES 0: []
[27/47] w82a_pricecal            rc=0     1.8s  FAILURES: 0
[28/47] w84a_pickargmax          rc=0     1.6s  FAILURES: 0
[29/47] w85c_slotguard           rc=0    11.1s  FAILURES 0
[30/47] w86a_pagecap             rc=0     1.7s  FAILURES 0
[31/47] w87a_registrarguard      rc=0     6.8s    ✅ CONTROLS 0 failure(s)
[32/47] w88a_calexposure         rc=0     4.7s  ✅ GUARDS 0 failure(s) -> /home/nixos/all-my-repos/ai/kaggle-agents/workspace/playground-se
[33/47] w89a_foldid              rc=0     2.9s  packs failing the identity test: 0
[34/47] w91b_dateguard           rc=0     1.1s  FAILURES: 0
[35/47] w92a_smokerun            rc=0   116.2s  FAILURES 0
[36/47] w93c_pickverify          rc=0     4.1s  FAILURES: 0
[37/47] w100a_complement         rc=0     5.7s    wrote w100a_complement.json — 0 failures.
[38/47] w101a_angleguard         rc=0     0.0s  OK: every ANGLE INDEX pointer resolves. A handed angle still costs one grep.
[39/47] w103a_pathguard          rc=0     0.0s  OK: 5 of 6 tools are invisible to a bare `command -v`. A 'command not found' here is a sta
[40/47] w104a_cgroupguard        rc=0     0.6s  OK: detach.py stays in the runner's cgroup and dies with it; the systemd-run --user recipe
[41/47] w105a_liveguard          rc=0     0.5s  FAILURES 0   -> experiments/w105a_liveguard.json
[42/47] w106a_claimguard         rc=0     0.2s  FAILURES 0   -> experiments/w106a_claimguard.json
[43/47] w107a_lineref            rc=0     0.1s  FAILURES 0   -> experiments/w107a_lineref.json
[44/47] w109b_colguard           rc=0    28.3s  PASS  one member per column, plus one known and still-real duplicate pair
[45/47] w110b_covguard           rc=0     0.0s  FAILURES 0
[46/47] w111b_baseguard          rc=0     2.4s  FAILURES: 0
[47/47] w112a_templateguard      rc=0     0.8s    FAILURES 0   -> experiments/w112a_templateguard.json

TOTAL 329s   47/47 green
FAILURES: 0
