w93a suite — 50 checks, 900s each, python /home/nixos/all-my-repos/ai/kaggle-agents/workspace/playground-series-s6e8/.venv/bin/python
C2 list matches RESEARCH.md (50 stems)  PASS
C1 all 50 stems resolve on disk  PASS
[ 1/50] w54a_vetoexpiry          rc=0     1.5s    OK: the queue outlasts the calendar. No vetoed file is reached before the deadline.
[ 2/50] w55a_unpriced            rc=0    10.1s  guard check: `w55: unpriceable` in w26g_send.py -> present ✅
[ 3/50] w56b_wantedguard         rc=0     0.0s  WANTED guard intact.
[ 4/50] w57c_muguard             rc=0     0.7s  MU pin holds, its artefacts agree, and the pin is load-bearing.
[ 5/50] w59b_barguard            rc=0     0.8s  w59b: the measured bar is wired, strict, and fails safe.
[ 6/50] w60b_ineligguard         rc=0     0.8s  FAILURES: 0
[ 7/50] w60d_memberguard         rc=0     0.8s  w60d: the member label is derived in stdflag and bites in the sender.
[ 8/50] w62b_barstaleguard       rc=0     1.2s  FAILURES: 0
[ 9/50] w63b_setguard            rc=0     1.4s  FAILURES: 0
[10/50] w64b_hedgeguard          rc=0     0.8s  FAILURES: 0
[11/50] w65b_pinguard            rc=0     1.5s  FAILURES 0
[12/50] w65c_subsetcheck         rc=0    67.6s  R-M11f VERDICT: CONFIRMED
[13/50] w66d_rangeguard          rc=0     0.8s  w66d: the fitted range is a number, and the member row is out of the max.
[14/50] w67b_slopeguard          rc=0     1.4s  ==========================================================================================
[15/50] w68b_floorguard          rc=0     0.8s  FAILURES 0
[16/50] w70b_basisguard          rc=0     0.2s    FAILURES 0
[17/50] w70d_chainguard          rc=0     1.4s    ran as a side effect. This is a SMOKE TEST — still dry-run the four-command chain before
[18/50] w71b_dupguard            rc=0    13.9s    ✅ the override is unapplied and both apply paths are shut.
[19/50] w72b_dayguard            rc=0     2.0s    ✅ nothing has been sent twice; no pending day plans a sent, missing or vetoed file.
[20/50] w74b_clickstaleguard     rc=0     0.7s  FAILURES: 0
[21/50] w75b_muguard             rc=0     0.7s  w75b_muguard: 0 complaint(s)
[22/50] w76b_addguard            rc=0     0.0s    ✅ all four checks pass.
[23/50] w77b_bracketguard        rc=0     0.8s  FAILURES 0
[24/50] w78b_treatguard          rc=0     0.1s  FAILURES 0
[25/50] w79b_fillguard           rc=0     0.8s  FAILURES 0
[26/50] w80f_packguard           rc=0     0.0s    FAILURES 0: []
[27/50] w82a_pricecal            rc=0     1.6s  FAILURES: 0
[28/50] w84a_pickargmax          rc=0     1.1s  FAILURES: 0
[29/50] w85c_slotguard           rc=0     8.9s  FAILURES 0
[30/50] w86a_pagecap             rc=0     1.2s  FAILURES 0
[31/50] w87a_registrarguard      rc=0     5.4s    ✅ CONTROLS 0 failure(s)
[32/50] w88a_calexposure         rc=0     3.9s  ✅ GUARDS 0 failure(s) -> /home/nixos/all-my-repos/ai/kaggle-agents/workspace/playground-se
[33/50] w89a_foldid              rc=0     2.2s  packs failing the identity test: 0
[34/50] w91b_dateguard           rc=0     0.9s  FAILURES: 0
[35/50] w92a_smokerun            rc=0    90.9s  FAILURES 0
[36/50] w93c_pickverify          rc=0     3.2s  FAILURES: 0
[37/50] w100a_complement         rc=0     4.5s    wrote w100a_complement.json — 0 failures.
[38/50] w101a_angleguard         rc=0     0.0s  OK: every ANGLE INDEX pointer resolves. A handed angle still costs one grep.
[39/50] w103a_pathguard          rc=0     0.0s  OK: 5 of 6 tools are invisible to a bare `command -v`. A 'command not found' here is a sta
[40/50] w104a_cgroupguard        rc=0     0.6s  OK: detach.py stays in the runner's cgroup and dies with it; the systemd-run --user recipe
[41/50] w105a_liveguard          rc=0     0.4s  FAILURES 0   -> experiments/w105a_liveguard.json
[42/50] w106a_claimguard         rc=0     0.1s  FAILURES 0   -> experiments/w106a_claimguard.json
[43/50] w107a_lineref            rc=0     0.0s  FAILURES 0   -> experiments/w107a_lineref.json
[44/50] w109b_colguard           rc=0    22.1s  PASS  one member per column, plus one known and still-real duplicate pair
[45/50] w110b_covguard           rc=0     0.0s  FAILURES 0
[46/50] w111b_baseguard          rc=0     1.9s  FAILURES: 0
[47/50] w112a_templateguard      rc=0     0.8s    FAILURES 0   -> experiments/w112a_templateguard.json
[48/50] w114b_selectguard        rc=0     0.0s  ✅ CLEAN — every printed literal names only WANTED or an ALLOWED stem.
[49/50] w115a_docselectguard     rc=0     0.1s  ✅ CLEAN — no human-read doc names a non-WANTED selectable file as the pick
[50/50] w117a_handcount          rc=0     0.1s  FAILURES: 0

TOTAL 260s   50/50 green
FAILURES: 0
