w93a suite — 53 checks, 900s each, python /home/nixos/all-my-repos/ai/kaggle-agents/workspace/playground-series-s6e8/.venv/bin/python
C2 list matches RESEARCH.md (53 stems)  PASS
C1 all 53 stems resolve on disk  PASS
[ 1/53] w54a_vetoexpiry          rc=1     0.8s                     .venv/bin/python experiments/w48e_order.py --day <UTC day> --write  (in the post-send set — see the summary)
[ 2/53] w55a_unpriced            rc=0    13.3s  guard check: `w55: unpriceable` in w26g_send.py -> present ✅
[ 3/53] w56b_wantedguard         rc=0     0.0s  WANTED guard intact.
[ 4/53] w57c_muguard             rc=0     0.8s  MU pin holds, its artefacts agree, and the pin is load-bearing.
[ 5/53] w59b_barguard            rc=0     1.0s  w59b: the measured bar is wired, strict, and fails safe.
[ 6/53] w60b_ineligguard         rc=0     1.0s  FAILURES: 0
[ 7/53] w60d_memberguard         rc=0     1.0s  w60d: the member label is derived in stdflag and bites in the sender.
[ 8/53] w62b_barstaleguard       rc=0     1.5s  FAILURES: 0
[ 9/53] w63b_setguard            rc=0     2.3s  FAILURES: 0
[10/53] w64b_hedgeguard          rc=0     1.0s  FAILURES: 0
[11/53] w65b_pinguard            rc=0     2.0s  FAILURES 0
[12/53] w65c_subsetcheck         rc=0    76.8s  R-M11f VERDICT: CONFIRMED
[13/53] w66d_rangeguard          rc=0     1.0s  w66d: the fitted range is a number, and the member row is out of the max.
[14/53] w67b_slopeguard          rc=0     2.3s  ==========================================================================================
[15/53] w68b_floorguard          rc=0     1.0s  FAILURES 0
[16/53] w70b_basisguard          rc=0     0.3s    FAILURES 0
[17/53] w70d_chainguard          rc=0     2.3s    ran as a side effect. This is a SMOKE TEST — still dry-run the four-command chain before
[18/53] w71b_dupguard            rc=0    17.9s    ✅ the override is unapplied and both apply paths are shut.
[19/53] w72b_dayguard            rc=0     2.8s    ✅ nothing has been sent twice; no pending day plans a sent, missing or vetoed file.
[20/53] w74b_clickstaleguard     rc=0     0.8s  FAILURES: 0
[21/53] w75b_muguard             rc=0     0.9s  w75b_muguard: 0 complaint(s)
[22/53] w76b_addguard            rc=0     0.0s    ✅ all four checks pass.
[23/53] w77b_bracketguard        rc=0     1.0s  FAILURES 0
[24/53] w78b_treatguard          rc=0     0.1s  FAILURES 0
[25/53] w79b_fillguard           rc=0     1.0s  FAILURES 0
[26/53] w80f_packguard           rc=0     0.0s    FAILURES 0: []
[27/53] w82a_pricecal            rc=0     1.9s  FAILURES: 0
[28/53] w84a_pickargmax          rc=0     1.3s  FAILURES: 0
[29/53] w85c_slotguard           rc=1     9.7s  FAILURES 1  (in the post-send set — see the summary)
[30/53] w86a_pagecap             rc=0     1.3s  FAILURES 0
[31/53] w87a_registrarguard      rc=0     6.8s    ✅ CONTROLS 0 failure(s)
[32/53] w88a_calexposure         rc=0     4.9s  ✅ GUARDS 0 failure(s) -> /home/nixos/all-my-repos/ai/kaggle-agents/workspace/playground-se
[33/53] w89a_foldid              rc=0     2.9s  packs failing the identity test: 0
[34/53] w91b_dateguard           rc=0     1.1s  FAILURES: 0
[35/53] w92a_smokerun            rc=0   117.7s  FAILURES 0
[36/53] w93c_pickverify          rc=0     4.0s  FAILURES: 0
[37/53] w100a_complement         rc=0     6.2s    wrote w100a_complement.json — 0 failures.
[38/53] w101a_angleguard         rc=0     0.1s  OK: every ANGLE INDEX pointer resolves. A handed angle still costs one grep.
[39/53] w103a_pathguard          rc=0     0.0s  OK: 5 of 6 tools are invisible to a bare `command -v`. A 'command not found' here is a sta
[40/53] w104a_cgroupguard        rc=0     0.6s  OK: detach.py stays in the runner's cgroup and dies with it; the systemd-run --user recipe
[41/53] w105a_liveguard          rc=0     0.4s  FAILURES 0   -> experiments/w105a_liveguard.json
[42/53] w106a_claimguard         rc=0     0.2s  FAILURES 0   -> experiments/w106a_claimguard.json
[43/53] w107a_lineref            rc=0     0.1s  FAILURES 0   -> experiments/w107a_lineref.json
[44/53] w109b_colguard           rc=0    29.4s  PASS  one member per column, plus one known and still-real duplicate pair
[45/53] w110b_covguard           rc=0     0.0s  FAILURES 0
[46/53] w111b_baseguard          rc=0     2.4s  FAILURES: 0
[47/53] w112a_templateguard      rc=0     0.8s    FAILURES 0   -> experiments/w112a_templateguard.json
[48/53] w114b_selectguard        rc=0     0.0s  ✅ CLEAN — every printed literal names only WANTED or an ALLOWED stem.
[49/53] w115a_docselectguard     rc=0     0.1s  ✅ CLEAN — no human-read doc names a non-WANTED selectable file as the pick
[50/53] w117a_handcount          rc=0     0.1s  FAILURES: 0
[51/53] w122a_slotguard          rc=0     0.0s  ✅ CLEAN — slots are filled, not tiers listed; the frozen defect stays caught.
[52/53] w123b_groupguard         rc=0     1.0s  ✅ CLEAN — the residual group is labelled as one, and row 3 sells both prices
[53/53] w124b_priceunitguard     rc=0     1.0s  ✅ CLEAN — every published magnitude names the quantity it measures

TOTAL 327s   51/53 green
FAILURES: w54a_vetoexpiry(rc=1)  w85c_slotguard(rc=1)
  full output: /home/nixos/all-my-repos/ai/kaggle-agents/workspace/playground-series-s6e8/experiments/w93a_fail_w54a_vetoexpiry.log
  full output: /home/nixos/all-my-repos/ai/kaggle-agents/workspace/playground-series-s6e8/experiments/w93a_fail_w85c_slotguard.log
⚠ every failure is the post-send queue-freshness guard doing its job. Rebuild the queue for the next unsent day and re-run those two.
