w93a suite — 61 checks, 900s each, python /home/nixos/all-my-repos/ai/kaggle-agents/workspace/playground-series-s6e8/.venv/bin/python
C2 list matches RESEARCH.md (61 stems, heading says 61)  PASS
C1 all 61 stems resolve on disk  PASS
[ 1/61] w54a_vetoexpiry          rc=1     0.9s                     .venv/bin/python experiments/w48e_order.py --day <UTC day> --write  (in the post-send set — see the summary)
[ 2/61] w55a_unpriced            rc=0    10.2s  guard check: `w55: unpriceable` in w26g_send.py -> present ✅
[ 3/61] w56b_wantedguard         rc=0     0.0s  WANTED guard intact.
[ 4/61] w57c_muguard             rc=0     0.7s  MU pin holds, its artefacts agree, and the pin is load-bearing.
[ 5/61] w59b_barguard            rc=0     0.8s  w59b: the measured bar is wired, strict, and fails safe.
[ 6/61] w60b_ineligguard         rc=0     0.8s  FAILURES: 0
[ 7/61] w60d_memberguard         rc=0     0.8s  w60d: the member label is derived in stdflag and bites in the sender.
[ 8/61] w62b_barstaleguard       rc=0     1.5s  FAILURES: 0
[ 9/61] w63b_setguard            rc=0     1.5s  FAILURES: 0
[10/61] w64b_hedgeguard          rc=0     0.8s  FAILURES: 0
[11/61] w65b_pinguard            rc=0     1.7s  FAILURES 0
[12/61] w65c_subsetcheck         rc=0    61.9s  R-M11f VERDICT: CONFIRMED
[13/61] w66d_rangeguard          rc=0     0.8s  w66d: the fitted range is a number, and the member row is out of the max.
[14/61] w67b_slopeguard          rc=0     1.4s  ==========================================================================================
[15/61] w68b_floorguard          rc=0     0.8s  FAILURES 0
[16/61] w70b_basisguard          rc=0     0.2s    FAILURES 0
[17/61] w70d_chainguard          rc=0     1.3s    ran as a side effect. This is a SMOKE TEST — still dry-run the four-command chain before
[18/61] w71b_dupguard            rc=0    13.8s    ✅ the override is unapplied and both apply paths are shut.
[19/61] w72b_dayguard            rc=0     2.0s    ✅ nothing has been sent twice; no pending day plans a sent, missing or vetoed file.
[20/61] w74b_clickstaleguard     rc=0     0.8s  FAILURES: 0
[21/61] w75b_muguard             rc=0     0.7s  w75b_muguard: 0 complaint(s)
[22/61] w76b_addguard            rc=0     0.0s    ✅ all four checks pass.
[23/61] w77b_bracketguard        rc=0     0.8s  FAILURES 0
[24/61] w78b_treatguard          rc=0     0.1s  FAILURES 0
[25/61] w79b_fillguard           rc=0     0.8s  FAILURES 0
[26/61] w80f_packguard           rc=0     0.0s    FAILURES 0: []
[27/61] w82a_pricecal            rc=0     1.7s  FAILURES: 0
[28/61] w84a_pickargmax          rc=0     1.2s  FAILURES: 0
[29/61] w85c_slotguard           rc=1     8.2s  FAILURES 2  (in the post-send set — see the summary)
[30/61] w86a_pagecap             rc=0     2.0s  FAILURES 0
[31/61] w87a_registrarguard      rc=1     4.9s      C4: member certification is LOAD-BEARING: blind to it the pool holds 0 file(s) for 0 s
[32/61] w88a_calexposure         rc=0     2.0s  ℹ NOTHING IN SCOPE: the calendar is spent — 0 file(s) remain registered for a future send,
[33/61] w89a_foldid              rc=0     2.3s  packs failing the identity test: 0
[34/61] w91b_dateguard           rc=0     1.0s  FAILURES: 0
[35/61] w92a_smokerun            rc=0    90.5s  FAILURES 0
[36/61] w93c_pickverify          rc=0     3.1s  FAILURES: 0
[37/61] w100a_complement         rc=1     4.7s    wrote w100a_complement.json — 4 failures.
[38/61] w101a_angleguard         rc=0     0.1s  OK: every ANGLE INDEX pointer resolves. A handed angle still costs one grep.
[39/61] w103a_pathguard          rc=0     0.0s  OK: 6 of 6 tools are invisible to a bare `command -v`. A 'command not found' here is a sta
[40/61] w104a_cgroupguard        rc=0     0.6s  OK: detach.py stays in the runner's cgroup and dies with it; the systemd-run --user recipe
[41/61] w105a_liveguard          rc=0     0.4s  FAILURES 0   -> experiments/w105a_liveguard.json
[42/61] w106a_claimguard         rc=0     0.1s  FAILURES 0   -> experiments/w106a_claimguard.json
[43/61] w107a_lineref            rc=0     0.0s  FAILURES 0   -> experiments/w107a_lineref.json
[44/61] w109b_colguard           rc=0    22.6s  PASS  one member per column, plus one known and still-real duplicate pair
[45/61] w110b_covguard           rc=0     0.0s  FAILURES 0
[46/61] w111b_baseguard          rc=0     2.0s  FAILURES: 0
[47/61] w112a_templateguard      rc=0     1.0s    FAILURES 0   -> experiments/w112a_templateguard.json
[48/61] w114b_selectguard        rc=0     0.0s  ✅ CLEAN — every printed literal names only WANTED or an ALLOWED stem.
[49/61] w115a_docselectguard     rc=0     0.1s  ✅ CLEAN — no human-read doc names a non-WANTED selectable file as the pick
[50/61] w117a_handcount          rc=0     0.0s  FAILURES: 0
[51/61] w122a_slotguard          rc=0     0.0s  ✅ CLEAN — slots are filled, not tiers listed; the frozen defect stays caught.
[52/61] w123b_groupguard         rc=0     0.8s  ✅ CLEAN — the residual group is labelled as one, and row 3 sells both prices
[53/61] w124b_priceunitguard     rc=0     0.8s  ✅ CLEAN — every published magnitude names the quantity it measures
[54/61] w125b_layerguard         rc=0     2.1s  ✅ CLEAN — every published price names its layer, and the ladder has no prose left in its n
[55/61] w126c_scopeguard         rc=0     0.0s  ✅ CLEAN — every SEARCH price names which search, at which layer, over how many parameters
[56/61] w127b_rateguard          rc=0     0.0s  ✅ CLEAN — every ENROLMENT price says what it is divided by, and row 7 says which layer eac
[57/61] w128b_pricedguard        rc=0     0.8s  FAILURES: 0
[58/61] w129b_optoutguard        rc=0     0.7s  FAILURES: 0
[59/61] w130b_zerobaselineguard  rc=0     0.8s  FAILURES: 0
[60/61] w131b_selfbaselineguard  rc=0     0.8s  FAILURES: 0
[61/61] w132b_significanceguard  rc=0     0.8s  FAILURES: 0

TOTAL 261s   57/61 green
FAILURES: w54a_vetoexpiry(rc=1)  w85c_slotguard(rc=1)  w87a_registrarguard(rc=1)  w100a_complement(rc=1)
  full output: /home/nixos/all-my-repos/ai/kaggle-agents/workspace/playground-series-s6e8/experiments/w93a_fail_w54a_vetoexpiry.log
  full output: /home/nixos/all-my-repos/ai/kaggle-agents/workspace/playground-series-s6e8/experiments/w93a_fail_w85c_slotguard.log
  full output: /home/nixos/all-my-repos/ai/kaggle-agents/workspace/playground-series-s6e8/experiments/w93a_fail_w87a_registrarguard.log
  full output: /home/nixos/all-my-repos/ai/kaggle-agents/workspace/playground-series-s6e8/experiments/w93a_fail_w100a_complement.log
