w93a suite — 76 checks, 900s each, python /home/nixos/all-my-repos/ai/kaggle-agents/workspace/playground-series-s6e8/.venv/bin/python
C2 list matches RESEARCH.md (76 stems, heading says 76)  PASS
C1 all 76 stems resolve on disk  PASS
[ 1/76] w54a_vetoexpiry          rc=1     1.3s                     .venv/bin/python experiments/w48e_order.py --day <UTC day> --write  (in the post-send set — see the summary)
[ 2/76] w55a_unpriced            rc=0    24.9s  guard check: `w55: unpriceable` in w26g_send.py -> present ✅
[ 3/76] w56b_wantedguard         rc=0     0.0s  WANTED guard intact.
[ 4/76] w57c_muguard             rc=0     1.1s  MU pin holds, its artefacts agree, and the pin is load-bearing.
[ 5/76] w59b_barguard            rc=0     1.4s  w59b: the measured bar is wired, strict, and fails safe.
[ 6/76] w60b_ineligguard         rc=0     1.3s  FAILURES: 0
[ 7/76] w60d_memberguard         rc=0     1.2s  w60d: the member label is derived in stdflag and bites in the sender.
[ 8/76] w62b_barstaleguard       rc=0     1.9s  FAILURES: 0
[ 9/76] w63b_setguard            rc=2     1.2s       which is exactly the w48 defect this keying exists to prevent.
[10/76] w64b_hedgeguard          rc=0     1.2s  FAILURES: 0
[11/76] w65b_pinguard            rc=0     2.8s  FAILURES 0
[12/76] w65c_subsetcheck         rc=0   115.6s  R-M11f VERDICT: CONFIRMED
[13/76] w66d_rangeguard          rc=0     1.1s  w66d: the fitted range is a number, and the member row is out of the max.
[14/76] w67b_slopeguard          rc=2     1.1s  
[15/76] w68b_floorguard          rc=0     1.1s  FAILURES 0
[16/76] w70b_basisguard          rc=0     0.4s    FAILURES 0
[17/76] w70d_chainguard          rc=1     1.2s    ⛔ Do NOT open a send window until this exits 0.
[18/76] w71b_dupguard            rc=0    19.6s    ✅ the override is unapplied and both apply paths are shut.
[19/76] w72b_dayguard            rc=2     1.2s  
[20/76] w74b_clickstaleguard     rc=1     1.1s  FAILURES: 3
[21/76] w75b_muguard             rc=0     1.0s  w75b_muguard: 0 complaint(s)
[22/76] w76b_addguard            rc=0     0.0s    ✅ all four checks pass.
[23/76] w77b_bracketguard        rc=0     1.1s  FAILURES 0
[24/76] w78b_treatguard          rc=0     0.1s  FAILURES 0
[25/76] w79b_fillguard           rc=0     1.1s  FAILURES 0
[26/76] w80f_packguard           rc=0     0.0s    FAILURES 0: []
[27/76] w82a_pricecal            rc=0     2.1s  FAILURES: 0
[28/76] w84a_pickargmax          rc=0     1.6s  FAILURES: 0
[29/76] w85c_slotguard           rc=1    11.5s  FAILURES 2  (in the post-send set — see the summary)
[30/76] w86a_pagecap             rc=0     2.0s  FAILURES 0
[31/76] w87a_registrarguard      rc=2     1.1s  
[32/76] w88a_calexposure         rc=0     2.4s  ℹ NOTHING IN SCOPE: the calendar is spent — 0 file(s) remain registered for a future send,
[33/76] w89a_foldid              rc=0     3.2s  packs failing the identity test: 0
[34/76] w91b_dateguard           rc=0     1.4s  FAILURES: 0
[35/76] w92a_smokerun            rc=1   122.7s  FAILURES 4
[36/76] w93c_pickverify          rc=0     4.5s  FAILURES: 0
[37/76] w100a_complement         rc=2     1.2s       which is exactly the w48 defect this keying exists to prevent.
[38/76] w101a_angleguard         rc=0     0.1s  OK: every ANGLE INDEX pointer resolves. A handed angle still costs one grep.
[39/76] w103a_pathguard          rc=0     0.0s  OK: 5 of 6 tools are invisible to a bare `command -v`. A 'command not found' here is a sta
[40/76] w104a_cgroupguard        rc=0     0.6s  OK: detach.py stays in the runner's cgroup and dies with it; the systemd-run --user recipe
[41/76] w105a_liveguard          rc=0     0.5s  FAILURES 0   -> experiments/w105a_liveguard.json
[42/76] w106a_claimguard         rc=0     0.3s  FAILURES 0   -> experiments/w106a_claimguard.json
[43/76] w107a_lineref            rc=0     0.1s  FAILURES 0   -> experiments/w107a_lineref.json
[44/76] w109b_colguard           rc=0    34.4s  PASS  one member per column, plus one known and still-real duplicate pair
[45/76] w110b_covguard           rc=0     0.0s  FAILURES 0
[46/76] w111b_baseguard          rc=0     3.0s  FAILURES: 0
[47/76] w112a_templateguard      rc=1     1.0s    FAILURES 1   -> experiments/w112a_templateguard.json
[48/76] w114b_selectguard        rc=0     0.0s  ✅ CLEAN — every printed literal names only WANTED or an ALLOWED stem.
[49/76] w115a_docselectguard     rc=0     0.1s  ✅ CLEAN — no human-read doc names a non-WANTED selectable file as the pick
[50/76] w117a_handcount          rc=1     0.1s  FAILURES: 1
[51/76] w122a_slotguard          rc=0     0.0s  ✅ CLEAN — slots are filled, not tiers listed; the frozen defect stays caught.
[52/76] w123b_groupguard         rc=0     1.2s  ✅ CLEAN — the residual group is labelled as one, and row 3 sells both prices
[53/76] w124b_priceunitguard     rc=0     1.2s  ✅ CLEAN — every published magnitude names the quantity it measures
[54/76] w125b_layerguard         rc=0     3.3s  ✅ CLEAN — every published price names its layer, and the ladder has no prose left in its n
[55/76] w126c_scopeguard         rc=0     0.1s  ✅ CLEAN — every SEARCH price names which search, at which layer, over how many parameters
[56/76] w127b_rateguard          rc=0     0.0s  ✅ CLEAN — every ENROLMENT price says what it is divided by, and row 7 says which layer eac
[57/76] w128b_pricedguard        rc=0     1.1s  FAILURES: 0
[58/76] w129b_optoutguard        rc=0     1.1s  FAILURES: 0
[59/76] w130b_zerobaselineguard  rc=0     1.1s  FAILURES: 0
[60/76] w131b_selfbaselineguard  rc=0     1.1s  FAILURES: 0
[61/76] w132b_significanceguard  rc=0     1.1s  FAILURES: 0
[62/76] w152a_listshape          rc=0     2.8s  FAILURES: 0
[63/76] w153a_openreadguard      rc=0     0.5s  FAILURES: 0
[64/76] w154a_authscope          rc=0     0.8s  FAILURES: 0
[65/76] w155a_poolguard          rc=0     0.1s  FAILURES: 0
[66/76] w156a_recordguard        rc=1     0.1s  FAILURES: 2
[67/76] w157a_closedguard        rc=1     0.6s  FAILURES: 1
[68/76] w158a_tscaleguard        rc=0     0.0s  FAILURES: 0
[69/76] w159a_committedguard     rc=1     0.1s  FAILURES: 1
[70/76] w160a_pushguard          rc=0     0.9s  FAILURES: 0
[71/76] w161a_driverguard        rc=1     0.2s  FAILURES: 3
[72/76] w162a_waveheader         rc=0     0.3s  FAILURES: 0
[73/76] w178a_rowclaimguard      rc=0     0.1s  FAILURES: 0
[74/76] w179a_superlativeguard   rc=1     0.1s  FAILURES: 1
[75/76] w180a_countguard         rc=0     0.7s  FAILURES: 0
[76/76] w182c_elapsedguard       rc=0     0.1s  FAILURES: 0

TOTAL 397s   59/76 green
FAILURES: w54a_vetoexpiry(rc=1)  w63b_setguard(rc=2)  w67b_slopeguard(rc=2)  w70d_chainguard(rc=1)  w72b_dayguard(rc=2)  w74b_clickstaleguard(rc=1)  w85c_slotguard(rc=1)  w87a_registrarguard(rc=2)  w92a_smokerun(rc=1)  w100a_complement(rc=2)  w112a_templateguard(rc=1)  w117a_handcount(rc=1)  w156a_recordguard(rc=1)  w157a_closedguard(rc=1)  w159a_committedguard(rc=1)  w161a_driverguard(rc=1)  w179a_superlativeguard(rc=1)
  full output: /home/nixos/all-my-repos/ai/kaggle-agents/workspace/playground-series-s6e8/experiments/w93a_fail_w54a_vetoexpiry.log
  full output: /home/nixos/all-my-repos/ai/kaggle-agents/workspace/playground-series-s6e8/experiments/w93a_fail_w63b_setguard.log
  full output: /home/nixos/all-my-repos/ai/kaggle-agents/workspace/playground-series-s6e8/experiments/w93a_fail_w67b_slopeguard.log
  full output: /home/nixos/all-my-repos/ai/kaggle-agents/workspace/playground-series-s6e8/experiments/w93a_fail_w70d_chainguard.log
  full output: /home/nixos/all-my-repos/ai/kaggle-agents/workspace/playground-series-s6e8/experiments/w93a_fail_w72b_dayguard.log
  full output: /home/nixos/all-my-repos/ai/kaggle-agents/workspace/playground-series-s6e8/experiments/w93a_fail_w74b_clickstaleguard.log
  full output: /home/nixos/all-my-repos/ai/kaggle-agents/workspace/playground-series-s6e8/experiments/w93a_fail_w85c_slotguard.log
  full output: /home/nixos/all-my-repos/ai/kaggle-agents/workspace/playground-series-s6e8/experiments/w93a_fail_w87a_registrarguard.log
  full output: /home/nixos/all-my-repos/ai/kaggle-agents/workspace/playground-series-s6e8/experiments/w93a_fail_w92a_smokerun.log
  full output: /home/nixos/all-my-repos/ai/kaggle-agents/workspace/playground-series-s6e8/experiments/w93a_fail_w100a_complement.log
  full output: /home/nixos/all-my-repos/ai/kaggle-agents/workspace/playground-series-s6e8/experiments/w93a_fail_w112a_templateguard.log
  full output: /home/nixos/all-my-repos/ai/kaggle-agents/workspace/playground-series-s6e8/experiments/w93a_fail_w117a_handcount.log
  full output: /home/nixos/all-my-repos/ai/kaggle-agents/workspace/playground-series-s6e8/experiments/w93a_fail_w156a_recordguard.log
  full output: /home/nixos/all-my-repos/ai/kaggle-agents/workspace/playground-series-s6e8/experiments/w93a_fail_w157a_closedguard.log
  full output: /home/nixos/all-my-repos/ai/kaggle-agents/workspace/playground-series-s6e8/experiments/w93a_fail_w159a_committedguard.log
  full output: /home/nixos/all-my-repos/ai/kaggle-agents/workspace/playground-series-s6e8/experiments/w93a_fail_w161a_driverguard.log
  full output: /home/nixos/all-my-repos/ai/kaggle-agents/workspace/playground-series-s6e8/experiments/w93a_fail_w179a_superlativeguard.log
