[r400] 184 cols | 72 TE_/CT_ pairs | arms ['ct1.0000', 'ct1.1000', 'ct1.3333', 'ct1.5000', 'ct2.0000', 'te', 'both']
[r400] rounds=400 seed=42 jobs=3 lam=20.0 f=0.75
[r400] fold 0: ct1.0000 0.964779  ct1.1000 0.964844  ct1.3333 0.965104  ct1.5000 0.964819  ct2.0000 0.964547  te 0.964758  both 0.965083  (324s)
[r400] fold 1: ct1.0000 0.965402  ct1.1000 0.965469  ct1.3333 0.965711  ct1.5000 0.965399  ct2.0000 0.965078  te 0.965400  both 0.965711  (560s)
[r400] fold 2: ct1.0000 0.965865  ct1.1000 0.965918  ct1.3333 0.966105  ct1.5000 0.965813  ct2.0000 0.965474  te 0.965873  both 0.966123  (1106s)
[r400] fold 3: ct1.0000 0.966191  ct1.1000 0.966255  ct1.3333 0.966442  ct1.5000 0.966150  ct2.0000 0.965827  te 0.966221  both 0.966480  (1473s)
[r400] 184 cols | 72 TE_/CT_ pairs | arms ['ct1.0000', 'ct1.1000', 'ct1.3333', 'ct1.5000', 'ct2.0000', 'te', 'both']
[r400] rounds=400 seed=42 jobs=3 lam=20.0 f=0.75
[r400] fold 0: resumed
[r400] fold 1: resumed
[r400] fold 2: resumed
[r400] fold 3: resumed
[r400] fold 4: booster loaded from disk
[r400] fold 4: ct1.0000 0.965183  ct1.1000 0.965267  ct1.3333 0.965521  ct1.5000 0.965180  ct2.0000 0.964869  te 0.965206  both 0.965552  (23s)

[r400] POOLED OOF over 691,369 rows
         arm         OOF AUC      vs ct1.0
    ct1.0000    0.9654813306      +0.00e-6
    ct1.1000    0.9655483258     +67.00e-6
    ct1.3333    0.9657751945    +293.86e-6
    ct1.5000    0.9654705777     -10.75e-6
    ct2.0000    0.9651571978    -324.13e-6
          te    0.9654885869      +7.26e-6
        both    0.9657882074    +306.88e-6
  saved w26l_r400_{oof,test}.npy  (26s)
