71 submissions on record; 0 already sent on 2026-08-19 (UTC); 10 of 10 slots left today
71 distinct filenames sent, 71 of them still on disk and fingerprinted

plan, 5 file(s):
  1. w20_ad187_logit.csv                CV 0.9700247998  pred_lb 0.971158  P(beat best) 6.26e-04
  2. blend159av_rescale.csv             CV 0.9700286702  pred_lb 0.971052  P(beat best) 0.00e+00
  3. w14a_repro159av_rescale.csv        CV 0.9700271741  pred_lb 0.971049  P(beat best) 0.00e+00
  4. blend160origm_rescale.csv          CV 0.9700270088  pred_lb 0.971049  P(beat best) 0.00e+00
  5. blend159_rescale.csv               CV 0.9700258922  pred_lb 0.971047  P(beat best) 0.00e+00

--> w20_ad187_logit.csv
issions remaining today.
Successfully submitted to Predicting Smartphone Addiction
  0%|          | 0.00/4.80M [00:00<?, ?B/s]
  2%|▏         | 96.0k/4.80M [00:00<00:09, 498kB/s]
  7%|▋         | 336k/4.80M [00:00<00:03, 1.19MB/s]
 14%|█▍        | 704k/4.80M [00:00<00:02, 1.81MB/s]
 22%|██▏       | 1.06M/4.80M [00:00<00:01, 2.38MB/s]
 32%|███▏      | 1.55M/4.80M [00:00<00:01, 3.04MB/s]
 46%|████▋     | 2.22M/4.80M [00:00<00:00, 3.93MB/s]
 62%|██████▏   | 2.95M/4.80M [00:00<00:00, 4.91MB/s]
 82%|████████▏ | 3.94M/4.80M [00:01<00:00, 6.14MB/s]
100%|██████████| 4.80M/4.80M [00:01<00:00, 3.72MB/s]

--> blend159av_rescale.csv
8 submissions remaining today.
Successfully submitted to Predicting Smartphone Addiction
  0%|          | 0.00/4.77M [00:00<?, ?B/s]
  2%|▏         | 96.0k/4.77M [00:00<00:07, 658kB/s]
  7%|▋         | 320k/4.77M [00:00<00:03, 1.22MB/s]
 14%|█▍        | 688k/4.77M [00:00<00:02, 2.13MB/s]
 29%|██▉       | 1.41M/4.77M [00:00<00:00, 3.86MB/s]
 50%|█████     | 2.39M/4.77M [00:00<00:00, 5.80MB/s]
 81%|████████  | 3.86M/4.77M [00:00<00:00, 8.60MB/s]
100%|██████████| 4.77M/4.77M [00:00<00:00, 5.08MB/s]

--> w14a_repro159av_rescale.csv
Predicting Smartphone Addiction
  0%|          | 0.00/4.77M [00:00<?, ?B/s]
  2%|▏         | 96.0k/4.77M [00:00<00:09, 526kB/s]
  5%|▍         | 224k/4.77M [00:00<00:07, 615kB/s] 
  8%|▊         | 400k/4.77M [00:00<00:04, 961kB/s]
 17%|█▋        | 816k/4.77M [00:00<00:02, 1.78MB/s]
 27%|██▋       | 1.30M/4.77M [00:00<00:01, 2.63MB/s]
 43%|████▎     | 2.03M/4.77M [00:00<00:00, 3.84MB/s]
 61%|██████    | 2.89M/4.77M [00:00<00:00, 4.96MB/s]
 73%|███████▎  | 3.50M/4.77M [00:01<00:00, 5.28MB/s]
 89%|████████▊ | 4.23M/4.77M [00:01<00:00, 5.60MB/s]
100%|██████████| 4.77M/4.77M [00:01<00:00, 3.28MB/s]

--> blend160origm_rescale.csv
redicting Smartphone Addiction
  0%|          | 0.00/4.77M [00:00<?, ?B/s]
  2%|▏         | 96.0k/4.77M [00:00<00:10, 479kB/s]
  6%|▌         | 304k/4.77M [00:00<00:04, 1.09MB/s]
 12%|█▏        | 592k/4.77M [00:00<00:02, 1.51MB/s]
 17%|█▋        | 848k/4.77M [00:00<00:02, 1.85MB/s]
 25%|██▌       | 1.20M/4.77M [00:00<00:01, 2.46MB/s]
 38%|███▊      | 1.81M/4.77M [00:00<00:00, 3.33MB/s]
 53%|█████▎    | 2.55M/4.77M [00:00<00:00, 4.29MB/s]
 73%|███████▎  | 3.47M/4.77M [00:01<00:00, 5.47MB/s]
 97%|█████████▋| 4.64M/4.77M [00:01<00:00, 6.99MB/s]
100%|██████████| 4.77M/4.77M [00:01<00:00, 3.43MB/s]

--> blend159_rescale.csv
5 submissions remaining today.
Successfully submitted to Predicting Smartphone Addiction
  0%|          | 0.00/4.77M [00:00<?, ?B/s]
  2%|▏         | 96.0k/4.77M [00:00<00:07, 662kB/s]
  8%|▊         | 368k/4.77M [00:00<00:03, 1.46MB/s]
 18%|█▊        | 880k/4.77M [00:00<00:01, 2.79MB/s]
 33%|███▎      | 1.59M/4.77M [00:00<00:00, 4.24MB/s]
 54%|█████▍    | 2.58M/4.77M [00:00<00:00, 5.87MB/s]
 81%|████████  | 3.86M/4.77M [00:00<00:00, 7.70MB/s]
100%|██████████| 4.77M/4.77M [00:01<00:00, 4.83MB/s]

confirmed from the API: 5 submissions today (was 0). 5 slots left.
  2026-08-19 14:39:51.017000  blend159_rescale.csv               
  2026-08-19 14:39:47.770000  blend160origm_rescale.csv          
  2026-08-19 14:39:44.060000  w14a_repro159av_rescale.csv        
  2026-08-19 14:39:40.323000  blend159av_rescale.csv             
  2026-08-19 14:39:37.043000  w20_ad187_logit.csv                0.97116
