188 members, dtype float32
  transform logit       27s
  hybrid: repaired 54 of 188 members
  transform hybrid     112s
  transform rankraw    113s
  transform rescale     42s
loaded in 318s
  cross-fitted stack_logit    0.970037
  wrote /home/nixos/all-my-repos/ai/kaggle-agents/workspace/playground-series-s6e8/submissions/w27_ad188std_logit.csv  rows=296,302  cross-fitted CV 0.970037
  cross-fitted stack_hybrid   0.970099
  wrote /home/nixos/all-my-repos/ai/kaggle-agents/workspace/playground-series-s6e8/submissions/w27_ad188std_hybrid.csv  rows=296,302  cross-fitted CV 0.970099
  cross-fitted stack_rankraw  0.970093
  wrote /home/nixos/all-my-repos/ai/kaggle-agents/workspace/playground-series-s6e8/submissions/w27_ad188std_rankraw.csv  rows=296,302  cross-fitted CV 0.970093
  cross-fitted stack_rescale  0.970096
  wrote /home/nixos/all-my-repos/ai/kaggle-agents/workspace/playground-series-s6e8/submissions/w27_ad188std_rescale.csv  rows=296,302  cross-fitted CV 0.970096

cross-fitted rank-ensemble of 4 transform stacks: 0.970109
  wrote /home/nixos/all-my-repos/ai/kaggle-agents/workspace/playground-series-s6e8/submissions/w27_ad188std.csv  rows=296,302  cross-fitted CV 0.970109

total 998s
  hybrid   oof AUC 0.970099
  rankraw  oof AUC 0.970093
  rescale  oof AUC 0.970096

w27_ad188std_h3: cross-fitted CV 0.970111   (w27_ad188std all-four: 0.970109)
  wrote /home/nixos/all-my-repos/ai/kaggle-agents/workspace/playground-series-s6e8/submissions/w27_ad188std_h3.csv  rows=296,302
base w27_ad188std_h3 OOF AUC 0.9701114720   (w16i's base blend159av_h3 0.9700491721, delta +62.30e-6)
  scheme glob    1 levels  sizes [691369]
  scheme a_only  2 levels  sizes [613715, 77654]
  scheme rule    7 levels  sizes [175446, 154634, 102202, 93255, 77654, 47438, 40740]
  scheme mask    5 levels  sizes [269185, 180459, 120697, 67328, 53700]
  scheme decile  8 levels  sizes [86422, 86421, 86421, 86421, 86421, 86421, 86421, 86421]
    fitted glob fold 0 {'0': np.float64(0.001)}
    fitted glob fold 1 {'0': np.float64(0.001)}
    fitted glob fold 2 {'0': np.float64(0.001)}
    fitted glob fold 3 {'0': np.float64(0.0015)}
    fitted glob fold 4 {'0': np.float64(0.001)}
  arm glob    xfit  +2.288e-6  se 3.977  t +0.58  4/5  CV 0.9701138953
    fitted a_only fold 0 {'A': np.float64(0.007), 'rest': np.float64(0.001)}
    fitted a_only fold 1 {'A': np.float64(0.0085), 'rest': np.float64(0.001)}
    fitted a_only fold 2 {'A': np.float64(0.007), 'rest': np.float64(0.001)}
    fitted a_only fold 3 {'A': np.float64(0.0055), 'rest': np.float64(0.0015)}
    fitted a_only fold 4 {'A': np.float64(0.0075), 'rest': np.float64(0.001)}
  arm a_only  xfit  +3.619e-6  se 3.335  t +1.09  4/5  CV 0.9701152798
    fitted rule fold 0 {'A social>4': np.float64(0.007), 'B soc<=4 daily>8': np.float64(0.0025), 'BAND 6<daily<=8': np.float64(0.0015), 'D soc<=4 daily<=6': np.float64(0.0), 'E soc<=4 dailyNA': np.float64(0.0), 'F socialNA': np.float64(0.0005), 'G both NA': np.float64(0.0)}
    fitted rule fold 1 {'A social>4': np.float64(0.0085), 'B soc<=4 daily>8': np.float64(0.002), 'BAND 6<daily<=8': np.float64(0.0015), 'D soc<=4 daily<=6': np.float64(0.0), 'E soc<=4 dailyNA': np.float64(0.0005), 'F socialNA': np.float64(0.0005), 'G both NA': np.float64(0.0)}
    fitted rule fold 2 {'A social>4': np.float64(0.0075), 'B soc<=4 daily>8': np.float64(0.003), 'BAND 6<daily<=8': np.float64(0.001), 'D soc<=4 daily<=6': np.float64(0.0), 'E soc<=4 dailyNA': np.float64(0.001), 'F socialNA': np.float64(0.0), 'G both NA': np.float64(0.0)}
    fitted rule fold 3 {'A social>4': np.float64(0.0055), 'B soc<=4 daily>8': np.float64(0.0025), 'BAND 6<daily<=8': np.float64(0.002), 'D soc<=4 daily<=6': np.float64(0.0005), 'E soc<=4 dailyNA': np.float64(0.0005), 'F socialNA': np.float64(0.001), 'G both NA': np.float64(0.0)}
    fitted rule fold 4 {'A social>4': np.float64(0.0075), 'B soc<=4 daily>8': np.float64(0.0025), 'BAND 6<daily<=8': np.float64(0.001), 'D soc<=4 daily<=6': np.float64(0.0), 'E soc<=4 dailyNA': np.float64(0.0015), 'F socialNA': np.float64(0.001), 'G both NA': np.float64(0.0)}
  arm rule    xfit  +5.171e-6  se 2.723  t +1.90  4/5  CV 0.9701168751
    fitted mask fold 0 {'m0': np.float64(0.0015), 'm1': np.float64(0.001), 'm2': np.float64(0.0005), 'm3': np.float64(0.0), 'm4': np.float64(0.0)}
    fitted mask fold 1 {'m0': np.float64(0.0015), 'm1': np.float64(0.0015), 'm2': np.float64(0.0005), 'm3': np.float64(0.0), 'm4': np.float64(0.0)}
    fitted mask fold 2 {'m0': np.float64(0.0015), 'm1': np.float64(0.0015), 'm2': np.float64(0.001), 'm3': np.float64(0.0), 'm4': np.float64(0.0)}
    fitted mask fold 3 {'m0': np.float64(0.002), 'm1': np.float64(0.002), 'm2': np.float64(0.0015), 'm3': np.float64(0.0), 'm4': np.float64(0.0)}
    fitted mask fold 4 {'m0': np.float64(0.001), 'm1': np.float64(0.0015), 'm2': np.float64(0.001), 'm3': np.float64(0.0), 'm4': np.float64(0.0)}
  arm mask    xfit  +3.141e-6  se 5.398  t +0.58  4/5  CV 0.9701148279
    fitted decile fold 0 {'q0': np.float64(0.0015), 'q1': np.float64(0.0005), 'q2': np.float64(0.0005), 'q3': np.float64(0.001), 'q4': np.float64(0.0055), 'q5': np.float64(0.007), 'q6': np.float64(0.0135), 'q7': np.float64(0.0)}
    fitted decile fold 1 {'q0': np.float64(0.001), 'q1': np.float64(0.0), 'q2': np.float64(0.001), 'q3': np.float64(0.0015), 'q4': np.float64(0.0045), 'q5': np.float64(0.008), 'q6': np.float64(0.0035), 'q7': np.float64(0.0)}
    fitted decile fold 2 {'q0': np.float64(0.0015), 'q1': np.float64(0.0005), 'q2': np.float64(0.001), 'q3': np.float64(0.0015), 'q4': np.float64(0.0065), 'q5': np.float64(0.008), 'q6': np.float64(0.0135), 'q7': np.float64(0.0)}
    fitted decile fold 3 {'q0': np.float64(0.0015), 'q1': np.float64(0.0005), 'q2': np.float64(0.0015), 'q3': np.float64(0.002), 'q4': np.float64(0.0065), 'q5': np.float64(0.013), 'q6': np.float64(0.0105), 'q7': np.float64(0.0)}
    fitted decile fold 4 {'q0': np.float64(0.0), 'q1': np.float64(0.0), 'q2': np.float64(0.001), 'q3': np.float64(0.0015), 'q4': np.float64(0.007), 'q5': np.float64(0.009), 'q6': np.float64(0.006), 'q7': np.float64(0.0)}
  arm decile  xfit  +3.288e-6  se 4.328  t +0.76  4/5  CV 0.9701150143

  CTRL permuted a_only  xfit  +1.934e-6  -> real minus control  +1.685e-6
  CTRL permuted rule    xfit  +0.303e-6  -> real minus control  +4.868e-6
  CTRL permuted mask    xfit  +0.996e-6  -> real minus control  +2.145e-6
  CTRL permuted decile  xfit  +2.682e-6  -> real minus control  +0.606e-6

=== leave-one-fold-out over the FIVE schemes (187 base) ===
  naive argmax arm = rule  xfit +5.171e-6
  nested picks     = ['rule', 'rule', 'rule', 'mask', 'rule']
  nested delta     = +2.292e-6  se 5.349
  SCHEME-SELECTION OPTIMISM = +2.879e-6   stability 4/5

=== averaged objects (no selection inside them) ===
  3-arm (glob+a_only+rule)     CV 0.9701164868  xfit  +4.776e-6  se 3.384  t +1.41  4/5
  5-arm (all schemes)          CV 0.9701168076  xfit  +5.117e-6  se 3.921  t +1.30  4/5
  4-arm (drop decile)          CV 0.9701164402  xfit  +4.784e-6  se 3.862  t +1.24  4/5
  4-arm (drop mask)            CV 0.9701169289  xfit  +5.195e-6  se 3.539  t +1.47  4/5

  highest cross-fitted CV: 4-arm (drop mask)  0.9701169289
  ** NOT SHIPPING THE ARGMAX. ** Shipping the pre-registered 5-arm (all schemes) (CV 0.9701168076).
  full-data weights glob    {'0': np.float64(0.001)}
  full-data weights a_only  {'A': np.float64(0.007), 'rest': np.float64(0.001)}
  full-data weights rule    {'A social>4': np.float64(0.007), 'B soc<=4 daily>8': np.float64(0.0025), 'BAND 6<daily<=8': np.float64(0.0015), 'D soc<=4 daily<=6': np.float64(0.0), 'E soc<=4 dailyNA': np.float64(0.0005), 'F socialNA': np.float64(0.0005), 'G both NA': np.float64(0.0)}
  full-data weights mask    {'m0': np.float64(0.0015), 'm1': np.float64(0.0015), 'm2': np.float64(0.001), 'm3': np.float64(0.0), 'm4': np.float64(0.0)}
  full-data weights decile  {'q0': np.float64(0.001), 'q1': np.float64(0.0005), 'q2': np.float64(0.001), 'q3': np.float64(0.0015), 'q4': np.float64(0.006), 'q5': np.float64(0.009), 'q6': np.float64(0.01), 'q7': np.float64(0.0)}

  wrote /home/nixos/all-my-repos/ai/kaggle-agents/workspace/playground-series-s6e8/submissions/w27_ad188stdcorr.csv  rows 296,302  range [3.375e-06, 1.000]  distinct 296,302
  rank-identical to an existing submission file? no
    spearman vs w27_ad188std_h3        0.9999778  rows differing 295,572
    spearman vs w16i_schemeavg         0.9996707  rows differing 296,203
    spearman vs blend159av_h3          0.9996501  rows differing 296,245
    spearman vs w16q_ens4avg           0.9995567  rows differing 296,213

=== deadline-pick arithmetic (decided in the journal, not here) ===
  w27_ad188stdcorr       CV 0.9701168076
  w27_ad188std_h3        CV 0.9701114720   (+5.336e-6)
  w16i_schemeavg         CV 0.9700556663   (+61.141e-6)

wrote experiments/w21a_w27_ad188stdcorr.json
