=== ARM standardised (M8a, the open cell) ===
188 members loaded
  hybrid: repaired 54 of 188 members
matrix (691369, 188) (59s)
column sd: min 1.813 med 4.764 max 27.575
standardised: every column now sd 1.0 -- note the optimal C moves with the scale, roughly by the square of it (4.76x here)
  n_fit=345,684  penalty per row at each C: 1->2.9e-06, 0.01->0.00029, 0.001->0.0029, 0.0003->0.0096, 0.0001->0.029, 3e-05->0.096, 1e-05->0.29, 3e-06->0.96, 1e-06->2.9
  [rep 0] C=1        0.970185 (24s)
  [rep 0] C=0.01     0.970122 (12s)
  [rep 0] C=0.001    0.969915 (11s)
  [rep 0] C=0.0003   0.969716 (10s)
  [rep 0] C=0.0001   0.969483 (7s)
  [rep 0] C=3e-05    0.969174 (6s)
  [rep 0] C=1e-05    0.968813 (3s)
  [rep 0] C=3e-06    0.968462 (3s)
  [rep 0] C=1e-06    0.968259 (3s)
  n_fit=345,684  penalty per row at each C: 1->2.9e-06, 0.01->0.00029, 0.001->0.0029, 0.0003->0.0096, 0.0001->0.029, 3e-05->0.096, 1e-05->0.29, 3e-06->0.96, 1e-06->2.9
  [rep 1] C=1        0.970352 (18s)
  [rep 1] C=0.01     0.970329 (9s)
  [rep 1] C=0.001    0.970125 (9s)
  [rep 1] C=0.0003   0.969947 (6s)
  [rep 1] C=0.0001   0.969730 (5s)
  [rep 1] C=3e-05    0.969432 (4s)
  [rep 1] C=1e-05    0.969074 (3s)
  [rep 1] C=3e-06    0.968727 (4s)
  [rep 1] C=1e-06    0.968526 (5s)
  n_fit=345,684  penalty per row at each C: 1->2.9e-06, 0.01->0.00029, 0.001->0.0029, 0.0003->0.0096, 0.0001->0.029, 3e-05->0.096, 1e-05->0.29, 3e-06->0.96, 1e-06->2.9
  [rep 2] C=1        0.970486 (16s)
  [rep 2] C=0.01     0.970440 (9s)
  [rep 2] C=0.001    0.970187 (8s)
  [rep 2] C=0.0003   0.969988 (7s)
  [rep 2] C=0.0001   0.969762 (6s)
  [rep 2] C=3e-05    0.969452 (5s)
  [rep 2] C=1e-05    0.969089 (4s)
  [rep 2] C=3e-06    0.968737 (4s)
  [rep 2] C=1e-06    0.968534 (3s)

paired 50/50, 3 splits -- vs C=1 on identical rows
         C=1  mean 0.970341  +0.000000 +/- 0.000000  [SIGN FLIPS]
      C=0.01  mean 0.970297  -0.000044 +/- 0.000020  [consistent]
     C=0.001  mean 0.970075  -0.000266 +/- 0.000036  [consistent]
    C=0.0003  mean 0.969884  -0.000457 +/- 0.000048  [consistent]
    C=0.0001  mean 0.969659  -0.000682 +/- 0.000054  [consistent]
     C=3e-05  mean 0.969353  -0.000988 +/- 0.000060  [consistent]
     C=1e-05  mean 0.968992  -0.001349 +/- 0.000063  [consistent]
     C=3e-06  mean 0.968642  -0.001699 +/- 0.000065  [consistent]
     C=1e-06  mean 0.968440  -0.001901 +/- 0.000066  [consistent]

coefficient shrinkage (rep 0 fit)
             l2    l1    wmax     wmin  nneg
1.000000   2.84    27   1.017   -0.927    80
0.010000   1.63 17.13  0.4898  -0.4193    72
0.001000  0.764 8.283  0.1923 -0.08894    58
0.000300 0.5372 5.834  0.1299 -0.04619    37
0.000100 0.4301 5.009 0.08086 -0.02511    19
0.000030 0.3649 4.559 0.04963 -0.00711     8
0.000010  0.313 4.102 0.04123 0.003192     0
0.000003 0.2491 3.359 0.03132 0.007506     0
0.000001 0.1857 2.525 0.02161 0.007799     0

total 271s

=== ARM unstandardised (M8b, transfer control) ===
matrix (691369, 188) (1s)
column sd: min 1.813 med 4.764 max 27.575
  n_fit=345,684  penalty per row at each C: 1->2.9e-06, 0.01->0.00029, 0.001->0.0029, 0.0003->0.0096, 0.0001->0.029, 3e-05->0.096, 1e-05->0.29, 3e-06->0.96, 1e-06->2.9
  [rep 0] C=1        0.970157 (54s)
  [rep 0] C=0.01     0.970165 (68s)
  [rep 0] C=0.001    0.970167 (47s)
  [rep 0] C=0.0003   0.970128 (159s)
  [rep 0] C=0.0001   0.970033 (331s)
  [rep 0] C=3e-05    0.969907 (317s)
  [rep 0] C=1e-05    0.969803 (148s)
  [rep 0] C=3e-06    0.969694 (94s)
  [rep 0] C=1e-06    0.969560 (83s)
  n_fit=345,684  penalty per row at each C: 1->2.9e-06, 0.01->0.00029, 0.001->0.0029, 0.0003->0.0096, 0.0001->0.029, 3e-05->0.096, 1e-05->0.29, 3e-06->0.96, 1e-06->2.9
  [rep 1] C=1        0.970336 (3721s)
  [rep 1] C=0.01     0.970336 (42s)
  [rep 1] C=0.001    0.970352 (24s)
  [rep 1] C=0.0003   0.970323 (31s)
  [rep 1] C=0.0001   0.970232 (23s)
  [rep 1] C=3e-05    0.970111 (13s)
  [rep 1] C=1e-05    0.970014 (8s)
  [rep 1] C=3e-06    0.969920 (7s)
  [rep 1] C=1e-06    0.969796 (4s)
  n_fit=345,684  penalty per row at each C: 1->2.9e-06, 0.01->0.00029, 0.001->0.0029, 0.0003->0.0096, 0.0001->0.029, 3e-05->0.096, 1e-05->0.29, 3e-06->0.96, 1e-06->2.9
  [rep 2] C=1        0.970466 (38s)
  [rep 2] C=0.01     0.970472 (52s)
  [rep 2] C=0.001    0.970476 (55s)
  [rep 2] C=0.0003   0.970411 (18s)
  [rep 2] C=0.0001   0.970315 (31s)
  [rep 2] C=3e-05    0.970181 (17s)
  [rep 2] C=1e-05    0.970077 (9s)
  [rep 2] C=3e-06    0.969973 (5s)
  [rep 2] C=1e-06    0.969838 (4s)

paired 50/50, 3 splits -- vs C=1 on identical rows
         C=1  mean 0.970320  +0.000000 +/- 0.000000  [SIGN FLIPS]
      C=0.01  mean 0.970325  +0.000005 +/- 0.000004  [consistent]
     C=0.001  mean 0.970331  +0.000012 +/- 0.000004  [consistent]
    C=0.0003  mean 0.970287  -0.000033 +/- 0.000021  [consistent]
    C=0.0001  mean 0.970194  -0.000126 +/- 0.000023  [consistent]
     C=3e-05  mean 0.970066  -0.000254 +/- 0.000030  [consistent]
     C=1e-05  mean 0.969965  -0.000355 +/- 0.000034  [consistent]
     C=3e-06  mean 0.969863  -0.000457 +/- 0.000039  [consistent]
     C=1e-06  mean 0.969732  -0.000588 +/- 0.000045  [consistent]

coefficient shrinkage (rep 0 fit)
              l2     l1    wmax      wmin  nneg
1.000000  0.6492   6.28  0.2068   -0.1385    85
0.010000  0.5899  5.752  0.1914   -0.1215    87
0.001000  0.4262  4.227  0.1442  -0.08978    83
0.000300  0.2876  2.929  0.0961  -0.07523    76
0.000100  0.1847  1.979  0.0529   -0.0477    73
0.000030  0.1078  1.197  0.0244  -0.01919    66
0.000010 0.07097 0.7838 0.01434  -0.00833    43
0.000003 0.05315 0.5899 0.01373 -0.005957    22
0.000001 0.04492 0.4797 0.01232 -0.002962    14

total 5407s
=== w27s both arms done ===
