=== arms 1/2 finished, starting M9 extension ===
matrix (691369, 188) (2s)
column sd: min 1.813 med 4.764 max 27.575
standardised: every column now sd 1.0 -- note the optimal C moves with the scale, roughly by the square of it (4.76x here)
  n_fit=345,684  penalty per row at each C: 1->2.9e-06, 30->9.6e-08, 10->2.9e-07, 3->9.6e-07, 0.3->9.6e-06, 0.1->2.9e-05, 0.03->9.6e-05
  [rep 0] C=1        0.970185 (10s)
  [rep 0] C=30       0.970188 (10s)
  [rep 0] C=10       0.970183 (9s)
  [rep 0] C=3        0.970185 (8s)
  [rep 0] C=0.3      0.970182 (9s)
  [rep 0] C=0.1      0.970187 (7s)
  [rep 0] C=0.03     0.970180 (7s)
  n_fit=345,684  penalty per row at each C: 1->2.9e-06, 30->9.6e-08, 10->2.9e-07, 3->9.6e-07, 0.3->9.6e-06, 0.1->2.9e-05, 0.03->9.6e-05
  [rep 1] C=1        0.970352 (9s)
  [rep 1] C=30       0.970351 (9s)
  [rep 1] C=10       0.970337 (7s)
  [rep 1] C=3        0.970356 (10s)
  [rep 1] C=0.3      0.970343 (7s)
  [rep 1] C=0.1      0.970360 (9s)
  [rep 1] C=0.03     0.970355 (7s)
  n_fit=345,684  penalty per row at each C: 1->2.9e-06, 30->9.6e-08, 10->2.9e-07, 3->9.6e-07, 0.3->9.6e-06, 0.1->2.9e-05, 0.03->9.6e-05
  [rep 2] C=1        0.970486 (9s)
  [rep 2] C=30       0.970480 (10s)
  [rep 2] C=10       0.970486 (9s)
  [rep 2] C=3        0.970487 (10s)
  [rep 2] C=0.3      0.970489 (10s)
  [rep 2] C=0.1      0.970491 (8s)
  [rep 2] C=0.03     0.970482 (8s)

paired 50/50, 3 splits -- vs C=1 on identical rows
         C=1  mean 0.970341  +0.000000 +/- 0.000000  [SIGN FLIPS]
        C=30  mean 0.970339  -0.000002 +/- 0.000005  [SIGN FLIPS]
        C=10  mean 0.970335  -0.000006 +/- 0.000008  [SIGN FLIPS]
         C=3  mean 0.970343  +0.000002 +/- 0.000002  [consistent]
       C=0.3  mean 0.970338  -0.000003 +/- 0.000006  [SIGN FLIPS]
       C=0.1  mean 0.970346  +0.000005 +/- 0.000003  [consistent]
      C=0.03  mean 0.970339  -0.000002 +/- 0.000005  [SIGN FLIPS]

coefficient shrinkage (rep 0 fit)
         l2    l1   wmax    wmin  nneg
1.00   2.84    27  1.017  -0.927    80
30.00 2.832 26.92  1.015 -0.9293    82
10.00 2.876 27.32   1.03 -0.9411    79
3.00  2.673  25.8 0.9378 -0.8633    81
0.30  2.724 26.03 0.9727 -0.8885    82
0.10  2.322 22.86 0.7933 -0.7216    78
0.03  2.178 21.55 0.7401 -0.6684    79

total 188s
=== w27s arm 3 done ===
