[qda_raw] fold 0: design (553095, 40) gamma 0.0125
[qda_raw] fold 0: AUC 0.894659 (2s)
[qda_raw] fold 1: design (553095, 40) gamma 0.0125
[qda_raw] fold 1: AUC 0.893291 (4s)
[qda_raw] fold 2: design (553095, 40) gamma 0.0125
[qda_raw] fold 2: AUC 0.894641 (7s)
[qda_raw] fold 3: design (553095, 40) gamma 0.0125
[qda_raw] fold 3: AUC 0.894707 (9s)
[qda_raw] fold 4: design (553096, 40) gamma 0.0125
[qda_raw] fold 4: AUC 0.895005 (11s)

[qda_raw] FULL OOF AUC = 0.89445944  (11s)
/home/nixos/all-my-repos/ai/kaggle-agents/workspace/playground-series-s6e8/experiments/w29a_newclass.py:208: RuntimeWarning: overflow encountered in exp
  save_preds(name, 1 / (1 + np.exp(-oof)), 1 / (1 + np.exp(-tp)),
[saved] qda_raw -> /home/nixos/all-my-repos/ai/kaggle-agents/workspace/playground-series-s6e8/data/ext_members8
[rff_raw] fold 0: design (553095, 40) gamma 0.0125
[rff_raw] fold 0: AUC 0.932039 (11s)
[rff_raw] fold 1: design (553095, 40) gamma 0.0125
[rff_raw] fold 1: AUC 0.933449 (24s)
[rff_raw] fold 2: design (553095, 40) gamma 0.0125
[rff_raw] fold 2: AUC 0.934329 (38s)
[rff_raw] fold 3: design (553095, 40) gamma 0.0125
[rff_raw] fold 3: AUC 0.934480 (50s)
[rff_raw] fold 4: design (553096, 40) gamma 0.0125
[rff_raw] fold 4: AUC 0.934271 (67s)

[rff_raw] FULL OOF AUC = 0.93370819  (68s)
[saved] rff_raw -> /home/nixos/all-my-repos/ai/kaggle-agents/workspace/playground-series-s6e8/data/ext_members8
[rff_lat] fold 0: design (553095, 184) gamma 0.001
[rff_lat] fold 0: AUC 0.960523 (20s)
[rff_lat] fold 1: design (553095, 184) gamma 0.001
[rff_lat] fold 1: AUC 0.960356 (34s)
[rff_lat] fold 2: design (553095, 184) gamma 0.001
[rff_lat] fold 2: AUC 0.961166 (52s)
[rff_lat] fold 3: design (553095, 184) gamma 0.001
[rff_lat] fold 3: AUC 0.962258 (75s)
[rff_lat] fold 4: design (553096, 184) gamma 0.001
[rff_lat] fold 4: AUC 0.959433 (89s)

[rff_lat] FULL OOF AUC = 0.96074732  (89s)
[saved] rff_lat -> /home/nixos/all-my-repos/ai/kaggle-agents/workspace/playground-series-s6e8/data/ext_members8
[poly2_raw] fold 0: design (553095, 40) gamma 0.0125
/home/nixos/all-my-repos/ai/kaggle-agents/workspace/playground-series-s6e8/.venv/lib/python3.12/site-packages/sklearn/linear_model/_logistic.py:599: ConvergenceWarning: lbfgs failed to converge after 300 iteration(s) (status=1):
STOP: TOTAL NO. OF ITERATIONS REACHED LIMIT

Increase the number of iterations to improve the convergence (max_iter=300).
You might also want to scale the data as shown in:
    https://scikit-learn.org/stable/modules/preprocessing.html
Please also refer to the documentation for alternative solver options:
    https://scikit-learn.org/stable/modules/linear_model.html#logistic-regression
  n_iter_i = _check_optimize_result(
[poly2_raw] fold 0: AUC 0.933924 (69s)
[poly2_raw] fold 1: design (553095, 40) gamma 0.0125
/home/nixos/all-my-repos/ai/kaggle-agents/workspace/playground-series-s6e8/.venv/lib/python3.12/site-packages/sklearn/linear_model/_logistic.py:599: ConvergenceWarning: lbfgs failed to converge after 300 iteration(s) (status=1):
STOP: TOTAL NO. OF ITERATIONS REACHED LIMIT

Increase the number of iterations to improve the convergence (max_iter=300).
You might also want to scale the data as shown in:
    https://scikit-learn.org/stable/modules/preprocessing.html
Please also refer to the documentation for alternative solver options:
    https://scikit-learn.org/stable/modules/linear_model.html#logistic-regression
  n_iter_i = _check_optimize_result(
[poly2_raw] fold 1: AUC 0.934609 (138s)
[poly2_raw] fold 2: design (553095, 40) gamma 0.0125
/home/nixos/all-my-repos/ai/kaggle-agents/workspace/playground-series-s6e8/.venv/lib/python3.12/site-packages/sklearn/linear_model/_logistic.py:599: ConvergenceWarning: lbfgs failed to converge after 300 iteration(s) (status=1):
STOP: TOTAL NO. OF ITERATIONS REACHED LIMIT

Increase the number of iterations to improve the convergence (max_iter=300).
You might also want to scale the data as shown in:
    https://scikit-learn.org/stable/modules/preprocessing.html
Please also refer to the documentation for alternative solver options:
    https://scikit-learn.org/stable/modules/linear_model.html#logistic-regression
  n_iter_i = _check_optimize_result(
[poly2_raw] fold 2: AUC 0.935683 (208s)
[poly2_raw] fold 3: design (553095, 40) gamma 0.0125
/home/nixos/all-my-repos/ai/kaggle-agents/workspace/playground-series-s6e8/.venv/lib/python3.12/site-packages/sklearn/linear_model/_logistic.py:599: ConvergenceWarning: lbfgs failed to converge after 300 iteration(s) (status=1):
STOP: TOTAL NO. OF ITERATIONS REACHED LIMIT

Increase the number of iterations to improve the convergence (max_iter=300).
You might also want to scale the data as shown in:
    https://scikit-learn.org/stable/modules/preprocessing.html
Please also refer to the documentation for alternative solver options:
    https://scikit-learn.org/stable/modules/linear_model.html#logistic-regression
  n_iter_i = _check_optimize_result(
[poly2_raw] fold 3: AUC 0.935768 (275s)
[poly2_raw] fold 4: design (553096, 40) gamma 0.0125
/home/nixos/all-my-repos/ai/kaggle-agents/workspace/playground-series-s6e8/.venv/lib/python3.12/site-packages/sklearn/linear_model/_logistic.py:599: ConvergenceWarning: lbfgs failed to converge after 300 iteration(s) (status=1):
STOP: TOTAL NO. OF ITERATIONS REACHED LIMIT

Increase the number of iterations to improve the convergence (max_iter=300).
You might also want to scale the data as shown in:
    https://scikit-learn.org/stable/modules/preprocessing.html
Please also refer to the documentation for alternative solver options:
    https://scikit-learn.org/stable/modules/linear_model.html#logistic-regression
  n_iter_i = _check_optimize_result(
[poly2_raw] fold 4: AUC 0.935308 (344s)

[poly2_raw] FULL OOF AUC = 0.93505686  (344s)
[poly2_raw] monotone rescale: max|z| 37.71 -> scale 0.795603
[saved] poly2_raw -> /home/nixos/all-my-repos/ai/kaggle-agents/workspace/playground-series-s6e8/data/ext_members8
=== w29a done ===

[qda_raw] FULL OOF AUC = 0.89445944  (11s)
[qda_raw] monotone rescale: max|z| 9459 -> scale 0.00317147
[saved] qda_raw -> /home/nixos/all-my-repos/ai/kaggle-agents/workspace/playground-series-s6e8/data/ext_members8
