194 members, dtype float32
  transform logit        2s
  hybrid: repaired 54 of 194 members
  transform hybrid       9s
  transform rankraw     25s
  transform rescale      6s
loaded in 45s
  cross-fitted stack_logit    0.970040
  wrote /home/nixos/all-my-repos/ai/kaggle-agents/workspace/playground-series-s6e8/submissions/w29_ad194std_logit.csv  rows=296,302  cross-fitted CV 0.970040
  cross-fitted stack_hybrid   0.970106
  wrote /home/nixos/all-my-repos/ai/kaggle-agents/workspace/playground-series-s6e8/submissions/w29_ad194std_hybrid.csv  rows=296,302  cross-fitted CV 0.970106
  cross-fitted stack_rankraw  0.970093
  wrote /home/nixos/all-my-repos/ai/kaggle-agents/workspace/playground-series-s6e8/submissions/w29_ad194std_rankraw.csv  rows=296,302  cross-fitted CV 0.970093
  cross-fitted stack_rescale  0.970098
  wrote /home/nixos/all-my-repos/ai/kaggle-agents/workspace/playground-series-s6e8/submissions/w29_ad194std_rescale.csv  rows=296,302  cross-fitted CV 0.970098

cross-fitted rank-ensemble of 4 transform stacks: 0.970112
  wrote /home/nixos/all-my-repos/ai/kaggle-agents/workspace/playground-series-s6e8/submissions/w29_ad194std.csv  rows=296,302  cross-fitted CV 0.970112

total 277s
  hybrid   oof AUC 0.970106
  rankraw  oof AUC 0.970093
  rescale  oof AUC 0.970098

w29_ad194std_h3: cross-fitted CV 0.970114   (w29_ad194std all-four: 0.970112)
  wrote /home/nixos/all-my-repos/ai/kaggle-agents/workspace/playground-series-s6e8/submissions/w29_ad194std_h3.csv  rows=296,302
base w29_ad194std_h3 OOF AUC 0.9701140064   (w16i's base blend159av_h3 0.9700491721, delta +64.83e-6)
  scheme glob    1 levels  sizes [691369]
  scheme a_only  2 levels  sizes [613715, 77654]
  scheme rule    7 levels  sizes [175446, 154634, 102202, 93255, 77654, 47438, 40740]
  scheme mask    5 levels  sizes [269185, 180459, 120697, 67328, 53700]
  scheme decile  8 levels  sizes [86422, 86421, 86421, 86421, 86421, 86421, 86421, 86421]
    fitted glob fold 0 {'0': np.float64(0.001)}
    fitted glob fold 1 {'0': np.float64(0.0005)}
    fitted glob fold 2 {'0': np.float64(0.001)}
    fitted glob fold 3 {'0': np.float64(0.0015)}
    fitted glob fold 4 {'0': np.float64(0.001)}
  arm glob    xfit  +0.848e-6  se 3.980  t +0.21  4/5  CV 0.9701148536
    fitted a_only fold 0 {'A': np.float64(0.007), 'rest': np.float64(0.0005)}
    fitted a_only fold 1 {'A': np.float64(0.008), 'rest': np.float64(0.0005)}
    fitted a_only fold 2 {'A': np.float64(0.007), 'rest': np.float64(0.001)}
    fitted a_only fold 3 {'A': np.float64(0.0055), 'rest': np.float64(0.001)}
    fitted a_only fold 4 {'A': np.float64(0.007), 'rest': np.float64(0.0005)}
  arm a_only  xfit  +2.993e-6  se 1.669  t +1.79  4/5  CV 0.9701170799
    fitted rule fold 0 {'A social>4': np.float64(0.007), 'B soc<=4 daily>8': np.float64(0.0025), 'BAND 6<daily<=8': np.float64(0.001), 'D soc<=4 daily<=6': np.float64(0.0), 'E soc<=4 dailyNA': np.float64(0.0), 'F socialNA': np.float64(0.0005), 'G both NA': np.float64(0.0)}
    fitted rule fold 1 {'A social>4': np.float64(0.008), 'B soc<=4 daily>8': np.float64(0.002), 'BAND 6<daily<=8': np.float64(0.0015), 'D soc<=4 daily<=6': np.float64(0.0), 'E soc<=4 dailyNA': np.float64(0.0005), 'F socialNA': np.float64(0.0005), 'G both NA': np.float64(0.0)}
    fitted rule fold 2 {'A social>4': np.float64(0.007), 'B soc<=4 daily>8': np.float64(0.0025), 'BAND 6<daily<=8': np.float64(0.001), 'D soc<=4 daily<=6': np.float64(0.0), 'E soc<=4 dailyNA': np.float64(0.001), 'F socialNA': np.float64(0.0005), 'G both NA': np.float64(0.0)}
    fitted rule fold 3 {'A social>4': np.float64(0.0055), 'B soc<=4 daily>8': np.float64(0.0025), 'BAND 6<daily<=8': np.float64(0.002), 'D soc<=4 daily<=6': np.float64(0.0005), 'E soc<=4 dailyNA': np.float64(0.0005), 'F socialNA': np.float64(0.001), 'G both NA': np.float64(0.0)}
    fitted rule fold 4 {'A social>4': np.float64(0.007), 'B soc<=4 daily>8': np.float64(0.002), 'BAND 6<daily<=8': np.float64(0.001), 'D soc<=4 daily<=6': np.float64(0.0), 'E soc<=4 dailyNA': np.float64(0.0015), 'F socialNA': np.float64(0.001), 'G both NA': np.float64(0.0)}
  arm rule    xfit  +4.693e-6  se 2.650  t +1.77  4/5  CV 0.9701187915
    fitted mask fold 0 {'m0': np.float64(0.0015), 'm1': np.float64(0.001), 'm2': np.float64(0.0005), 'm3': np.float64(0.0), 'm4': np.float64(0.0)}
    fitted mask fold 1 {'m0': np.float64(0.001), 'm1': np.float64(0.001), 'm2': np.float64(0.0005), 'm3': np.float64(0.0), 'm4': np.float64(0.0)}
    fitted mask fold 2 {'m0': np.float64(0.0015), 'm1': np.float64(0.001), 'm2': np.float64(0.001), 'm3': np.float64(0.0), 'm4': np.float64(0.0)}
    fitted mask fold 3 {'m0': np.float64(0.002), 'm1': np.float64(0.0015), 'm2': np.float64(0.0015), 'm3': np.float64(0.0), 'm4': np.float64(0.0)}
    fitted mask fold 4 {'m0': np.float64(0.001), 'm1': np.float64(0.0015), 'm2': np.float64(0.001), 'm3': np.float64(0.0), 'm4': np.float64(0.0)}
  arm mask    xfit  +2.045e-6  se 5.031  t +0.41  4/5  CV 0.9701160953
    fitted decile fold 0 {'q0': np.float64(0.001), 'q1': np.float64(0.0005), 'q2': np.float64(0.0005), 'q3': np.float64(0.001), 'q4': np.float64(0.0055), 'q5': np.float64(0.0055), 'q6': np.float64(0.0175), 'q7': np.float64(0.0)}
    fitted decile fold 1 {'q0': np.float64(0.0005), 'q1': np.float64(0.0), 'q2': np.float64(0.001), 'q3': np.float64(0.001), 'q4': np.float64(0.005), 'q5': np.float64(0.0065), 'q6': np.float64(0.0105), 'q7': np.float64(0.0)}
    fitted decile fold 2 {'q0': np.float64(0.001), 'q1': np.float64(0.0005), 'q2': np.float64(0.0005), 'q3': np.float64(0.0015), 'q4': np.float64(0.0065), 'q5': np.float64(0.008), 'q6': np.float64(0.015), 'q7': np.float64(0.0)}
    fitted decile fold 3 {'q0': np.float64(0.0005), 'q1': np.float64(0.0005), 'q2': np.float64(0.0015), 'q3': np.float64(0.0015), 'q4': np.float64(0.006), 'q5': np.float64(0.012), 'q6': np.float64(0.015), 'q7': np.float64(0.0)}
    fitted decile fold 4 {'q0': np.float64(0.0), 'q1': np.float64(0.0), 'q2': np.float64(0.001), 'q3': np.float64(0.001), 'q4': np.float64(0.0065), 'q5': np.float64(0.0075), 'q6': np.float64(0.0135), 'q7': np.float64(0.0)}
  arm decile  xfit  +2.931e-6  se 4.109  t +0.71  4/5  CV 0.9701171093

  CTRL permuted a_only  xfit  -0.136e-6  -> real minus control  +3.129e-6
  CTRL permuted rule    xfit  -0.269e-6  -> real minus control  +4.963e-6
  CTRL permuted mask    xfit  +0.650e-6  -> real minus control  +1.394e-6
  CTRL permuted decile  xfit  +1.728e-6  -> real minus control  +1.203e-6

=== leave-one-fold-out over the FIVE schemes (187 base) ===
  naive argmax arm = rule  xfit +4.693e-6
  nested picks     = ['rule', 'rule', 'rule', 'rule', 'rule']
  nested delta     = +4.693e-6  se 2.650
  SCHEME-SELECTION OPTIMISM = +0.000e-6   stability 5/5

=== averaged objects (no selection inside them) ===
  3-arm (glob+a_only+rule)     CV 0.9701179926  xfit  +3.979e-6  se 2.823  t +1.41  4/5
  5-arm (all schemes)          CV 0.9701182875  xfit  +4.264e-6  se 3.457  t +1.23  4/5
  4-arm (drop decile)          CV 0.9701178691  xfit  +3.831e-6  se 3.355  t +1.14  4/5
  4-arm (drop mask)            CV 0.9701185043  xfit  +4.448e-6  se 3.116  t +1.43  4/5

  highest cross-fitted CV: 4-arm (drop mask)  0.9701185043
  ** NOT SHIPPING THE ARGMAX. ** Shipping the pre-registered 5-arm (all schemes) (CV 0.9701182875).
  full-data weights glob    {'0': np.float64(0.001)}
  full-data weights a_only  {'A': np.float64(0.007), 'rest': np.float64(0.001)}
  full-data weights rule    {'A social>4': np.float64(0.007), 'B soc<=4 daily>8': np.float64(0.0025), 'BAND 6<daily<=8': np.float64(0.0015), 'D soc<=4 daily<=6': np.float64(0.0), 'E soc<=4 dailyNA': np.float64(0.0005), 'F socialNA': np.float64(0.0005), 'G both NA': np.float64(0.0)}
  full-data weights mask    {'m0': np.float64(0.0015), 'm1': np.float64(0.001), 'm2': np.float64(0.001), 'm3': np.float64(0.0), 'm4': np.float64(0.0)}
  full-data weights decile  {'q0': np.float64(0.0005), 'q1': np.float64(0.0005), 'q2': np.float64(0.001), 'q3': np.float64(0.0015), 'q4': np.float64(0.006), 'q5': np.float64(0.008), 'q6': np.float64(0.015), 'q7': np.float64(0.0)}

  wrote /home/nixos/all-my-repos/ai/kaggle-agents/workspace/playground-series-s6e8/submissions/w29_ad194stdcorr.csv  rows 296,302  range [3.375e-06, 1.000]  distinct 296,302
  rank-identical to an existing submission file? no
    spearman vs w29_ad194std_h3        0.9999750  rows differing 295,549
    spearman vs w16i_schemeavg         0.9996276  rows differing 296,202
    spearman vs blend159av_h3          0.9995971  rows differing 296,256
    spearman vs w16q_ens4avg           0.9995204  rows differing 296,222

=== deadline-pick arithmetic (decided in the journal, not here) ===
  w29_ad194stdcorr       CV 0.9701182875
  w29_ad194std_h3        CV 0.9701140064   (+4.281e-6)
  w16i_schemeavg         CV 0.9700556663   (+62.621e-6)

wrote experiments/w21a_w29_ad194stdcorr.json
=== w29c done: compare w29_ad194std_h3 against w27_ad190std_h3 0.9701133391 ===
