base w27_ad190std_h3: OOF AUC 0.9701133391
  loaded          poly2_raw  solo AUC 0.935057
  loaded            qda_raw  solo AUC 0.894459
  loaded            rff_lat  solo AUC 0.960747
  loaded            rff_raw  solo AUC 0.933708
  loaded            gmm_raw  solo AUC 0.821569
  loaded            gnb_raw  solo AUC 0.896341
  loaded            qda_lat  solo AUC 0.931180
  loaded   [control] linlat  solo AUC 0.961335
  loaded   [control] logreg  solo AUC 0.918800
  loaded [control] orig_binm  solo AUC 0.886379

seed 42: base 0.9701103192
           poly2_raw     -1.44e-6   (1s)
             qda_raw     -9.78e-6   (1s)
             rff_lat     -2.22e-6   (1s)
             rff_raw     -1.49e-6   (1s)
             gmm_raw     -5.14e-6   (1s)
             gnb_raw     -6.66e-6   (1s)
             qda_lat     -8.22e-6   (1s)
    [control] linlat     -3.61e-6   (1s)
    [control] logreg     -5.31e-6   (1s)
  [control] orig_binm     -6.50e-6   (1s)

seed 101: base 0.9701118169
           poly2_raw     -0.74e-6   (1s)
             qda_raw     -8.61e-6   (1s)
             rff_lat     -2.09e-6   (1s)
             rff_raw     -0.98e-6   (1s)
             gmm_raw     -4.95e-6   (1s)
             gnb_raw     -6.83e-6   (1s)
             qda_lat     -8.04e-6   (1s)
    [control] linlat     -3.53e-6   (1s)
    [control] logreg     -4.84e-6   (1s)
  [control] orig_binm     -7.41e-6   (1s)

seed 13: base 0.9701128412
           poly2_raw     -0.79e-6   (1s)
             qda_raw     -8.95e-6   (1s)
             rff_lat     -1.95e-6   (1s)
             rff_raw     -0.90e-6   (1s)
             gmm_raw     -5.71e-6   (1s)
             gnb_raw     -7.35e-6   (1s)
             qda_lat     -8.33e-6   (1s)
    [control] linlat     -3.51e-6   (1s)
    [control] logreg     -5.09e-6   (1s)
  [control] orig_binm     -6.31e-6   (1s)

seed 7: base 0.9701127755
           poly2_raw     -0.79e-6   (1s)
             qda_raw     -9.14e-6   (1s)
             rff_lat     -2.31e-6   (1s)
             rff_raw     -0.98e-6   (1s)
             gmm_raw     -4.94e-6   (1s)
             gnb_raw     -6.87e-6   (1s)
             qda_lat     -8.02e-6   (1s)
    [control] linlat     -3.93e-6   (1s)
    [control] logreg     -5.39e-6   (1s)
  [control] orig_binm     -7.60e-6   (1s)

== marginal value on top of the whole w27_ad190std_h3 stack, paired over 4 partitions (e-6 of AUC) ==
            member      mean      se   pos   per-seed
         poly2_raw     -0.94    0.17 0/4     -1.44   -0.74   -0.79   -0.79
           rff_raw     -1.09    0.13 0/4     -1.49   -0.98   -0.90   -0.98
           rff_lat     -2.14    0.08 0/4     -2.22   -2.09   -1.95   -2.31
  [control] linlat     -3.65    0.10 0/4     -3.61   -3.53   -3.51   -3.93
  [control] logreg     -5.16    0.12 0/4     -5.31   -4.84   -5.09   -5.39
           gmm_raw     -5.18    0.18 0/4     -5.14   -4.95   -5.71   -4.94
           gnb_raw     -6.93    0.15 0/4     -6.66   -6.83   -7.35   -6.87
[control] orig_binm     -6.96    0.32 0/4     -6.50   -7.41   -6.31   -7.60
           qda_lat     -8.15    0.08 0/4     -8.22   -8.04   -8.33   -8.02
           qda_raw     -9.12    0.25 0/4     -9.78   -8.61   -8.95   -9.14

wrote experiments/w29g_marginal.json
