base w29_ad194std_rankraw OOF AUC 0.9700930067   (w16i's base blend159av_h3 0.9700491721, delta +43.83e-6)
  scheme glob    1 levels  sizes [691369]
  scheme a_only  2 levels  sizes [613715, 77654]
  scheme rule    7 levels  sizes [175446, 154634, 102202, 93255, 77654, 47438, 40740]
  scheme mask    5 levels  sizes [269185, 180459, 120697, 67328, 53700]
  scheme decile  8 levels  sizes [86422, 86421, 86421, 86421, 86421, 86421, 86421, 86421]
    fitted glob fold 0 {'0': np.float64(0.001)}
    fitted glob fold 1 {'0': np.float64(0.001)}
    fitted glob fold 2 {'0': np.float64(0.001)}
    fitted glob fold 3 {'0': np.float64(0.0015)}
    fitted glob fold 4 {'0': np.float64(0.001)}
  arm glob    xfit  +3.468e-6  se 3.966  t +0.87  4/5  CV 0.9700966306
    fitted a_only fold 0 {'A': np.float64(0.008), 'rest': np.float64(0.001)}
    fitted a_only fold 1 {'A': np.float64(0.009), 'rest': np.float64(0.001)}
    fitted a_only fold 2 {'A': np.float64(0.008), 'rest': np.float64(0.001)}
    fitted a_only fold 3 {'A': np.float64(0.0065), 'rest': np.float64(0.0015)}
    fitted a_only fold 4 {'A': np.float64(0.008), 'rest': np.float64(0.001)}
  arm a_only  xfit  +5.426e-6  se 3.168  t +1.71  4/5  CV 0.9700986284
    fitted rule fold 0 {'A social>4': np.float64(0.008), 'B soc<=4 daily>8': np.float64(0.003), 'BAND 6<daily<=8': np.float64(0.001), 'D soc<=4 daily<=6': np.float64(0.0), 'E soc<=4 dailyNA': np.float64(0.0005), 'F socialNA': np.float64(0.001), 'G both NA': np.float64(0.0)}
    fitted rule fold 1 {'A social>4': np.float64(0.009), 'B soc<=4 daily>8': np.float64(0.0025), 'BAND 6<daily<=8': np.float64(0.0015), 'D soc<=4 daily<=6': np.float64(0.0), 'E soc<=4 dailyNA': np.float64(0.001), 'F socialNA': np.float64(0.001), 'G both NA': np.float64(0.0)}
    fitted rule fold 2 {'A social>4': np.float64(0.008), 'B soc<=4 daily>8': np.float64(0.0035), 'BAND 6<daily<=8': np.float64(0.001), 'D soc<=4 daily<=6': np.float64(0.0), 'E soc<=4 dailyNA': np.float64(0.0015), 'F socialNA': np.float64(0.0005), 'G both NA': np.float64(0.0)}
    fitted rule fold 3 {'A social>4': np.float64(0.0065), 'B soc<=4 daily>8': np.float64(0.0035), 'BAND 6<daily<=8': np.float64(0.002), 'D soc<=4 daily<=6': np.float64(0.0005), 'E soc<=4 dailyNA': np.float64(0.001), 'F socialNA': np.float64(0.001), 'G both NA': np.float64(0.0)}
    fitted rule fold 4 {'A social>4': np.float64(0.008), 'B soc<=4 daily>8': np.float64(0.003), 'BAND 6<daily<=8': np.float64(0.001), 'D soc<=4 daily<=6': np.float64(0.0), 'E soc<=4 dailyNA': np.float64(0.002), 'F socialNA': np.float64(0.0015), 'G both NA': np.float64(0.0)}
  arm rule    xfit  +7.998e-6  se 3.104  t +2.58  4/5  CV 0.9701013088
    fitted mask fold 0 {'m0': np.float64(0.0015), 'm1': np.float64(0.001), 'm2': np.float64(0.001), 'm3': np.float64(0.0), 'm4': np.float64(0.0)}
    fitted mask fold 1 {'m0': np.float64(0.001), 'm1': np.float64(0.0015), 'm2': np.float64(0.001), 'm3': np.float64(0.0), 'm4': np.float64(0.0)}
    fitted mask fold 2 {'m0': np.float64(0.0015), 'm1': np.float64(0.0015), 'm2': np.float64(0.001), 'm3': np.float64(0.0), 'm4': np.float64(0.0005)}
    fitted mask fold 3 {'m0': np.float64(0.002), 'm1': np.float64(0.002), 'm2': np.float64(0.002), 'm3': np.float64(0.0), 'm4': np.float64(0.0)}
    fitted mask fold 4 {'m0': np.float64(0.001), 'm1': np.float64(0.0015), 'm2': np.float64(0.001), 'm3': np.float64(0.0), 'm4': np.float64(0.0)}
  arm mask    xfit  +3.476e-6  se 5.854  t +0.59  4/5  CV 0.9700965158
    fitted decile fold 0 {'q0': np.float64(0.001), 'q1': np.float64(0.0005), 'q2': np.float64(0.001), 'q3': np.float64(0.0015), 'q4': np.float64(0.0065), 'q5': np.float64(0.0075), 'q6': np.float64(0.0135), 'q7': np.float64(0.0)}
    fitted decile fold 1 {'q0': np.float64(0.0), 'q1': np.float64(0.0005), 'q2': np.float64(0.001), 'q3': np.float64(0.0015), 'q4': np.float64(0.0055), 'q5': np.float64(0.008), 'q6': np.float64(0.0045), 'q7': np.float64(0.0)}
    fitted decile fold 2 {'q0': np.float64(0.001), 'q1': np.float64(0.0005), 'q2': np.float64(0.001), 'q3': np.float64(0.002), 'q4': np.float64(0.007), 'q5': np.float64(0.0085), 'q6': np.float64(0.014), 'q7': np.float64(0.0)}
    fitted decile fold 3 {'q0': np.float64(0.001), 'q1': np.float64(0.0005), 'q2': np.float64(0.0015), 'q3': np.float64(0.002), 'q4': np.float64(0.008), 'q5': np.float64(0.0125), 'q6': np.float64(0.014), 'q7': np.float64(0.0)}
    fitted decile fold 4 {'q0': np.float64(0.0), 'q1': np.float64(0.0), 'q2': np.float64(0.001), 'q3': np.float64(0.002), 'q4': np.float64(0.007), 'q5': np.float64(0.0085), 'q6': np.float64(0.009), 'q7': np.float64(0.0)}
  arm decile  xfit  +6.520e-6  se 5.191  t +1.26  4/5  CV 0.9700996550

  CTRL permuted a_only  xfit  +2.832e-6  -> real minus control  +2.594e-6
  CTRL permuted rule    xfit  +1.857e-6  -> real minus control  +6.141e-6
  CTRL permuted mask    xfit  +2.647e-6  -> real minus control  +0.829e-6
  CTRL permuted decile  xfit  +2.455e-6  -> real minus control  +4.065e-6

=== leave-one-fold-out over the FIVE schemes (187 base) ===
  naive argmax arm = rule  xfit +7.998e-6
  nested picks     = ['rule', 'rule', 'rule', 'decile', 'rule']
  nested delta     = +6.018e-6  se 4.894
  SCHEME-SELECTION OPTIMISM = +1.980e-6   stability 4/5

=== averaged objects (no selection inside them) ===
  3-arm (glob+a_only+rule)     CV 0.9701003543  xfit  +7.153e-6  se 3.392  t +2.11  4/5
  5-arm (all schemes)          CV 0.9701005596  xfit  +7.435e-6  se 4.117  t +1.81  4/5
  4-arm (drop decile)          CV 0.9700998250  xfit  +6.697e-6  se 3.919  t +1.71  4/5
  4-arm (drop mask)            CV 0.9701011769  xfit  +8.012e-6  se 3.765  t +2.13  4/5

  highest cross-fitted CV: 4-arm (drop mask)  0.9701011769
  ** NOT SHIPPING THE ARGMAX. ** Shipping the pre-registered 5-arm (all schemes) (CV 0.9701005596).
  full-data weights glob    {'0': np.float64(0.001)}
  full-data weights a_only  {'A': np.float64(0.008), 'rest': np.float64(0.001)}
  full-data weights rule    {'A social>4': np.float64(0.008), 'B soc<=4 daily>8': np.float64(0.003), 'BAND 6<daily<=8': np.float64(0.0015), 'D soc<=4 daily<=6': np.float64(0.0), 'E soc<=4 dailyNA': np.float64(0.001), 'F socialNA': np.float64(0.001), 'G both NA': np.float64(0.0)}
  full-data weights mask    {'m0': np.float64(0.0015), 'm1': np.float64(0.0015), 'm2': np.float64(0.0015), 'm3': np.float64(0.0), 'm4': np.float64(0.0)}
  full-data weights decile  {'q0': np.float64(0.0005), 'q1': np.float64(0.0005), 'q2': np.float64(0.001), 'q3': np.float64(0.002), 'q4': np.float64(0.0065), 'q5': np.float64(0.0095), 'q6': np.float64(0.0105), 'q7': np.float64(0.0)}

  wrote /home/nixos/all-my-repos/ai/kaggle-agents/workspace/playground-series-s6e8/submissions/w29_ad194stdcorr_rankraw.csv  rows 296,302  range [3.375e-06, 1.000]  distinct 296,302
  rank-identical to an existing submission file? no
    spearman vs w29_ad194std_rankraw   0.9999739  rows differing 295,378
    spearman vs w16i_schemeavg         0.9993266  rows differing 296,235
    spearman vs blend159av_h3          0.9992960  rows differing 296,233
    spearman vs w16q_ens4avg           0.9993089  rows differing 296,240

=== deadline-pick arithmetic (decided in the journal, not here) ===
  w29_ad194stdcorr_rankraw CV 0.9701005596
  w29_ad194std_rankraw   CV 0.9700930067   (+7.553e-6)
  w16i_schemeavg         CV 0.9700556663   (+44.893e-6)

wrote experiments/w21a_w29_ad194stdcorr_rankraw.json
