waiting for w34c_value to exit...
w34c clear at Thu Aug 20 04:41:50 PM UTC 2026
PREREG RULE -> ARM 199   [199 gate=4.402e-05 ok_a=True both_positive=4/5 ok_b=True]
=== w36_ad199std  extra-dirs ext_members3,ext_members4,ext_members6,ext_members7pin,ext_members8,ext_members10,ext_members11,ext_members12  Thu Aug 20 04:42:05 PM UTC 2026 ===
199 members, dtype float32
  transform logit        2s
  hybrid: repaired 54 of 199 members
  transform hybrid      10s
  transform rankraw     25s
  transform rescale      8s
loaded in 48s
  cross-fitted stack_logit    0.970057
  wrote /home/nixos/all-my-repos/ai/kaggle-agents/workspace/playground-series-s6e8/submissions/w36_ad199std_logit.csv  rows=296,302  cross-fitted CV 0.970057
  cross-fitted stack_hybrid   0.970123
  wrote /home/nixos/all-my-repos/ai/kaggle-agents/workspace/playground-series-s6e8/submissions/w36_ad199std_hybrid.csv  rows=296,302  cross-fitted CV 0.970123
  cross-fitted stack_rankraw  0.970111
  wrote /home/nixos/all-my-repos/ai/kaggle-agents/workspace/playground-series-s6e8/submissions/w36_ad199std_rankraw.csv  rows=296,302  cross-fitted CV 0.970111
  cross-fitted stack_rescale  0.970122
  wrote /home/nixos/all-my-repos/ai/kaggle-agents/workspace/playground-series-s6e8/submissions/w36_ad199std_rescale.csv  rows=296,302  cross-fitted CV 0.970122

cross-fitted rank-ensemble of 4 transform stacks: 0.970132
  wrote /home/nixos/all-my-repos/ai/kaggle-agents/workspace/playground-series-s6e8/submissions/w36_ad199std.csv  rows=296,302  cross-fitted CV 0.970132

total 195s
  hybrid   oof AUC 0.970123
  rankraw  oof AUC 0.970111
  rescale  oof AUC 0.970122

w36_ad199std_h3: cross-fitted CV 0.970135   (w36_ad199std all-four: 0.970132)
  wrote /home/nixos/all-my-repos/ai/kaggle-agents/workspace/playground-series-s6e8/submissions/w36_ad199std_h3.csv  rows=296,302
base w36_ad199std_h3 OOF AUC 0.9701354276   (w16i's base blend159av_h3 0.9700491721, delta +86.26e-6)
  scheme glob    1 levels  sizes [691369]
  scheme a_only  2 levels  sizes [613715, 77654]
  scheme rule    7 levels  sizes [175446, 154634, 102202, 93255, 77654, 47438, 40740]
  scheme mask    5 levels  sizes [269185, 180459, 120697, 67328, 53700]
  scheme decile  8 levels  sizes [86422, 86421, 86421, 86421, 86421, 86421, 86421, 86421]
    fitted glob fold 0 {'0': np.float64(0.001)}
    fitted glob fold 1 {'0': np.float64(0.0005)}
    fitted glob fold 2 {'0': np.float64(0.001)}
    fitted glob fold 3 {'0': np.float64(0.0015)}
    fitted glob fold 4 {'0': np.float64(0.001)}
  arm glob    xfit  +1.075e-6  se 4.074  t +0.26  4/5  CV 0.9701365876
    fitted a_only fold 0 {'A': np.float64(0.007), 'rest': np.float64(0.0005)}
    fitted a_only fold 1 {'A': np.float64(0.008), 'rest': np.float64(0.0005)}
    fitted a_only fold 2 {'A': np.float64(0.007), 'rest': np.float64(0.001)}
    fitted a_only fold 3 {'A': np.float64(0.0055), 'rest': np.float64(0.001)}
    fitted a_only fold 4 {'A': np.float64(0.007), 'rest': np.float64(0.0005)}
  arm a_only  xfit  +3.249e-6  se 1.841  t +1.76  4/5  CV 0.9701387709
    fitted rule fold 0 {'A social>4': np.float64(0.007), 'B soc<=4 daily>8': np.float64(0.0025), 'BAND 6<daily<=8': np.float64(0.001), 'D soc<=4 daily<=6': np.float64(0.0), 'E soc<=4 dailyNA': np.float64(0.0005), 'F socialNA': np.float64(0.0005), 'G both NA': np.float64(0.0)}
    fitted rule fold 1 {'A social>4': np.float64(0.008), 'B soc<=4 daily>8': np.float64(0.002), 'BAND 6<daily<=8': np.float64(0.0015), 'D soc<=4 daily<=6': np.float64(0.0), 'E soc<=4 dailyNA': np.float64(0.0005), 'F socialNA': np.float64(0.0005), 'G both NA': np.float64(0.0)}
    fitted rule fold 2 {'A social>4': np.float64(0.007), 'B soc<=4 daily>8': np.float64(0.0025), 'BAND 6<daily<=8': np.float64(0.001), 'D soc<=4 daily<=6': np.float64(0.0), 'E soc<=4 dailyNA': np.float64(0.001), 'F socialNA': np.float64(0.0), 'G both NA': np.float64(0.0)}
    fitted rule fold 3 {'A social>4': np.float64(0.0055), 'B soc<=4 daily>8': np.float64(0.0025), 'BAND 6<daily<=8': np.float64(0.002), 'D soc<=4 daily<=6': np.float64(0.0005), 'E soc<=4 dailyNA': np.float64(0.0005), 'F socialNA': np.float64(0.001), 'G both NA': np.float64(0.0)}
    fitted rule fold 4 {'A social>4': np.float64(0.007), 'B soc<=4 daily>8': np.float64(0.0025), 'BAND 6<daily<=8': np.float64(0.001), 'D soc<=4 daily<=6': np.float64(0.0), 'E soc<=4 dailyNA': np.float64(0.0015), 'F socialNA': np.float64(0.001), 'G both NA': np.float64(0.0)}
  arm rule    xfit  +5.154e-6  se 2.801  t +1.84  4/5  CV 0.9701407161
    fitted mask fold 0 {'m0': np.float64(0.0015), 'm1': np.float64(0.001), 'm2': np.float64(0.0005), 'm3': np.float64(0.0), 'm4': np.float64(0.0)}
    fitted mask fold 1 {'m0': np.float64(0.001), 'm1': np.float64(0.001), 'm2': np.float64(0.0005), 'm3': np.float64(0.0), 'm4': np.float64(0.0)}
    fitted mask fold 2 {'m0': np.float64(0.0015), 'm1': np.float64(0.001), 'm2': np.float64(0.001), 'm3': np.float64(0.0), 'm4': np.float64(0.0)}
    fitted mask fold 3 {'m0': np.float64(0.002), 'm1': np.float64(0.0015), 'm2': np.float64(0.0015), 'm3': np.float64(0.0), 'm4': np.float64(0.0)}
    fitted mask fold 4 {'m0': np.float64(0.001), 'm1': np.float64(0.0015), 'm2': np.float64(0.0005), 'm3': np.float64(0.0), 'm4': np.float64(0.0)}
  arm mask    xfit  +2.425e-6  se 5.132  t +0.47  4/5  CV 0.9701379326
    fitted decile fold 0 {'q0': np.float64(0.001), 'q1': np.float64(0.0005), 'q2': np.float64(0.0005), 'q3': np.float64(0.0015), 'q4': np.float64(0.0055), 'q5': np.float64(0.0045), 'q6': np.float64(0.019), 'q7': np.float64(0.0)}
    fitted decile fold 1 {'q0': np.float64(0.0005), 'q1': np.float64(0.0), 'q2': np.float64(0.001), 'q3': np.float64(0.0015), 'q4': np.float64(0.0045), 'q5': np.float64(0.0045), 'q6': np.float64(0.011), 'q7': np.float64(0.0)}
    fitted decile fold 2 {'q0': np.float64(0.001), 'q1': np.float64(0.0005), 'q2': np.float64(0.0005), 'q3': np.float64(0.0015), 'q4': np.float64(0.006), 'q5': np.float64(0.0045), 'q6': np.float64(0.0165), 'q7': np.float64(0.0)}
    fitted decile fold 3 {'q0': np.float64(0.001), 'q1': np.float64(0.0005), 'q2': np.float64(0.0015), 'q3': np.float64(0.002), 'q4': np.float64(0.006), 'q5': np.float64(0.011), 'q6': np.float64(0.018), 'q7': np.float64(0.0)}
    fitted decile fold 4 {'q0': np.float64(0.0), 'q1': np.float64(0.0), 'q2': np.float64(0.001), 'q3': np.float64(0.0015), 'q4': np.float64(0.0065), 'q5': np.float64(0.0045), 'q6': np.float64(0.0155), 'q7': np.float64(0.0)}
  arm decile  xfit  +2.619e-6  se 4.655  t +0.56  4/5  CV 0.9701382101

  CTRL permuted a_only  xfit  +1.308e-6  -> real minus control  +1.941e-6
  CTRL permuted rule    xfit  -0.366e-6  -> real minus control  +5.519e-6
  CTRL permuted mask    xfit  +0.880e-6  -> real minus control  +1.546e-6
  CTRL permuted decile  xfit  +1.838e-6  -> real minus control  +0.780e-6

=== leave-one-fold-out over the FIVE schemes (187 base) ===
  naive argmax arm = rule  xfit +5.154e-6
  nested picks     = ['rule', 'rule', 'rule', 'rule', 'rule']
  nested delta     = +5.154e-6  se 2.801
  SCHEME-SELECTION OPTIMISM = +0.000e-6   stability 5/5

=== averaged objects (no selection inside them) ===
  3-arm (glob+a_only+rule)     CV 0.9701398270  xfit  +4.369e-6  se 2.918  t +1.50  4/5
  5-arm (all schemes)          CV 0.9701400060  xfit  +4.492e-6  se 3.643  t +1.23  4/5
  4-arm (drop decile)          CV 0.9701397224  xfit  +4.269e-6  se 3.472  t +1.23  4/5
  4-arm (drop mask)            CV 0.9701401891  xfit  +4.688e-6  se 3.307  t +1.42  4/5

  highest cross-fitted CV: 4-arm (drop mask)  0.9701401891
  ** NOT SHIPPING THE ARGMAX. ** Shipping the pre-registered 5-arm (all schemes) (CV 0.9701400060).
  full-data weights glob    {'0': np.float64(0.001)}
  full-data weights a_only  {'A': np.float64(0.007), 'rest': np.float64(0.001)}
  full-data weights rule    {'A social>4': np.float64(0.007), 'B soc<=4 daily>8': np.float64(0.0025), 'BAND 6<daily<=8': np.float64(0.0015), 'D soc<=4 daily<=6': np.float64(0.0), 'E soc<=4 dailyNA': np.float64(0.0005), 'F socialNA': np.float64(0.0005), 'G both NA': np.float64(0.0)}
  full-data weights mask    {'m0': np.float64(0.0015), 'm1': np.float64(0.0015), 'm2': np.float64(0.001), 'm3': np.float64(0.0), 'm4': np.float64(0.0)}
  full-data weights decile  {'q0': np.float64(0.0005), 'q1': np.float64(0.0005), 'q2': np.float64(0.001), 'q3': np.float64(0.0015), 'q4': np.float64(0.0055), 'q5': np.float64(0.0055), 'q6': np.float64(0.0165), 'q7': np.float64(0.0)}

  wrote /home/nixos/all-my-repos/ai/kaggle-agents/workspace/playground-series-s6e8/submissions/w36_ad199stdcorr.csv  rows 296,302  range [3.375e-06, 1.000]  distinct 296,302
  rank-identical to an existing submission file? no
    spearman vs w36_ad199std_h3        0.9999747  rows differing 295,540
    spearman vs w16i_schemeavg         0.9995801  rows differing 296,232
    spearman vs blend159av_h3          0.9995510  rows differing 296,238
    spearman vs w16q_ens4avg           0.9994687  rows differing 296,221

=== deadline-pick arithmetic (decided in the journal, not here) ===
  w36_ad199stdcorr       CV 0.9701400060
  w36_ad199std_h3        CV 0.9701354276   (+4.578e-6)
  w16i_schemeavg         CV 0.9700556663   (+84.340e-6)

wrote experiments/w21a_w36_ad199stdcorr.json
=== w36b done Thu Aug 20 05:06:35 PM UTC 2026. Bars: w34_ad195std_h3 0.9701205753 / w34_ad195stdcorr 0.9701247949
    WANTED moves only above 0.9701288 (leader + the 4e-6 rebuild floor, prereg) ===
