nothing  najiama/s6e8-addiction-lb-0-97113  [s6e8-addiction-lb-0-97113.log submission.csv ]
nothing  mpwolke/nomobilephone-nomophobia-optuna-xgb  [nomobilephone-nomophobia-optuna-xgb.log ]
nothing  koushikkumardinda/robust-ensembling-target-encoding-pipeline  [robust-ensembling-target-encoding-pipeline.log submission.csv ]
CANDIDATE  tamerlanomralinov/s6e8-lookup-transformer-insights-lb-0-97041  [catboost_info oof_catboost.npy oof_lightgbm.npy oof_lookup_transformer.npy s6e8-lookup-transformer-insights-lb-0-97041.log submission_catboost.csv submission.csv submission_lightgbm.csv submission_lookup_transformer.csv test_catboost.npy test_lightgbm.npy test_lookup_transformer.npy ]
CANDIDATE  kava1/predicting-smartphone-addiction-lightgbm-fe  [oof_preds_resnet_MYSELF_95687.npy predicting-smartphone-addiction-lightgbm-fe.log submission.csv test_preds_resnet_MYSELF_95687.npy ]
CANDIDATE  omidbaghchehsaraei/hill-climbing-ensemble-for-smartphone-addiction  [hill-climbing-ensemble-for-smartphone-addiction.log oof.csv submission.csv ]
nothing  amanatar/s6e8-elite-rank-average-ensemble-0-97092  [s6e8-elite-rank-average-ensemble-0-97092.log submission.csv ]
nothing  riponce/1-public-lb-0-97068-honest-55-model-stack  [1-public-lb-0-97068-honest-55-model-stack.log fold_report.csv meta_model_scores.csv slice_report.csv submission.csv submission_global.csv submission_regime.csv ]
nothing  nikita7364777/s6e8-rank-blend-65-35  [s6e8-rank-blend-65-35.log submission.csv ]
nothing  thisray/s6e8-addiction-blend-lb-0-97117  [s6e8-addiction-blend-lb-0-97117.log submission.csv ]
nothing  sarveshchhetri/complete-eda-predicting-smartphone-addition  [complete-eda-predicting-smartphone-addition.log ]
nothing  rugvedbane/s6e8-13-fe-features-xgboost-optuna-0-96602  [s6e8-13-fe-features-xgboost-optuna-0-96602.log submission.csv ]
CANDIDATE  zhenruiweng/realmlp-for-predicting-smartphone-addiction  [oof_preds.csv realmlp-for-predicting-smartphone-addiction.log submission.csv ]
CANDIDATE  redamountassir/s6e8-histgradientboosting-lb-0-96945  [s6e8-histgradientboosting-lb-0-96945.log submission.csv tehgbc_oof_preds.csv tehgbc_test_preds.csv ]
CANDIDATE  omidbaghchehsaraei/realmlp-for-predicting-smartphone-addiction  [oof.csv realmlp-for-predicting-smartphone-addiction.log submission.csv ]
nothing  hamidrana/smartphone-addiction-prediction-ann  [smartphone-addiction-prediction-ann.log ]
CANDIDATE  zhenruiweng/s6e8-public-lb-0-97009-single-model-realmlp  [oof.csv s6e8-public-lb-0-97009-single-model-realmlp.log submission.csv test_pred.csv ]
nothing  kunaldesale2408/s6e8-smartphone-addiction  [s6e8-smartphone-addiction.log submission.csv ]
CANDIDATE  evgendvorkin/s6e8-single-lgb  [oof_preds.npy s6e8-single-lgb.log submission.csv test_preds.npy ]
nothing  avikdas567/feature-engineered-gbdt-smartphone-addiction-auc  [catboost_info feature-engineered-gbdt-smartphone-addiction-auc.log submission.csv ]
CANDIDATE  redamountassir/s6e8-lgbm-lb-0-96965  [lgbm_oof_preds.csv lgbm_test_preds.csv s6e8-lgbm-lb-0-96965.log submission.csv ]
nothing  kitopl/eda-lightgbm  [eda-lightgbm.log submission.csv ]
CANDIDATE  danushkumarv/smartphone-addiction-gbm-rank-blend-nb01  [oof_cb.npy oof_lgb.npy oof_xgb.npy pred_cb.npy pred_lgb.npy pred_xgb.npy smartphone-addiction-gbm-rank-blend-nb01.log submission.csv ]
CANDIDATE  daniilkrasnovvv/s6e8-top-5-memes  [final_solution.csv logreg_9696049_submission.csv logreg_9696061_submission.csv s6e8-top-5-memes.log ]
CANDIDATE  mikhailnaumov/smartphone-addiction-xgb  [12.png 1.png 3.png 4.png 8.png smartphone-addiction-xgb.log submission.csv ]
nothing  bhaskarmishra44796/ps-s6e8-eda-xgb-lgbm-ensemble  [ps-s6e8-eda-xgb-lgbm-ensemble.log submission.csv ]
nothing  souvikdbiswas/mobile-addiction-0-965-lgbm-xgb-ensemble  [mobile-addiction-0-965-lgbm-xgb-ensemble.log submission.csv submission_v3_optuna.csv ]
nothing  pavloivanin/predicting-smartphone-addiction-eda  [predicting-smartphone-addiction-eda.log ]
CANDIDATE  omidbaghchehsaraei/xgboost-for-predicting-smartphone-addiction  [oof.csv submission.csv xgboost-for-predicting-smartphone-addiction.log ]
nothing  mubashirulhassan00/predicting-smartphone-addiction-s6e8-auc-0-96  [catboost_info predicting-smartphone-addiction-s6e8-auc-0-96.log submission.csv ]
CANDIDATE  lucifer19/smartaddict-oof-signal-forge  [oof_predictions.csv smartaddict-oof-signal-forge.log submission.csv ]
CANDIDATE  anhadmahajan06/s6e8-u-smart-phone-addict  [1_linear_anchor.csv 2_power_rank_decay.csv 3_top3_linear_avg.csv 4_geom_mean_top5.csv 5_sharp_power_blend.csv s6e8-u-smart-phone-addict.log submission.csv ]
nothing  yajatpawar/behind-the-screen-deep-eda-lgbm-baseline  [behind-the-screen-deep-eda-lgbm-baseline.log submission.csv ]
nothing  tuannm3812/smartphone-addiction-eda  [smartphone-addiction-eda.log ]
nothing  santosh1974/s6-e8-eda  [s6-e8-eda.log ]
nothing  riyaraj9/s6e8-smartphone-addiction-prediction-ml-model  [s6e8-smartphone-addiction-prediction-ml-model.log submission.csv ]
nothing  rauffauzanrambe/s6e8-technology-addiction-lb-0-97092-prime  [s6e8-technology-addiction-lb-0-97092-prime.log submission.csv ]
nothing  hamidrana/preprocessing-dataset  [preprocessing-dataset.log ]
nothing  georgymamarin/three-of-seven-s6-boards-erased-the-public-top-ten  [three-of-seven-s6-boards-erased-the-public-top-ten.log ]
nothing  daniilkrasnovvv/s6e8-current-best-open-solution-memes-2  [s6e8-current-best-open-solution-memes-2.log submission.csv ]
nothing  shayanzk/smartphone-addiction-a-statistical-deep-dive  [smartphone-addiction-a-statistical-deep-dive.log ]
nothing  sarveshchhetri/triple-ensemble-lightgbm-xgboost-catboost  [catboost_info submission.csv triple-ensemble-lightgbm-xgboost-catboost.log ]
nothing  muhammadshoaibaltaf/predicting-smartphone-addiction-playground-s6e8  [catboost_info predicting-smartphone-addiction-playground-s6e8.log submission.csv ]
CANDIDATE  mohankrishnathalla/s6e8-xgb-tuner-oof-saver  [oof_xgb_v3.npy s6e8-xgb-tuner-oof-saver.log submission_xgb_v3.csv submission_xgb_v3_fold1.csv submission_xgb_v3_fold2.csv submission_xgb_v3_fold3.csv submission_xgb_v3_fold4.csv submission_xgb_v3_fold5.csv test_xgb_v3.npy ]
CANDIDATE  lopure/hdviz-pca-parallel-with-linear-svm  [hdviz-pca-parallel-with-linear-svm.log oof_linear_svm_gpu.csv oof_poly_svm_gpu.csv oof_rbf_svm_gpu.csv submission_linear_svm_gpu.csv submission_poly_svm_gpu.csv submission_rbf_svm_gpu.csv ]
nothing  vishal567/smartphone-addiction-signal-or-shortcut  [smartphone-addiction-signal-or-shortcut.log submission.csv ]
nothing  tracyporter/play-6-8-catboost-proba  [catboost_info play-6-8-catboost-proba.log submission.csv ]
nothing  szymonkapiski/s6e8-tabm-with-constrained-imputation  [s6e8-tabm-with-constrained-imputation.log submission.csv ]
nothing  stephentarter/ps-s06e08-lightgbm  [predictions ps-s06e08-lightgbm.log submission.csv ]
nothing  stephentarter/ps-s06e08-experiment-setup  [ps-s06e08-experiment-setup.log ps_s06e08_experiment_setup.py ]
nothing  ravi20076/playgrounds6e8-eda-v1  [playgrounds6e8-eda-v1.log ]
CANDIDATE  omidbaghchehsaraei/tabnet-for-predicting-smartphone-addiction  [oof.csv submission.csv tabnet-for-predicting-smartphone-addiction.log ]
CANDIDATE  omidbaghchehsaraei/ft-transformer-for-predicting-smartphone-addiction  [ft-transformer-for-predicting-smartphone-addiction.log oof.csv submission.csv ]
nothing  mdabdulalhasib/let-s-do-some-eda-and-deep-learning-and-blending  [let-s-do-some-eda-and-deep-learning-and-blending.log TrainingSummary ]
CANDIDATE  kodaifukuda0311/s6e8-xgb-the-power-of-exact-value-te-fe  [oof_xgb.npy pred_xgb.npy s6e8-xgb-the-power-of-exact-value-te-fe.log submission.csv ]
nothing  johnsebin97/j-s-sfa-2-2  [j-s-sfa-2-2.log submission.csv submission_damped.csv ]
nothing  zeusgod230/mobile-addiction-notebook  [mobile-addiction-notebook.log ]
nothing  yadoy666/177-member-diversity-stack-with-gpu-acceleration  [177-member-diversity-stack-with-gpu-acceleration.log submission.csv ]
nothing  szymonkapiski/s6e8-smartphone-addiction-full-solution  [s6e8-smartphone-addiction-full-solution.log submission.csv ]
CANDIDATE  stephentarter/ps-s06e08-eda  [ps-s06e08-eda.log sweetviz_addicted_intra.html sweetviz_training_profile.html sweetviz_train_test.html ]
nothing  souvikdbiswas/s6e8-stop-wasting-hours-on-optuna-score-in-minute  [catboost_info s6e8-stop-wasting-hours-on-optuna-score-in-minute.log submission.csv submission_v3_optuna.csv ]
CANDIDATE  sidhaarthshree/lightgbm-ensemble-based-on-eda  [lightgbm-ensemble-based-on-eda.log oof_test_predictions.npz submission.csv ]
nothing  rugvedbane/smartphone-addiction-prediction-complete-eda  [smartphone-addiction-prediction-complete-eda.log ]
nothing  rohit4468/ensemble-xgb-cat-lgbm-s6-e8  [catboost_info ensemble-xgb-cat-lgbm-s6-e8.log submission.csv ]
CANDIDATE  pkmisra/predicting-smartphone-addiction-lgbm-and-cb-v1  [catboost_info lightgbm_model.pkl predicting-smartphone-addiction-lgbm-and-cb-v1.log submission.csv ]
CANDIDATE  omidbaghchehsaraei/cnn-for-predicting-smartphone-addiction  [cnn-for-predicting-smartphone-addiction.log oof.csv submission.csv ]
CANDIDATE  omidbaghchehsaraei/catboost-for-predicting-smartphone-addiction  [catboost-for-predicting-smartphone-addiction.log oof.csv submission.csv ]
nothing  muhammadf4h33m/eda-fe-predicting-smartphone-addiction  [description.csv eda-fe-predicting-smartphone-addiction.log ]
nothing  mohankrishnathalla/s6e8-catboost-tuner-oof-saver  [best_cat_v4_params.json s6e8-catboost-tuner-oof-saver.log ]
nothing  mhamza0810/s6e8-single-model-fe-cv-0-96947  [s6e8-single-model-fe-cv-0-96947.log ]
CANDIDATE  lucifer19/behaviorpulse-high-signal-boosting  [ablation_results.csv behaviorpulse-high-signal-boosting.log experiment_manifest.json model_scores.csv oof_predictions.csv severity_teacher_challenger_submission.csv source_teacher_report.json submission.csv ]
nothing  kospintr/smartphone-stacked-hgbc-catb-xgb-lgbm-baseline  [catboost_info smartphone-stacked-hgbc-catb-xgb-lgbm-baseline.log submission.csv ]
nothing  gauravduttaiiitb/s6e8-autoviz  [AutoViz_Plots s6e8-autoviz.log ]
nothing  adarsh1077/s6e8-complete-walkthrough-eda-to-stacking  [s6e8-complete-walkthrough-eda-to-stacking.log submission.csv ]
nothing  yunsuxiaozi/agent-in-pss6e8-cv-0-9623  [agent-in-pss6e8-cv-0-9623.log exp01 exp02 submission submission_0.962167.csv submission_0.962328.csv ]
nothing  wellkilo/s6e8-evidence-first-soft-student-blend  [s6e8-evidence-first-soft-student-blend.log submission.csv ]
nothing  waquarahmed1/t-sne-of-data  [t-sne-of-data.log ]
nothing  tuannm3812/smartphone-addiction-baseline-modeling  [smartphone-addiction-baseline-modeling.log submission.csv ]
nothing  stpeteishii/smartphone-additcion-randomforest  [smartphone-additcion-randomforest.log submission.csv ]
nothing  stephentarter/ps-s06e08-xgboost  [predictions ps-s06e08-xgboost.log submission.csv ]
nothing  stephentarter/ps-s06e08-catboost  [predictions ps-s06e08-catboost.log submission.csv ]
CANDIDATE  sofiagilka/s6e8-eda-xgb-lgb-catboost  [avg_ensemble_submission.csv catboost_info cat_submission.csv lgb_submission.csv rank_ensemble_submission.csv s6e8-eda-xgb-lgb-catboost.log weight_ensemble_submission.csv xgb_submission.csv ]
nothing  sanjaybora143/phone-addiction-multi-models  [phone-addiction-multi-models.log submission.csv ]
CANDIDATE  sadamtorres/smartphone-addiction-bl  [catboost_info smartphone-addiction-bl.log sub_cat.csv sub_ensemble_mean.csv sub_ensemble_rank.csv sub_lgb.csv sub_xgb.csv ]
CANDIDATE  sadamtorres/predicting-smartphone-addiction-v2  [catboost_info predicting-smartphone-addiction-v2.log sub_ensemble_rank_fe2.csv sub_ensemble_weighted_fe2.csv sub_xgb_fe2.csv ]
CANDIDATE  rustambhadouriya/mobile-phone-addiction-xgboost-v1-v2  [filled_0_submissionv2.csv filled_mean_submissionv2.csv mobile-phone-addiction-xgboost-v1-v2.log ]
CANDIDATE  priyamsaha17/predicting-smartphone-addiction-v1  [blend_weights_8020.csv predicting-smartphone-addiction-v1.log submission_rank_blend_8020.csv submission_raw_blend_8020.csv validation_predictions_8020.csv ]
nothing  nikita7364777/smartphone-addiction-notebook  [smartphone-addiction-notebook.log submission.csv ]
nothing  nekkon/s6e8-a-quarter-of-the-rows-cannot-exist  [s6e8-a-quarter-of-the-rows-cannot-exist.log ]
nothing  mmalam/eda-beginner  [eda-beginner.log ]
nothing  gauravduttaiiitb/s6e8-lazypredict  [catboost_info s6e8-lazypredict.log ]
nothing  dariushafshar/lb-0-97055-vs-0-97086-the-level-2-member-trap  [lb-0-97055-vs-0-97086-the-level-2-member-trap.log submission.csv ]
nothing  dariushafshar/everything-above-0-970-is-inside-the-noise-floor  [everything-above-0-970-is-inside-the-noise-floor.log submission.csv ]
nothing  boltuzamaki/stacking-47-models-public-lb-0-97073  [stacking-47-models-public-lb-0-97073.log submission.csv ]
CANDIDATE  anhadmahajan06/s6e8-smartphone-addiction-ceiling-breaker  [2_submission_extreme_anchor.csv 3_submission_power_sharp.csv 4_submission_minmax_blend.csv s6e8-smartphone-addiction-ceiling-breaker.log submission.csv ]
nothing  vishal567/3-features-vs-everything-minimalism-lost  [3-features-vs-everything-minimalism-lost.log submission.csv ]
nothing  tahazarei/predicting-smartphone-addiction-with-lightgbm  [predicting-smartphone-addiction-with-lightgbm.log submission.csv ]
nothing  sudhanshu3112/smartphone-addiction-dashboard-visual-analys  [smartphone-addiction-dashboard-visual-analys.log ]
nothing  souvikdbiswas/s6e8-quit-wasting-4-hours-on-training-0-95-in-25  [s6e8-quit-wasting-4-hours-on-training-0-95-in-25.log submission.csv ]
nothing  shubhamphapale/from-scratch-predicting-smartphone-addiction  [from-scratch-predicting-smartphone-addiction.log submission.csv ]
nothing  rishikeshpaul/explore-smartphone-addiction-data  [explore-smartphone-addiction-data.log ]
nothing  reyhanksatria/blend-public-weights-0-97117-lb  [blend-public-weights-0-97117-lb.log submission.csv ]
nothing  ravi20076/playgrounds6e8-public-imports-v1  [myimports.py mypp.py mytunedblender.py myutils.py playgrounds6e8-public-imports-v1.log req_kaggle.txt training.py ]
CANDIDATE  omidbaghchehsaraei/resnet-for-predicting-smartphone-addiction  [oof.csv resnet-for-predicting-smartphone-addiction.log submission.csv ]
CANDIDATE  omidbaghchehsaraei/flaml-xgboost-for-predicting-smartphone-addiction  [flaml-xgboost-for-predicting-smartphone-addiction.log oof.csv submission.csv ]
nothing  odvut1/predict-phone-addiction  [predict-phone-addiction.log ]
nothing  nursrijan/predicting-smartphone-addiction-ensemble-baseline  [catboost_info predicting-smartphone-addiction-ensemble-baseline.log submission.csv ]
nothing  nurasylserikov/3-boosters-bagged-baseline-cv-0-96969  [3-boosters-bagged-baseline-cv-0-96969.log catboost_info submission.csv ]
nothing  maheshmunnuru/phone-addiciton-model-under-5-minutes  [phone-addiciton-model-under-5-minutes.log ]
nothing  animeguylrn/submissions-playground-series-s6e8  [cache ]
CANDIDATE  abdullahsafwan333/s6e8-realmlp-sap  [oof.csv s6e8-realmlp-sap.log submission.csv test_preds.csv ]
CANDIDATE  abdullahsafwan333/s6e8-catboost-sap  [oof.csv s6e8-catboost-sap.log submission.csv test_preds.csv ]
CANDIDATE  z4y4zz/baselinexgb-playgrounds6e8  [baselinexgb-playgrounds6e8.log sub2.csv ]
nothing  xuanxuan496/smartphone-addiction-feature-distribution  [smartphone-addiction-feature-distribution.log ]
nothing  torrreeesss/addiction-eda-and-pred-using-mice-fore-and-lgbm  [addiction-eda-and-pred-using-mice-fore-and-lgbm.log lgb_gbdt_best_params.pkl submission_lgbm.csv ]
nothing  tamerlanomralinov/s6e8-best-blend-from-tamerlan  [s6e8-best-blend-from-tamerlan.log submission.csv ]
nothing  szymonkapiski/s6e8-full-lattice-target-encoding-with-xgboost  [s6e8-full-lattice-target-encoding-with-xgboost.log submission.csv ]
nothing  slowlearnermack/screen-time-doesn-t-add-up-s6e8  [screen-time-doesn-t-add-up-s6e8.log submission.csv ]
nothing  sidhaarthshree/playground-s6e8-complete-eda  [playground-s6e8-complete-eda.log ]
nothing  seungjunleeofficial/s6e8-blending-notebook  [s6e8-blending-notebook.log submission.csv ]
nothing  sankalpnagineni/lgbm-xgboost-rank-blend-s6e8-baseline  [lgbm-xgboost-rank-blend-s6e8-baseline.log submission.csv ]
nothing  sa4444/predicting-smartphone-addiction-xgboost  [predicting-smartphone-addiction-xgboost.log submission.csv ]
CANDIDATE  ravi20076/playgrounds6e8-public-baseline-v2  [Mdl_Preds_MLV2_1.parquet OOF_Preds_MLV2_1.parquet playgrounds6e8-public-baseline-v2.log submission.csv xgb_optimize.log ]
CANDIDATE  ravi20076/playgrounds6e8-public-baseline-v1  [catboost_info Mdl_Preds_MLV1_1.parquet OOF_Preds_MLV1_1.parquet playgrounds6e8-public-baseline-v1.log submission.csv xgb_optimize.log ]
CANDIDATE  omidbaghchehsaraei/tabtransformer-predicting-smartphone-addiction  [oof.csv submission.csv tabtransformer-predicting-smartphone-addiction.log ]
nothing  nickkatsarelas/baseline-s6e8  [baseline-s6e8.log submission.csv ]
nothing  najiama/where-does-the-0-97101-nn-score-really-come-from  [where-does-the-0-97101-nn-score-really-come-from.log ]
nothing  mohankrishnathalla/s6e8-lgb-dart-tuner-oof-saver  [s6e8-lgb-dart-tuner-oof-saver.log ]
nothing  masakane/s6e8-eda-baseline-lightgbm  [s6e8-eda-baseline-lightgbm.log submission.csv ]
CANDIDATE  gauravduttaiiitb/s6e8-pseudo-autogluon-medium-quality  [AutogluonModels medium_quality.csv s6e8-pseudo-autogluon-medium-quality.log ]
CANDIDATE  gauravduttaiiitb/s6e8-flaml-roc-auc  [roc_auc.csv s6e8-flaml-roc-auc.log ]
CANDIDATE  gauravduttaiiitb/s6e8-autogluon-optimize-for-deployment  [AutogluonModels optimize_for_deployment.csv s6e8-autogluon-optimize-for-deployment.log ]
nothing  gauravduttaiiitb/org-s6e8-lazypredict  [catboost_info org-s6e8-lazypredict.log ]
CANDIDATE  gauravduttaiiitb/ex99-org-s6e8-fe-flaml-roc-auc  [ex99-org-s6e8-fe-flaml-roc-auc.log roc_auc.csv ]
CANDIDATE  gauravduttaiiitb/ex2-s6e8-flaml-roc-auc  [ex2-s6e8-flaml-roc-auc.log roc_auc.csv ]
nothing  ebktas/deep-eda-problematic-digital-use  [deep-eda-problematic-digital-use.log ]
nothing  ebktas/catboost-missingness-experiments-5-fold-roc-auc  [catboost-missingness-experiments-5-fold-roc-auc.log ]
nothing  dynamo14324/s6e8-smartphone-addiction-eda-lgbm-optuna  [s6e8-smartphone-addiction-eda-lgbm-optuna.log submission.csv ]
nothing  dedquoc/global-trends-ml-analysis-top-1  [global-trends-ml-analysis-top-1.log submission.csv ]
nothing  dariushafshar/the-leakage-test-that-can-t-detect-leakage  [submission.csv the-leakage-test-that-can-t-detect-leakage.log ]
nothing  chakrabhuanavdeva/smartphone-prediction-ffa-model  [smartphone-prediction-ffa-model.log submission.csv ]
CANDIDATE  busyaprime/s6e8-tabular-baseline-that-autodetects-the-task  [oof_hgb.npy oof_lgb.npy oof_xgb.npy s6e8-tabular-baseline-that-autodetects-the-task.log submission.csv test_hgb.npy test_lgb.npy test_xgb.npy ]
nothing  boltuzamaki/single-lightgbm-target-encoding-no-model-blend  [single-lightgbm-target-encoding-no-model-blend.log submission.csv ]
CANDIDATE  beicicc/s6e8-aug-6-fixed-schedule-lookup-audit  [frontier_manifest.csv s6e8-aug-6-fixed-schedule-lookup-audit.log s6e8_c23_exactcat_fixed4000_w0010_rank_20260807.csv s6e8_c24_lookup_seedavg_residual_w0010_rank_20260807.csv s6e8_c25_identity_digit_contrast_l0120_rank_20260807.csv s6e8_c26_exactcat_increment_w0075_rank_20260807.csv s6e8_c27_realmlp_seedavg_w0320_rank_20260807.csv s6e8_c28_exactcat_increment_w0150_rank_20260807.csv s6e8_c29_lookup_seed1042_minus_seed42_rho0100_rank_20260807.csv s6e8_c30_lookup_seed1042_minus_seed42_totalrho0200_rank_20260808.csv s6e8_c31_identity_digit_contrast_increment_l0180_rank_20260808.csv s6e8_c32_xgb_identity_digit_contrast_l0270_rank_20260808.csv s6e8_c33_exactcat_increment_w0190_rank_20260808.csv s6e8_c34_lookup_seed1042_minus_seed42_microgain_e0075_rank_20260808.csv s6e8_c35_xgb_minus_lgb_enh103_l0395_rank_20260808.csv s6e8_c36_rel_exact_stdnorm_equal_s00075_rank_20260808.csv s6e8_c37_catrel_prev_stdnorm_equal_s000650_rank_20260808.csv s6e8_c38_structperp_c38dir_equal_s000875_rank_20260808.csv s6e8_c39_golem_e_minus_d_perp_l01175_rank_20260808.csv s6e8_c40_dedperp_increment_d013250_rank_20260809.csv s6e8_c41_meta_perp_plateau_l03165_rank_20260809.csv submission_c21_c19_lookup_fixed24_w0010_rank.csv submission_c22_c19_lookup_fixed24_w0025_rank.csv submission_c23_c19_lookup_fixed24_w0050_rank.csv ]
CANDIDATE  anthonytherrien/s6e8-lgbm-xgb-catboost-stack  [oof.csv s6e8-lgbm-xgb-catboost-stack.log submission.csv ]
CANDIDATE  amri11/predicting-smartphone-addiction-prob  [predicting-smartphone-addiction-prob.log submission.csv test_imputed.csv train_imputed.csv ]
nothing  alexchilton/your-cv-gain-is-probably-noise  [your-cv-gain-is-probably-noise.log ]
nothing  zisanferzin/predicting-smartphone-addiction-competition-s1  [predicting-smartphone-addiction-competition-s1.log submission.csv ]
nothing  zhukovoleksiy/ps6e8-eda-feature-engineering-pipeline  [artifacts oof ps6e8-eda-feature-engineering-pipeline.log submission.csv submission_lgb02.csv ]
nothing  yusufmurtaza01/s6e8-eda  [catboost_info s6e8-eda.log submission.csv submissions ]
nothing  yarukikun/jyama  [jyama.log submission.csv ]
nothing  valentinemwai/predicting-smartphone-addiction-xgboost-model  [predicting-smartphone-addiction-xgboost-model.log submission.csv ]
nothing  tsubasacat/s6e8-smartphone-addiction-gbdt-ensemble-pipeline  [s6e8-smartphone-addiction-gbdt-ensemble-pipeline.log submission.csv ]
nothing  timofeyyyyyy/baseline-prediction-with-lightgbm-and-eda  [baseline-prediction-with-lightgbm-and-eda.log submission.csv ]
nothing  sunixliu/stacking-ensemble  [catboost_info outputs stacking-ensemble.log ]
nothing  stpeteishii/smartphone-additcion-lgbm  [smartphone-additcion-lgbm.log submission.csv ]
nothing  stephentarter/ps-s06e08-feature-engineering  [ps-s06e08-feature-engineering.log ps_s06e08_feature_engineering.py ]
nothing  stephentarter/ps-s06e08-data-visualization  [ps-s06e08-data-visualization.log ps_s06e08_data_visualization.py ]
nothing  sreekar2828/smart-phone-additcion-comp  [smart-phone-additcion-comp.log submission.csv ]
nothing  santosh1974/s6-e8-lightgbm-5fold-baseline-roc-auc  [s6-e8-lightgbm-5fold-baseline-roc-auc.log submission_lgb_baseline.csv ]
nothing  rohandsouza003/xgboost-vs-catboost-which-performs-better-play  [catboost_info submission.csv xgboost-vs-catboost-which-performs-better-play.log ]
nothing  psychocoderxd/s6e8-stop-grinding-free-0-97085-in-15-min  [s6e8-stop-grinding-free-0-97085-in-15-min.log submission_champion.csv ]
CANDIDATE  omidbaghchehsaraei/flaml-lgbm-for-predicting-smartphone-addiction  [flaml-lgbm-for-predicting-smartphone-addiction.log oof.csv submission.csv ]
nothing  nirmalpatel02/multi-seed-lgbm-fe-cv-ensemble-s6e8  [multi-seed-lgbm-fe-cv-ensemble-s6e8.log submission.csv ]
nothing  nekkon/changing-the-seed-moves-you-60-places  [changing-the-seed-moves-you-60-places.log ]
nothing  narendra2809/tps-s6e8-gpu-ensemble-eda-auc-0-965  [submission_ensemble.csv submission_final.csv tps-s6e8-gpu-ensemble-eda-auc-0-965.log ]
nothing  narendra2809/tps-s6e8-gpu-ensemble-complete-eda-auc-0-9659  [submission_final.csv tps-s6e8-gpu-ensemble-complete-eda-auc-0-9659.log ]
nothing  mohankrishnathalla/s6e8-eda-base-smartphone-addiction-auc-0-96  [s6e8-eda-base-smartphone-addiction-auc-0-96.log ]
nothing  maheshmunnuru/eda-blueprint-for-classification-problems  [eda-blueprint-for-classification-problems.log ]
nothing  lalit7881/predicting-smartphone-addiction-xgb  [predicting-smartphone-addiction-xgb.log submission.csv ]
nothing  harwindersingh766/ps-s6e8-eda  [ps-s6e8-eda.log ]
nothing  gopikrishnan2005/s6e8-cat-lgbm-xgb  [catboost_info s6e8-cat-lgbm-xgb.log submission.csv ]
EMPTY  gauravduttaiiitb/s6e8-mljar-0-96531  []
CANDIDATE  gauravduttaiiitb/s6e8-autogluon-medium-quality  [medium_quality.csv s6e8-autogluon-medium-quality.log ]
EMPTY  gauravduttaiiitb/s6e8-autogluon-good-quality  []
CANDIDATE  gauravduttaiiitb/ex99-fe-s6e8-flaml-roc-auc  [ex99-fe-s6e8-flaml-roc-auc.log roc_auc.csv ]
CANDIDATE  gauravduttaiiitb/ex1-s6e8-flaml-roc-auc-weighted  [ex1-s6e8-flaml-roc-auc-weighted.log roc_auc_weighted.csv ]
CANDIDATE  gauravduttaiiitb/ex1-s6e8-flaml-roc-auc  [ex1-s6e8-flaml-roc-auc.log roc_auc.csv ]
CANDIDATE  gauravduttaiiitb/ex1-s6e8-flaml-macro-f1  [ex1-s6e8-flaml-macro-f1.log macro_f1.csv ]
CANDIDATE  gauravduttaiiitb/ex1-s6e8-flaml-log-loss  [ex1-s6e8-flaml-log-loss.log log_loss.csv ]
CANDIDATE  gauravduttaiiitb/ex1-s6e8-flaml-ap  [ap.csv ex1-s6e8-flaml-ap.log ]
CANDIDATE  gauravduttaiiitb/ex1-s6e8-flaml-accuracy  [accuracy.csv ex1-s6e8-flaml-accuracy.log ]
nothing  dynamo14324/s6e8-ultimate-ensemble-stacking-50-models  [s6e8-ultimate-ensemble-stacking-50-models.log submission.csv ]
nothing  dynamo14324/digital-addiction-deep-eda-insights-s6e8  [digital-addiction-deep-eda-insights-s6e8.log ]
CANDIDATE  dnyaneshbharambe/addiction-lgb-xgb-cat-ensemble  [addiction-lgb-xgb-cat-ensemble.log blend_oof.npy cb_oof.npy cb_test.npy lgb_oof.npy lgb_test.npy submission.csv xgb_oof.npy xgb_test.npy ]
nothing  direcm/s6e8-top-30-diversity-stack-rank-blend  [s6e8-top-30-diversity-stack-rank-blend.log submission.csv ]
nothing  dionisiusserafs/s6e8-eda-histogram-gradient-boosting-0-95862  [s6e8-eda-histogram-gradient-boosting-0-95862.log submission.csv ]
nothing  dhananjayprajapati11/the-hidden-patterns-behind-smartphone-addiction  [the-hidden-patterns-behind-smartphone-addiction.log ]
nothing  daniilkrasnovvv/best-current-open-solution-memes-part-3  [best-current-open-solution-memes-part-3.log submission.csv ]
nothing  busyaprime/how-the-s6e8-generator-reshaped-the-rules  [how-the-s6e8-generator-reshaped-the-rules.log ]
nothing  benedictusryugunawan/s6e8-realmlp-approach  [output s6e8-realmlp-approach.log ]
nothing  anujsaha0123456789/s6e8-lgbm-xgb-catboost-blend-0-9656-lb  [s6e8-lgbm-xgb-catboost-blend-0-9656-lb.log submission.csv ]
nothing  alexchilton/four-eda-checks-that-change-what-you-model  [four-eda-checks-that-change-what-you-model.log ]
nothing  abhishekgupta56447/smartphone-addiction-prediction-roc-auc-0-96547  [smartphone-addiction-prediction-roc-auc-0-96547.log submission.csv ]
CANDIDATE  abdullahsafwan333/s6e8-xgboost-sap  [oof.csv s6e8-xgboost-sap.log submission.csv test_preds.csv ]
CANDIDATE  abdullahsafwan333/s6e8-lightgbm-sap  [oof.csv s6e8-lightgbm-sap.log submission.csv test_preds.csv ]
nothing  abdullahsafwan333/s6e8-complete-eda-insights-sap  [s6e8-complete-eda-insights-sap.log ]
CANDIDATE  abdelmoujib/0-91953-score-with-logistic-regression  [0-91953-score-with-logistic-regression.log smaprtphone_addiction_using_logistic.csv ]
CANDIDATE  ujjawalsingh10/smartphone-addiction-analysis-xgboost-optuna  [feature_engineering.json final_xgb_model.json final_xgb_parameters.json model_metadata.json smartphone-addiction-analysis-xgboost-optuna.log submission.csv ]
nothing  stpeteishii/smartphone-oof-optimized-ensemble-blending2  [smartphone-oof-optimized-ensemble-blending2.log submission.csv ]
nothing  stpeteishii/smartphone-oof-optimized-ensemble-blending  [smartphone-oof-optimized-ensemble-blending.log submission.csv ]
CANDIDATE  stephentarter/ps-s06e08-model-ensembling-stacking  [predictions ps-s06e08-model-ensembling-stacking.log submission.csv ]
nothing  raccoon2/smartphone-addiction-prediction-ensemble-stacking  [smartphone-addiction-prediction-ensemble-stacking.log ]
CANDIDATE  qwerty1234123424/simple-baseline-catboost  [simple-baseline-catboost.log sumbission.csv ]
nothing  parthsarnobat/s6e8-smart-phone-addiction-catboost  [s6e8-smart-phone-addiction-catboost.log submission.csv ]
nothing  maximolorenzoylosada/the-oof-that-passes-every-leakage-test  [the-oof-that-passes-every-leakage-test.log ]
nothing  kitopl/stacking-lb-0-969  [stacking-lb-0-969.log submission.csv ]
nothing  funnybishop/s6e8-value-lookup-catboost  [s6e8-value-lookup-catboost.log ]
nothing  dariushafshar/the-strongest-fully-reproducible-stack-lb-0-9708  [submission.csv the-strongest-fully-reproducible-stack-lb-0-9708.log ]
nothing  dariushafshar/s6e8-community-stack-lb-0-970  [s6e8-community-stack-lb-0-970.log submission.csv ]
nothing  dariushafshar/price-a-new-stack-member-vs-74-oofs-lb-0-97077  [price-a-new-stack-member-vs-74-oofs-lb-0-97077.log submission.csv ]
nothing  dariushafshar/fork-this-the-0-9708-stack-as-one-config-cell  [fork-this-the-0-9708-stack-as-one-config-cell.log submission.csv ]
nothing  dariushafshar/94-verified-oofs-honest-cv-0-96985-lb-0-97097  [94-verified-oofs-honest-cv-0-96985-lb-0-97097.log submission.csv ]
nothing  bloodygymvisitor/0-966-xgb-lgbm-ensemble-looking-for-feedback  [0-966-xgb-lgbm-ensemble-looking-for-feedback.log submission.csv ]
CANDIDATE  beicicc/s6e8-strict-realmlp-residual-audit  [realmlp_residual_anchor_audit.csv realmlp_residual_candidate_summary.csv realmlp_residual_fold_deltas.csv realmlp_residual_ignored_library_additions.csv realmlp_residual_manifest.json realmlp_residual_meta_fold_scores.csv realmlp_residual_passing_oof.csv realmlp_residual_passing_test.csv realmlp_residual_raw_meta_summary.csv realmlp_residual_source_audit.csv s6e8-strict-realmlp-residual-audit.log submission_c04_meta56_realmlp.csv submission_c04_meta57_lattice_realmlp.csv ]
nothing  abdullahsafwan333/s6e8-tabm-sap  [s6e8-tabm-sap.log ]
nothing  zananpech/smartphone-prediction-with-ensemble-models  [smartphone-prediction-with-ensemble-models.log submission.csv ]
nothing  teamaker/xgboost-feature-engineering-and-no-categoricals  [submission.csv xgboost-feature-engineering-and-no-categoricals.log ]
nothing  sergeyqt2024/lr-lgbm-oof-only  [lr-lgbm-oof-only.log submission.csv ]
nothing  sarveshchhetri/a-small-neural-net-instead-of-trees  [a-small-neural-net-instead-of-trees.log submission.csv ]
nothing  sarimr/smartphone-addiction-stacking-ensemble-auc-0-96  [smartphone-addiction-stacking-ensemble-auc-0-96.log ]
nothing  rustambhadouriya/student-health-rank-average-0-97092  [student-health-rank-average-0-97092.log submissions_h.csv ]
CANDIDATE  laymond/s6e8-predicting-phone-addiction-xgb-pipeline  [s6e8-predicting-phone-addiction-xgb-pipeline.log submission.csv xgb_seed_123_fold_0.json xgb_seed_123_fold_1.json xgb_seed_123_fold_2.json xgb_seed_123_fold_3.json xgb_seed_123_fold_4.json xgb_seed_2024_fold_0.json xgb_seed_2024_fold_1.json xgb_seed_2024_fold_2.json xgb_seed_2024_fold_3.json xgb_seed_2024_fold_4.json xgb_seed_42_fold_0.json xgb_seed_42_fold_1.json xgb_seed_42_fold_2.json xgb_seed_42_fold_3.json xgb_seed_42_fold_4.json xgb_seed_7_fold_0.json xgb_seed_7_fold_1.json xgb_seed_7_fold_2.json xgb_seed_7_fold_3.json xgb_seed_7_fold_4.json xgb_seed_999_fold_0.json xgb_seed_999_fold_1.json xgb_seed_999_fold_2.json xgb_seed_999_fold_3.json xgb_seed_999_fold_4.json ]
CANDIDATE  lavanyabacche/predicting-smartphone-addiction-catboost-fe  [oof_v12_blend.npy oof_v12_rank.npy predicting-smartphone-addiction-catboost-fe.log submission_v12.csv test_v12_blend.npy test_v12_rank.npy ]
nothing  kostya138/model-ensemble-optuna-with-kfold  [model-ensemble-optuna-with-kfold.log submission.csv ]
EMPTY  fuagra/3-models-stacking-and-eda-public-0-9635  []
nothing  dynamo14324/s6e8-grandmaster-blend-guide  [s6e8-grandmaster-blend-guide.log ]
nothing  daniilkrasnovvv/s6e8-blend-audit-and-refit  [s6e8-blend-audit-and-refit.log submission.csv ]
CANDIDATE  cdeotte/simple-xgb-starter  [feature_importance.csv fold_metrics.csv oof_predictions.csv simple-xgb-starter.log submission.csv ]
nothing  amanatar/tabm-advanced-feature-engineering-s6e8  [submission_tabm.csv tabm-advanced-feature-engineering-s6e8.log ]
CANDIDATE  abeeralzebda/predicting-smartphone-addiction-catboost  [predicting-smartphone-addiction-catboost.log results.csv ]
CANDIDATE  yashpalthakor/tabresnet-for-smartphone-addiction-prediction  [best_ft_transformer.pth submission.csv tabresnet-for-smartphone-addiction-prediction.log ]
CANDIDATE  vladstud716373618/baseline-5-fold-cv-catboost-deep-fe  [baseline-5-fold-cv-catboost-deep-fe.log oof.csv submission.csv test_pred.csv ]
nothing  vincenthwq/s6e8-ensemble  [s6e8-ensemble.log submission.csv ]
nothing  sergiobuilds/s6e8-xgb-smartphone-addiction  [feature_importance.png s6e8-xgb-smartphone-addiction.log submission.csv ]
nothing  sanyagupta31/smartphone-addiction-xgboost-baseline  [smartphone-addiction-xgboost-baseline.log ]
CANDIDATE  omidbaghchehsaraei/xgboost-v2-for-predicting-smartphone-addiction  [oof.csv submission.csv xgboost-v2-for-predicting-smartphone-addiction.log ]
CANDIDATE  miyinks/stacking-phone-addiction  [stacking-phone-addiction.log stack_submission.csv ]
nothing  kojou17/xgboost-w-feature-selection-via-mutual-information  [submission.csv xgboost-w-feature-selection-via-mutual-information.log ]
nothing  kitopl/stacking-what-a-stack-needs-is-difference  [stacking-what-a-stack-needs-is-difference.log submission.csv ]
nothing  dariushafshar/12-oof-members-survive-a-fold-and-hash-audit  [12-oof-members-survive-a-fold-and-hash-audit.log oof_integrity_report.csv ]
nothing  codingmaster24/predicting-smartphone-addiction-xgboost  [predicting-smartphone-addiction-xgboost.log submission.csv ]
nothing  chakrabhuanavdeva/smartphone-prediction-ffaxgb-model  [smartphone-prediction-ffaxgb-model.log submission.csv submission_ff.csv submission_xgb.csv ]
nothing  achilov15/blending-method  [blending-method.log submission.csv submission_mean.csv submission_median.csv submission_weighted.csv ]
SCAN DONE
