pack for the dup gate: 217 members
  ok             abdullahsafwan333_s6e8-catboost-sap          pred                   solo 0.966438 maxcorr 0.99090 -> pub_evg
  ok             abdullahsafwan333_s6e8-lightgbm-sap          pred                   solo 0.967056 maxcorr 0.99305 -> pub_evg
  WEAK           abdullahsafwan333_s6e8-realmlp-sap           pred                   solo 0.943847 maxcorr 0.97821 -> realmlp15
  ok             abdullahsafwan333_s6e8-xgboost-sap           pred                   solo 0.966875 maxcorr 0.98199 -> digit_xgb
amri11_predicting-smartphone-addiction-prob: collect failed Cannot interpret '<StringDtype(na_value=nan)>' as a data type
  NO TEST VECTOR anthonytherrien_s6e8-lgbm-xgb-catboost-stack blend                  solo 0.965631 maxcorr 0.97231 -> bolt_xgb_raw_bag
  NO TEST VECTOR anthonytherrien_s6e8-lgbm-xgb-catboost-stack model_0                solo 0.965238 maxcorr 0.99512 -> pub_ryota
  NO TEST VECTOR anthonytherrien_s6e8-lgbm-xgb-catboost-stack model_1                solo 0.965289 maxcorr 0.99515 -> pubfe_xgb
  NO TEST VECTOR anthonytherrien_s6e8-lgbm-xgb-catboost-stack model_2                solo 0.965215 maxcorr 0.99402 -> pub_ryota
  NO TEST VECTOR anthonytherrien_s6e8-lgbm-xgb-catboost-stack model_3                solo 0.965251 maxcorr 0.99488 -> bolt_xgb_raw_bag
  NO TEST VECTOR anthonytherrien_s6e8-lgbm-xgb-catboost-stack model_4                solo 0.965186 maxcorr 0.99428 -> pub_ryota
  NO TEST VECTOR anthonytherrien_s6e8-lgbm-xgb-catboost-stack model_5                solo 0.965277 maxcorr 0.99488 -> bolt_xgb_raw_bag
  ok             beicicc_s6e8-strict-realmlp-residual-audit   realmlp_residual_passi solo 0.969552 maxcorr 0.96371 -> lattri_xgb
  ok             beicicc_s6e8-strict-realmlp-residual-audit   realmlp_residual_passi solo 0.969561 maxcorr 0.96379 -> ad_gxgbcs4
  NO TEST VECTOR cdeotte_simple-xgb-starter                   ictions_oof_pred       solo 0.964812 maxcorr 0.99557 -> pubfe_xgb
  DUP            danushkumarv_smartphone-addiction-gbm-rank-b cb                     solo 0.962709 maxcorr 0.99664 -> cat_raw
  DUP            danushkumarv_smartphone-addiction-gbm-rank-b lgb                    solo 0.963954 maxcorr 0.99544 -> bei_identity_digit_raw12
  DUP            danushkumarv_smartphone-addiction-gbm-rank-b xgb                    solo 0.964466 maxcorr 0.99657 -> bei_xgb_identity_digit_raw12
  NO TEST VECTOR dnyaneshbharambe_addiction-lgb-xgb-cat-ensem blend                  solo 0.966256 maxcorr 0.99609 -> pub_cat
  DUP            dnyaneshbharambe_addiction-lgb-xgb-cat-ensem cb                     solo 0.966140 maxcorr 0.99663 -> pub_cat
  DUP            dnyaneshbharambe_addiction-lgb-xgb-cat-ensem lgb                    solo 0.963673 maxcorr 0.99798 -> pub_donlgbm
  ok             dnyaneshbharambe_addiction-lgb-xgb-cat-ensem xgb                    solo 0.963688 maxcorr 0.99347 -> pub_donlgbm
  DUP            evgendvorkin_s6e8-single-lgb                 s                      solo 0.966528 maxcorr 0.99599 -> pub_evg
  WEAK           kava1_predicting-smartphone-addiction-lightg s_resnet_myself_95687  solo 0.956873 maxcorr 0.97510 -> xgb
  ok             kodaifukuda0311_s6e8-xgb-the-power-of-exact- xgb                    solo 0.968404 maxcorr 0.99402 -> ram_lgb
  DUP            lavanyabacche_predicting-smartphone-addictio v12_blend              solo 0.963993 maxcorr 0.99561 -> pub_ryota
  ok             lavanyabacche_predicting-smartphone-addictio v12_rank               solo 0.963989 maxcorr 0.97016 -> bolt_xgb_raw_bag
  NO TEST VECTOR lopure_hdviz-pca-parallel-with-linear-svm    linear_svm_gpu_linear_ solo 0.911345 maxcorr 0.90516 -> logreg
  NO TEST VECTOR lopure_hdviz-pca-parallel-with-linear-svm    poly_svm_gpu_poly_oof_ solo 0.928795 maxcorr 0.91843 -> realmlp
  NO TEST VECTOR lopure_hdviz-pca-parallel-with-linear-svm    rbf_svm_gpu_rbf_oof_pr solo 0.922167 maxcorr 0.91155 -> realmlp
  NO TEST VECTOR lucifer19_behaviorpulse-high-signal-boosting ictions_hgb_anchor_fal solo 0.963384 maxcorr 0.99379 -> bei_raw12
  NO TEST VECTOR lucifer19_behaviorpulse-high-signal-boosting ictions_lightgbm_ancho solo 0.963407 maxcorr 0.99561 -> bei_raw12
  NO TEST VECTOR lucifer19_behaviorpulse-high-signal-boosting ictions_selected_predi solo 0.963648 maxcorr 0.99546 -> bei_raw12
  NO TEST VECTOR lucifer19_smartaddict-oof-signal-forge       ictions_oof_final      solo 0.964011 maxcorr 0.99321 -> pub_ryota
  NO TEST VECTOR lucifer19_smartaddict-oof-signal-forge       ictions_oof_lgb_contex solo 0.956349 maxcorr 0.98973 -> bolt_lgb_raw_d4
  NO TEST VECTOR lucifer19_smartaddict-oof-signal-forge       ictions_oof_lgb_full   solo 0.961674 maxcorr 0.99325 -> pub_ryota
  NO TEST VECTOR lucifer19_smartaddict-oof-signal-forge       ictions_oof_xgb_anchor solo 0.964011 maxcorr 0.99321 -> pub_ryota
  ok             mohankrishnathalla_s6e8-xgb-tuner-oof-saver  xgb_v3                 solo 0.965882 maxcorr 0.99340 -> mkt_xgb
  NO TEST VECTOR omidbaghchehsaraei_catboost-for-predicting-s pred                   solo 0.967150 maxcorr 1.00000 -> om_cat
  NO TEST VECTOR omidbaghchehsaraei_cnn-for-predicting-smartp pred                   solo 0.967706 maxcorr 0.98427 -> bei_realmlp_seed01_fixed4
  NO TEST VECTOR omidbaghchehsaraei_flaml-lgbm-for-predicting pred                   solo 0.966341 maxcorr 0.94510 -> lexb_cat_base
  NO TEST VECTOR omidbaghchehsaraei_flaml-xgboost-for-predict pred                   solo 0.967980 maxcorr 0.96250 -> bolt_xgb_dd_d4
  NO TEST VECTOR omidbaghchehsaraei_ft-transformer-for-predic pred                   solo 0.966568 maxcorr 1.00000 -> om_ftt
  NO TEST VECTOR omidbaghchehsaraei_realmlp-for-predicting-sm pred                   solo 0.968436 maxcorr 1.00000 -> pub_rmlp
  NO TEST VECTOR omidbaghchehsaraei_resnet-for-predicting-sma pred                   solo 0.966102 maxcorr 1.00000 -> pub_resnet
  NO TEST VECTOR omidbaghchehsaraei_tabnet-for-predicting-sma pred                   solo 0.967559 maxcorr 1.00000 -> pub_tabnet
  NO TEST VECTOR omidbaghchehsaraei_tabtransformer-predicting pred                   solo 0.967469 maxcorr 0.98608 -> bei_realmlp_seed01_fixed4
  NO TEST VECTOR omidbaghchehsaraei_xgboost-for-predicting-sm pred                   solo 0.966815 maxcorr 0.99309 -> naji04
  NO TEST VECTOR omidbaghchehsaraei_xgboost-v2-for-predicting pred                   solo 0.968733 maxcorr 0.98561 -> ad_gxgbd4
  NO TEST VECTOR ravi20076_playgrounds6e8-public-baseline-v1  preds_mlv1_1_cb1c      solo 0.963944 maxcorr 0.99306 -> pub_cat
  NO TEST VECTOR ravi20076_playgrounds6e8-public-baseline-v1  preds_mlv1_1_lgbm1c    solo 0.964173 maxcorr 1.00000 -> ravi_lgbm1c
  NO TEST VECTOR ravi20076_playgrounds6e8-public-baseline-v1  preds_mlv1_1_xgb1c     solo 0.964201 maxcorr 1.00000 -> ravi_xgb1c
  ok             ravi20076_playgrounds6e8-public-baseline-v2  preds_mlv2_1_realmlp1c solo 0.964668 maxcorr 0.98889 -> ravi_lgbm1c
  NO TEST VECTOR stephentarter_ps-s06e08-catboost             cb_oof_probs_prob_0    solo 0.035467 maxcorr 0.98206 -> golem_e
  NO TEST VECTOR stephentarter_ps-s06e08-catboost             cb_oof_probs_prob_1    solo 0.964533 maxcorr 0.98206 -> golem_e
  NO TEST VECTOR stephentarter_ps-s06e08-lightgbm             lgb_oof_probs_prob_0   solo 0.035686 maxcorr 0.99490 -> bei_xgb_identity_digit_raw12
  NO TEST VECTOR stephentarter_ps-s06e08-lightgbm             lgb_oof_probs_prob_1   solo 0.964314 maxcorr 0.99490 -> bei_xgb_identity_digit_raw12
  NO TEST VECTOR stephentarter_ps-s06e08-model-ensembling-sta ensemble_oof_probs_pro solo 0.035216 maxcorr 0.91926 -> bei_xgb_identity_digit_raw12
  NO TEST VECTOR stephentarter_ps-s06e08-model-ensembling-sta ensemble_oof_probs_pro solo 0.964784 maxcorr 0.91926 -> bei_xgb_identity_digit_raw12
  NO TEST VECTOR stephentarter_ps-s06e08-xgboost              xgb_oof_probs_prob_0   solo 0.035591 maxcorr 0.99508 -> bei_xgb_identity_digit_raw12
  NO TEST VECTOR stephentarter_ps-s06e08-xgboost              xgb_oof_probs_prob_1   solo 0.964409 maxcorr 0.99508 -> bei_xgb_identity_digit_raw12
  DUP            tamerlanomralinov_s6e8-lookup-transformer-in catboost               solo 0.968006 maxcorr 0.99593 -> bolt_cat_dual_view
  DUP            tamerlanomralinov_s6e8-lookup-transformer-in lightgbm               solo 0.968077 maxcorr 0.99506 -> lexb_lgb02
  ok             tamerlanomralinov_s6e8-lookup-transformer-in lookup_transformer     solo 0.968756 maxcorr 0.97661 -> bolt_lookup_v2_s42
  WEAK           vladstud716373618_baseline-5-fold-cv-catboos pred                   solo 0.499966 maxcorr 0.00202 -> bolt_fttransformer
  LABEL MISMATCH yunsuxiaozi_agent-in-pss6e8-cv-0-9623        ictions_true_label     solo 1.000000 maxcorr 0.82015 -> rmlp_lat3
  NO TEST VECTOR zhenruiweng_realmlp-for-predicting-smartphon s_oof_pred             solo 0.968138 maxcorr 0.99845 -> bei_realmlp_seed01_fixed4
  DUP            zhenruiweng_s6e8-public-lb-0-97009-single-mo pred                   solo 0.969128 maxcorr 0.99760 -> bei_realmlp_seed01_fixed4
  DUP            zhukovoleksiy_ps6e8-eda-feature-engineering- lexb_cat_base          solo 0.967987 maxcorr 1.00000 -> lexb_cat_base
  DUP            zhukovoleksiy_ps6e8-eda-feature-engineering- lexb_lgb02             solo 0.968370 maxcorr 1.00000 -> lexb_lgb02
  DUP            zhukovoleksiy_ps6e8-eda-feature-engineering- lexb_xgb_base          solo 0.967914 maxcorr 1.00000 -> lexb_xgb_base

                                                               kernel                                              stream  solo_auc  maxcorr                      nearest  has_test       g2_label        verdict
        tamerlanomralinov_s6e8-lookup-transformer-insights-lb-0-97041                                            lightgbm  0.968077 0.995064                   lexb_lgb02      True            n/a            DUP
                danushkumarv_smartphone-addiction-gbm-rank-blend-nb01                                                 lgb  0.963954 0.995438     bei_identity_digit_raw12      True            n/a            DUP
            lavanyabacche_predicting-smartphone-addiction-catboost-fe                                           v12_blend  0.963993 0.995608                    pub_ryota      True            n/a            DUP
        tamerlanomralinov_s6e8-lookup-transformer-insights-lb-0-97041                                            catboost  0.968006 0.995931           bolt_cat_dual_view      True            n/a            DUP
                                         evgendvorkin_s6e8-single-lgb                                                   s  0.966528 0.995990                      pub_evg      True            n/a            DUP
                danushkumarv_smartphone-addiction-gbm-rank-blend-nb01                                                 xgb  0.964466 0.996567 bei_xgb_identity_digit_raw12      True            n/a            DUP
                      dnyaneshbharambe_addiction-lgb-xgb-cat-ensemble                                                  cb  0.966140 0.996630                      pub_cat      True            n/a            DUP
                danushkumarv_smartphone-addiction-gbm-rank-blend-nb01                                                  cb  0.962709 0.996639                      cat_raw      True            n/a            DUP
              zhenruiweng_s6e8-public-lb-0-97009-single-model-realmlp                                                pred  0.969128 0.997597    bei_realmlp_seed01_fixed4      True             OK            DUP
                      dnyaneshbharambe_addiction-lgb-xgb-cat-ensemble                                                 lgb  0.963673 0.997977                  pub_donlgbm      True            n/a            DUP
                 zhukovoleksiy_ps6e8-eda-feature-engineering-pipeline                                       lexb_cat_base  0.967987 1.000000                lexb_cat_base      True            n/a            DUP
                 zhukovoleksiy_ps6e8-eda-feature-engineering-pipeline                                          lexb_lgb02  0.968370 1.000000                   lexb_lgb02      True            n/a            DUP
                 zhukovoleksiy_ps6e8-eda-feature-engineering-pipeline                                       lexb_xgb_base  0.967914 1.000000                lexb_xgb_base      True            n/a            DUP
                                yunsuxiaozi_agent-in-pss6e8-cv-0-9623                                  ictions_true_label  1.000000 0.820151                    rmlp_lat3     False LABEL MISMATCH LABEL MISMATCH
                            lopure_hdviz-pca-parallel-with-linear-svm                      linear_svm_gpu_linear_oof_pred  0.911345 0.905158                       logreg     False            n/a NO TEST VECTOR
                            lopure_hdviz-pca-parallel-with-linear-svm                            rbf_svm_gpu_rbf_oof_pred  0.922167 0.911553                      realmlp     False            n/a NO TEST VECTOR
                            lopure_hdviz-pca-parallel-with-linear-svm                          poly_svm_gpu_poly_oof_pred  0.928795 0.918432                      realmlp     False            n/a NO TEST VECTOR
                    stephentarter_ps-s06e08-model-ensembling-stacking                           ensemble_oof_probs_prob_0  0.035216 0.919264 bei_xgb_identity_digit_raw12     False             OK NO TEST VECTOR
                    stephentarter_ps-s06e08-model-ensembling-stacking                           ensemble_oof_probs_prob_1  0.964784 0.919264 bei_xgb_identity_digit_raw12     False             OK NO TEST VECTOR
    omidbaghchehsaraei_flaml-lgbm-for-predicting-smartphone-addiction                                                pred  0.966341 0.945099                lexb_cat_base     False             OK NO TEST VECTOR
 omidbaghchehsaraei_flaml-xgboost-for-predicting-smartphone-addiction                                                pred  0.967980 0.962500               bolt_xgb_dd_d4     False             OK NO TEST VECTOR
                         anthonytherrien_s6e8-lgbm-xgb-catboost-stack                                               blend  0.965631 0.972308             bolt_xgb_raw_bag     False             OK NO TEST VECTOR
                                     stephentarter_ps-s06e08-catboost                                 cb_oof_probs_prob_0  0.035467 0.982063                      golem_e     False             OK NO TEST VECTOR
                                     stephentarter_ps-s06e08-catboost                                 cb_oof_probs_prob_1  0.964533 0.982063                      golem_e     False             OK NO TEST VECTOR
           omidbaghchehsaraei_cnn-for-predicting-smartphone-addiction                                                pred  0.967706 0.984266    bei_realmlp_seed01_fixed4     False             OK NO TEST VECTOR
    omidbaghchehsaraei_xgboost-v2-for-predicting-smartphone-addiction                                                pred  0.968733 0.985606                    ad_gxgbd4     False             OK NO TEST VECTOR
    omidbaghchehsaraei_tabtransformer-predicting-smartphone-addiction                                                pred  0.967469 0.986077    bei_realmlp_seed01_fixed4     False             OK NO TEST VECTOR
                               lucifer19_smartaddict-oof-signal-forge                             ictions_oof_lgb_context  0.956349 0.989731              bolt_lgb_raw_d4     False             OK NO TEST VECTOR
                          ravi20076_playgrounds6e8-public-baseline-v1                                   preds_mlv1_1_cb1c  0.963944 0.993064                      pub_cat     False            n/a NO TEST VECTOR
       omidbaghchehsaraei_xgboost-for-predicting-smartphone-addiction                                                pred  0.966815 0.993086                       naji04     False             OK NO TEST VECTOR
                               lucifer19_smartaddict-oof-signal-forge                                   ictions_oof_final  0.964011 0.993206                    pub_ryota     False             OK NO TEST VECTOR
                               lucifer19_smartaddict-oof-signal-forge                              ictions_oof_xgb_anchor  0.964011 0.993206                    pub_ryota     False             OK NO TEST VECTOR
                               lucifer19_smartaddict-oof-signal-forge                                ictions_oof_lgb_full  0.961674 0.993252                    pub_ryota     False             OK NO TEST VECTOR
                         lucifer19_behaviorpulse-high-signal-boosting                         ictions_hgb_anchor_fallback  0.963384 0.993787                    bei_raw12     False             OK NO TEST VECTOR
                         anthonytherrien_s6e8-lgbm-xgb-catboost-stack                                             model_2  0.965215 0.994017                    pub_ryota     False             OK NO TEST VECTOR
                         anthonytherrien_s6e8-lgbm-xgb-catboost-stack                                             model_4  0.965186 0.994283                    pub_ryota     False             OK NO TEST VECTOR
                         anthonytherrien_s6e8-lgbm-xgb-catboost-stack                                             model_5  0.965277 0.994876             bolt_xgb_raw_bag     False             OK NO TEST VECTOR
                         anthonytherrien_s6e8-lgbm-xgb-catboost-stack                                             model_3  0.965251 0.994881             bolt_xgb_raw_bag     False             OK NO TEST VECTOR
                                     stephentarter_ps-s06e08-lightgbm                                lgb_oof_probs_prob_0  0.035686 0.994900 bei_xgb_identity_digit_raw12     False             OK NO TEST VECTOR
                                     stephentarter_ps-s06e08-lightgbm                                lgb_oof_probs_prob_1  0.964314 0.994900 bei_xgb_identity_digit_raw12     False             OK NO TEST VECTOR
                                      stephentarter_ps-s06e08-xgboost                                xgb_oof_probs_prob_0  0.035591 0.995077 bei_xgb_identity_digit_raw12     False             OK NO TEST VECTOR
                                      stephentarter_ps-s06e08-xgboost                                xgb_oof_probs_prob_1  0.964409 0.995077 bei_xgb_identity_digit_raw12     False             OK NO TEST VECTOR
                         anthonytherrien_s6e8-lgbm-xgb-catboost-stack                                             model_0  0.965238 0.995120                    pub_ryota     False             OK NO TEST VECTOR
                         anthonytherrien_s6e8-lgbm-xgb-catboost-stack                                             model_1  0.965289 0.995152                    pubfe_xgb     False             OK NO TEST VECTOR
                         lucifer19_behaviorpulse-high-signal-boosting                         ictions_selected_prediction  0.963648 0.995459                    bei_raw12     False             OK NO TEST VECTOR
                                           cdeotte_simple-xgb-starter                                    ictions_oof_pred  0.964812 0.995571                    pubfe_xgb     False             OK NO TEST VECTOR
                         lucifer19_behaviorpulse-high-signal-boosting                    ictions_lightgbm_anchor_fallback  0.963407 0.995611                    bei_raw12     False             OK NO TEST VECTOR
                      dnyaneshbharambe_addiction-lgb-xgb-cat-ensemble                                               blend  0.966256 0.996092                      pub_cat     False            n/a NO TEST VECTOR
              zhenruiweng_realmlp-for-predicting-smartphone-addiction                                          s_oof_pred  0.968138 0.998450    bei_realmlp_seed01_fixed4     False             OK NO TEST VECTOR
      omidbaghchehsaraei_catboost-for-predicting-smartphone-addiction                                                pred  0.967150 1.000000                       om_cat     False             OK NO TEST VECTOR
omidbaghchehsaraei_ft-transformer-for-predicting-smartphone-addiction                                                pred  0.966568 1.000000                       om_ftt     False             OK NO TEST VECTOR
       omidbaghchehsaraei_realmlp-for-predicting-smartphone-addiction                                                pred  0.968436 1.000000                     pub_rmlp     False             OK NO TEST VECTOR
        omidbaghchehsaraei_resnet-for-predicting-smartphone-addiction                                                pred  0.966102 1.000000                   pub_resnet     False             OK NO TEST VECTOR
        omidbaghchehsaraei_tabnet-for-predicting-smartphone-addiction                                                pred  0.967559 1.000000                   pub_tabnet     False             OK NO TEST VECTOR
                          ravi20076_playgrounds6e8-public-baseline-v1                                 preds_mlv1_1_lgbm1c  0.964173 1.000000                  ravi_lgbm1c     False            n/a NO TEST VECTOR
                          ravi20076_playgrounds6e8-public-baseline-v1                                  preds_mlv1_1_xgb1c  0.964201 1.000000                   ravi_xgb1c     False            n/a NO TEST VECTOR
                vladstud716373618_baseline-5-fold-cv-catboost-deep-fe                                                pred  0.499966 0.002022           bolt_fttransformer      True             OK           WEAK
                    kava1_predicting-smartphone-addiction-lightgbm-fe                               s_resnet_myself_95687  0.956873 0.975105                          xgb      True            n/a           WEAK
                                   abdullahsafwan333_s6e8-realmlp-sap                                                pred  0.943847 0.978206                    realmlp15      True             OK           WEAK
                           beicicc_s6e8-strict-realmlp-residual-audit         realmlp_residual_passing_c04_meta56_realmlp  0.969552 0.963708                   lattri_xgb      True             OK             ok
                           beicicc_s6e8-strict-realmlp-residual-audit realmlp_residual_passing_c04_meta57_lattice_realmlp  0.969561 0.963788                   ad_gxgbcs4      True             OK             ok
            lavanyabacche_predicting-smartphone-addiction-catboost-fe                                            v12_rank  0.963989 0.970160             bolt_xgb_raw_bag      True            n/a             ok
        tamerlanomralinov_s6e8-lookup-transformer-insights-lb-0-97041                                  lookup_transformer  0.968756 0.976615           bolt_lookup_v2_s42      True            n/a             ok
                                   abdullahsafwan333_s6e8-xgboost-sap                                                pred  0.966875 0.981987                    digit_xgb      True             OK             ok
                          ravi20076_playgrounds6e8-public-baseline-v2                              preds_mlv2_1_realmlp1c  0.964668 0.988888                  ravi_lgbm1c      True            n/a             ok
                                  abdullahsafwan333_s6e8-catboost-sap                                                pred  0.966438 0.990898                      pub_evg      True             OK             ok
                                  abdullahsafwan333_s6e8-lightgbm-sap                                                pred  0.967056 0.993054                      pub_evg      True             OK             ok
                          mohankrishnathalla_s6e8-xgb-tuner-oof-saver                                              xgb_v3  0.965882 0.993401                      mkt_xgb      True            n/a             ok
                      dnyaneshbharambe_addiction-lgb-xgb-cat-ensemble                                                 xgb  0.963688 0.993475                  pub_donlgbm      True            n/a             ok
              kodaifukuda0311_s6e8-xgb-the-power-of-exact-value-te-fe                                                 xgb  0.968404 0.994018                      ram_lgb      True            n/a             ok

SURVIVORS (verdict ok):
                                                       kernel                                              stream  solo_auc  maxcorr            nearest  has_test g2_label verdict
                   beicicc_s6e8-strict-realmlp-residual-audit         realmlp_residual_passing_c04_meta56_realmlp  0.969552 0.963708         lattri_xgb      True       OK      ok
                   beicicc_s6e8-strict-realmlp-residual-audit realmlp_residual_passing_c04_meta57_lattice_realmlp  0.969561 0.963788         ad_gxgbcs4      True       OK      ok
    lavanyabacche_predicting-smartphone-addiction-catboost-fe                                            v12_rank  0.963989 0.970160   bolt_xgb_raw_bag      True      n/a      ok
tamerlanomralinov_s6e8-lookup-transformer-insights-lb-0-97041                                  lookup_transformer  0.968756 0.976615 bolt_lookup_v2_s42      True      n/a      ok
                           abdullahsafwan333_s6e8-xgboost-sap                                                pred  0.966875 0.981987          digit_xgb      True       OK      ok
                  ravi20076_playgrounds6e8-public-baseline-v2                              preds_mlv2_1_realmlp1c  0.964668 0.988888        ravi_lgbm1c      True      n/a      ok
                          abdullahsafwan333_s6e8-catboost-sap                                                pred  0.966438 0.990898            pub_evg      True       OK      ok
                          abdullahsafwan333_s6e8-lightgbm-sap                                                pred  0.967056 0.993054            pub_evg      True       OK      ok
                  mohankrishnathalla_s6e8-xgb-tuner-oof-saver                                              xgb_v3  0.965882 0.993401            mkt_xgb      True      n/a      ok
              dnyaneshbharambe_addiction-lgb-xgb-cat-ensemble                                                 xgb  0.963688 0.993475        pub_donlgbm      True      n/a      ok
      kodaifukuda0311_s6e8-xgb-the-power-of-exact-value-te-fe                                                 xgb  0.968404 0.994018            ram_lgb      True      n/a      ok
