nothing  raykkretzschmar/why-every-s6e8-notebook-above-0-97110-overfits  [submission.csv why-every-s6e8-notebook-above-0-97110-overfits.log ]
nothing  adarsh1077/s6e8-diversity-beats-strength  [s6e8-diversity-beats-strength.log submission.csv ]
nothing  szymonkapiski/s6e8-honest-oof-blend  [s6e8-honest-oof-blend.log submission.csv ]
CANDIDATE  georgymamarin/s6e8-why-gaming-hours-helps-but-adds-nothing-new  [oof.npy s6e8-why-gaming-hours-helps-but-adds-nothing-new.log submission.csv ]
EMPTY  tomasa2/s6e8-what-moved-the-score-and-what-didn-t  []
nothing  vh10935cse20/mobile-addiction-lgbm  [mobile-addiction-lgbm.log submission.csv ]
nothing  anthonytherrien/predicting-smartphone-addict-nn-residual-network  [predicting-smartphone-addict-nn-residual-network.log submission.csv ]
nothing  daniilkrasnovvv/s6e8-top-1-public-0-97099  [s6e8-top-1-public-0-97099.log submission.csv ]
CANDIDATE  donmarch14/s6e8-lgbm  [lgbm_oof.csv lgbm_test_preds.csv lgb_oof.npy lgb_test.npy s6e8-lgbm.log submission.csv ]
CANDIDATE  donmarch14/s6e8-catboost  [oof_preds.csv s6e8-catboost.log submission.csv test_preds.csv ]
nothing  devashish001/predicting-smartphone-addiction  [predicting-smartphone-addiction.log submission.csv ]
CANDIDATE  ravi20076/playgrounds6e8-public-l2stack-v1  [Mdl_Preds_L2StackV1_1.parquet OOF_Preds_L2StackV1_1.parquet playgrounds6e8-public-l2stack-v1.log submission.csv xgb_optimize.log ]
CANDIDATE  ern711/contextualized-deep-univariate-spline-transformer  [contextualized-deep-univariate-spline-transformer.log nonlinear_context_5fold_metrics.csv nonlinear_context_5fold_oof.csv nonlinear_context_5fold_test_predictions.csv submission_additive.csv submission.csv ]
nothing  jek1wantaufik/predicting-smartphone-addiction  [predicting-smartphone-addiction.log submission.csv ]
CANDIDATE  omidbaghchehsaraei/tabm-for-predicting-smartphone-addiction  [oof.csv submission.csv tabm-for-predicting-smartphone-addiction.log ]
nothing  nawfeelrahman1124444/realmlp-0-97014  [realmlp-0-97014.log ]
nothing  vladstud716373618/s6e8-catboost-feature-ablation-600-11-best  [s6e8-catboost-feature-ablation-600-11-best.log ]
nothing  cv13j0/smartphone-addiction  [smartphone-addiction.log submission.csv ]
nothing  pavloivanin/baseline  [baseline.log submission.csv ]
CANDIDATE  factualexplorer/baseline-lgbm-xgb-cb-rank-averaged-oof-tuned  [baseline-lgbm-xgb-cb-rank-averaged-oof-tuned.log preds.npz submission.csv ]
CANDIDATE  ern711/multi-level-deep-univariate-spline-transformer  [multi-level-deep-univariate-spline-transformer.log multilevel_output_heads_fold_metrics.csv multilevel_output_heads_oof.csv multilevel_output_heads_test_predictions.csv submission.csv ]
nothing  thuandao/smartphone-addiction  [pip_log_pandas.txt pip_log_pingouin.txt pip_log_scikit_posthocs.txt pip_log_statsmodels.txt smartphone-addiction.log submission.csv ]
nothing  jimgruman/addiction  [addiction.log ]
nothing  sarveshchhetri/the-lookup-key-trick-minus-the-neural-net  [submission.csv the-lookup-key-trick-minus-the-neural-net.log ]
nothing  gentralgresham/predicting-smartphone-addiction  [predicting-smartphone-addiction.log submission.csv ]
nothing  kitopl/max-bin  [max-bin.log ]
CANDIDATE  ravi20076/playgrounds6e8-datacollation-v1  [Mdl_Preds_PublicV1_1.parquet OOF_Preds_PublicV1_1.parquet playgrounds6e8-datacollation-v1.log xgb_optimize.log ]
CANDIDATE  nikita7364777/rank-gauss-logit-rank-blending  [oof_rankgauss_lr.npy rank-gauss-logit-rank-blending.log rankgauss_lr_coefficients.csv rankgauss_model_audit.csv submission.csv submission_rankdata.csv test_rankgauss_lr.npy ]
CANDIDATE  yadoy666/94-verified-oof-gpu-accelerated-meta-stack  [94-verified-oof-gpu-accelerated-meta-stack.log submission.csv union94_member_names.json union94_oof_matrix.npy union94_test_matrix.npy ]
nothing  helenylmaz/smartphone-addiction-prediction  [smartphone-addiction-prediction.log ]
CANDIDATE  christopherarzate/predicting-smartphone-addiction  [iframe_figures predicting-smartphone-addiction.log submission.csv test_submission.csv testsubmission.csv ]
nothing  sdeogade/predicting-smartphone-addiction  [predicting-smartphone-addiction.log submission_rl_lgbm.csv ]
nothing  engineerfrabbi/predicting-smartphone-addiction  [predicting-smartphone-addiction.log submission.csv ]
nothing  santoshyadavaiexpert/smartphone-addiction-prediction  [smartphone-addiction-prediction.log submission.csv ]
nothing  sarveshchhetri/zero-extra-libraries-one-model  [submission.csv zero-extra-libraries-one-model.log ]
CANDIDATE  echloeprice/phone-addict  [oof_A_prob_simple.csv oof_B_rank_simple.csv oof_C_prob_optuna.csv oof_D_rank_optuna.csv phone-addict.log submission_A_prob_simple.csv submission_B_rank_simple.csv submission_C_prob_optuna.csv submission_D_rank_optuna.csv ]
nothing  pratishchaudhary/smartphone-addiction  [smartphone-addiction.log ]
nothing  atifkhan12/smartphone-addiction  [smartphone-addiction.log ]
nothing  obiaf88/predicting-smartphone-addiction-pytorch  [predicting-smartphone-addiction-pytorch.log submission.csv ]
nothing  mdnaimislam165436/predicting-smartphone-addiction  [predicting-smartphone-addiction.log submission.csv submission_target_encoded_xgb.csv ]
nothing  echloeprice/phone-addiction-prediction  [phone-addiction-prediction.log submission_pure_dict_ultimate.csv ]
nothing  mdshafayeturrahman/predicting-smartphone-addiction  [predicting-smartphone-addiction.log submission.csv ]
nothing  navazshfathi/predicting-smartphone-addiction  [predicting-smartphone-addiction.log submission.csv ]
nothing  cdeotte/basic-eda-smartphone-addiction  [basic-eda-smartphone-addiction.log ]
nothing  adarsh1077/s6e8-my-best-cv-model-scored-worse-on-the-lb  [s6e8-my-best-cv-model-scored-worse-on-the-lb.log ]
nothing  mohamedabder/01-eda-predicting-smartphone-addiction  [01-eda-predicting-smartphone-addiction.log ]
nothing  ojaspadhye/smartphoneaddiction-bit  [smartphoneaddiction-bit.log submission.csv ]
nothing  alpharapto/smartphones-prediction  [smartphones-prediction.log submission.csv ]
nothing  dariushafshar/how-much-does-one-more-model-buy-you-lb-97109  [how-much-does-one-more-model-buy-you-lb-97109.log submission.csv ]
nothing  kitopl/max-bin-raise-it-to-your-distinct-value-count  [max-bin-raise-it-to-your-distinct-value-count.log ]
nothing  francescoliveras/playground-s6e8-smartphone-addiction  [playground-s6e8-smartphone-addiction.log submission.csv ]
nothing  lavanyabacche/predicting-smartphone-addiction-01  [predicting-smartphone-addiction-01.log submission_next_level.csv ]
nothing  ananyamaurya/predicting-smartphone-addiction  [predicting-smartphone-addiction.log submission.csv ]
nothing  lavanyabacche/predicting-mobile-addiction-0011  [predicting-mobile-addiction-0011.log submission.csv ]
CANDIDATE  destroyer123787/predicting-smartphone-addiction  [oof_predictions.csv predicting-smartphone-addiction.log submission_ensemble.csv test_predictions.csv ]
nothing  yusufmurtaza01/s6e8-analytics  [eda_outputs s6e8-analytics.log ]
nothing  stephentarter/ps-s06e08-model-visualizer  [ps-s06e08-model-visualizer.log ps_s06e08_model_visualizer.py ]
nothing  charlottetu/predicting-smart-phone-addiction  [predicting-smart-phone-addiction.log submission.csv ]
nothing  leneen/ols-from-matrix-math-to-prediction  [ols_convergence_full.png ols-from-matrix-math-to-prediction.log submission.csv xai_1_beta_coefficients.png xai_1_beta_stability.png xai_2_contribution_decomposition.png xai_3_sensitivity_analysis.png ]
nothing  shivamgravity/pgs-s6e8-baseline-logistic-regression  [pgs-s6e8-baseline-logistic-regression.log submission.csv ]
CANDIDATE  mohankrishnathalla/s6e8-realmlp-oof-saver  [oof_realmlp.npy s6e8-realmlp-oof-saver.log submission_realmlp.csv submission_realmlp_fold1.csv submission_realmlp_fold2.csv submission_realmlp_fold3.csv submission_realmlp_fold4.csv submission_realmlp_fold5.csv test_realmlp.npy ]
nothing  tejaswagupta/predicting-smartphone-addiction  [predicting-smartphone-addiction.log submission.csv ]
nothing  aarontauro/smartphone-addiction  [smartphone-addiction.log submission.csv ]
nothing  fall2fire/smartphone-addiction-prediction-score-0-96692  [smartphone-addiction-prediction-score-0-96692.log submission.csv ]
nothing  vladstud716373618/s6e8-stress-level-is-useless-a-statistical-test  [noise_test_results s6e8-stress-level-is-useless-a-statistical-test.log ]
nothing  cv13j0/doomscroll-detector-v3  [doomscroll-detector-v3.log submission_blend.csv submission_transformer.csv submission_xgb.csv ]
nothing  lonnieqin/s6e8-with-tensorflow-5-fold-pipeline  [s6e8_tf s6e8-with-tensorflow-5-fold-pipeline.log submission.csv ]
nothing  mariusborel/predict-smartphone-addiction  [predict-smartphone-addiction.log submission.csv ]
nothing  zqx960151285/predicting-smartphone-addiction  [predicting-smartphone-addiction.log submission.csv ]
nothing  anvitasreddy/predicting-smartphone-addiction  [predicting-smartphone-addiction.log submission.csv ]
nothing  harharharhar/phone-addiction-shap  [phone-addiction-shap.log submission_addiction.csv ]
nothing  yhay81/smartphone-addiction-api-python-baseline  [smartphone-addiction-api-python-baseline.log submission.csv ]
CANDIDATE  shashwat1729/s6e8-lookup-pair-transformer  [oof_lookup_pair.npy s6e8-lookup-pair-transformer.log submission.csv summary_lookup_pair.json test_lookup_pair.npy ]
nothing  mitgajera/addiction  [addiction.log submission.csv ]
nothing  makthanithin/s6e8-addiction-lb-0-97086  [s6e8-addiction-lb-0-97086.log submission.csv ]
nothing  keyadobriyal/smartphone-addiction  [smartphone-addiction.log submission.csv ]
nothing  thaanismohamed/decision-tree-own-predicting-smartphone-addiction  [cleaning_stats.pkl decision_tree_modeldws.pkl decision-tree-own-predicting-smartphone-addiction.log feature_cols.pkl submission.csv ]
nothing  nuzhatbintenazim/s6e8-lightgbm  [s6e8-lightgbm.log submission.csv ]
nothing  bnzn261029/eda-lightgbm-baseline-roc-auc  [eda-lightgbm-baseline-roc-auc.log submission_lgbm_baseline.csv ]
nothing  nuzhatbintenazim/s6e8-simple-solution-with-feature-engineering  [s6e8-simple-solution-with-feature-engineering.log submission.csv ]
CANDIDATE  beicicc/s6e8-seed-diversity-residual-audit  [s6e8-seed-diversity-residual-audit.log seed2_residual_anchor_audit.csv seed2_residual_candidate_summary.csv seed2_residual_fold_deltas.csv seed2_residual_manifest.json seed2_residual_oof_predictions.csv seed2_residual_test_predictions.csv submission_seed2_residual_10pct.csv ]
nothing  abdullahsafwan333/s6e8-ft-transformer-sap  [s6e8-ft-transformer-sap.log ]
nothing  keyadobriyal/smart-phone-addiction-nn-v2  [hyperparam_tuning smart-phone-addiction-nn-v2.log ]
nothing  thomasmeiner/smartphone-addiction-with-bluecastai  [bluecastai_agent_log.jsonl smartphone-addiction-with-bluecastai.log submission.csv ]
nothing  abdullahsafwan333/s6e8-feature-engineering-sap  [s6e8-feature-engineering-sap.log ]
CANDIDATE  gauravduttaiiitb/ex1-s6e8-flaml-micro-f1  [ex1-s6e8-flaml-micro-f1.log micro_f1.csv ]
nothing  jayashree21f3001265/smartphone  [smartphone.log submission.csv ]
CANDIDATE  mayank787/addiction-to-mobile  [addiction-to-mobile.log catboost_tuned_model.cbm submission.csv submission_tuned_v2.csv ]
nothing  rishikeshpaul/smartphone-addiction-prediction-pipeline  [smartphone-addiction-prediction-pipeline.log ]
nothing  lavanyabacche/s1e8-psa-01  [s1e8-psa-01.log submission.csv submission_damped.csv ]
nothing  mmalam/eda-on-categorical-columns  [eda-on-categorical-columns.log ]
EMPTY  vladstud716373618/logistic-regression-tests  []
nothing  lavanyabacche/predicting-smartphones-lb-0-97117  [predicting-smartphones-lb-0-97117.log submission.csv ]
nothing  mmalam/shrink-dataset  [shrink-dataset.log ]
CANDIDATE  funguscakehead/da-thig  [combined_superpool_lr_compare_dropped.csv combined_superpool_lr_compare_duplicates.csv combined_superpool_lr_compare_meta_oof.parquet combined_superpool_lr_compare_meta_test.parquet combined_superpool_lr_compare_quality.csv combined_superpool_lr_compare_rankgauss_coefficients.csv combined_superpool_lr_compare_rankgauss_full.csv combined_superpool_lr_compare_rankgauss_honest_coefficients.csv combined_superpool_lr_compare_rankgauss_preblends_excluded.csv combined_superpool_lr_compare_raw_manifest.csv combined_superpool_lr_compare_scores.csv combined_superpool_lr_compare_solo_model_scores.csv combined_superpool_lr_compare_three_arm_fold_scores.csv combined_superpool_lr_compare_three_arm_global_coefficients.csv combined_superpool_lr_compare_three_arm_identity_coefficients.csv combined_superpool_lr_compare_three_arm_missingness_coefficients.csv combined_superpool_lr_compare_three_arm_regime_lr.csv combined_superpool_lr_compare_your_logit_lr_coefficients.csv combined_superpool_lr_compare_your_logit_lr.csv da-thig.log ]
CANDIDATE  mostafamomeni/notebook546aa9afd1  [notebook546aa9afd1.log ]
nothing  poojapuri/smartphone-addiction-prediction  [smartphone-addiction-prediction.log ]
nothing  rithvikmuthyapu/s6e8-data-visualization-and-prediction-w-tf-ann  [s6e8-data-visualization-and-prediction-w-tf-ann.log submission.csv ]
CANDIDATE  gauravduttaiiitb/ex996-s6e8-flaml-roc-auc-weighted  [ex996-s6e8-flaml-roc-auc-weighted.log roc_auc_weighted.csv ]
CANDIDATE  gauravduttaiiitb/ex999-s6e8-flaml-roc-auc-weighted  [ex999-s6e8-flaml-roc-auc-weighted.log roc_auc_weighted.csv ]
nothing  gauravduttaiiitb/ex999-s6e8-lazypredict  [ex999-s6e8-lazypredict.log ]
nothing  adnanik23/s6e8-training  [s6e8-training.log ]
CANDIDATE  gauravduttaiiitb/ex451-s6e8-flaml-roc-auc-weighted  [ex451-s6e8-flaml-roc-auc-weighted.log roc_auc_weighted.csv ]
CANDIDATE  gauravduttaiiitb/ex351-s6e8-flaml-roc-auc-weighted  [ex351-s6e8-flaml-roc-auc-weighted.log roc_auc_weighted.csv ]
nothing  aqibrazadev/complete-end-to-end-eda-with-advanced-dl-models  [complete-end-to-end-eda-with-advanced-dl-models.log submission.csv ]
nothing  nikitasem/smartphone-addiction-classification  [smartphone-addiction-classification.log ]
nothing  daniilkrasnovvv/s6e8-optimized-solution-by-optuna  [s6e8-optimized-solution-by-optuna.log submission.csv ]
nothing  dynamo14324/s6e8-advanced-feature-engineering  [s6e8-advanced-feature-engineering.log submission.csv ]
nothing  rizkisuryanugroho/smartphone-addiction-lightgbm  [smartphone-addiction-lightgbm.log submission.csv ]
nothing  lavanyabacche/predicting-smartphone-addiction-playground-s6e8  [predicting-smartphone-addiction-playground-s6e8.log submission.csv ]
nothing  lavanyabacche/mobile-addiction-lgbm  [mobile-addiction-lgbm.log submission_ensemble.csv ]
nothing  lavanyabacche/tps-s6e8-eda-advanced-feats-weighted-en-1fab70  [submission.csv tps-s6e8-eda-advanced-feats-weighted-en-1fab70.log ]
nothing  codingmaster24/addiction-prediction-gbm  [addiction-prediction-gbm.log submission.csv ]
nothing  akshatx25/notebook872448728e  [notebook872448728e.log ]
nothing  aslamsayyad1/version-6  [submission.csv version-6.log ]
nothing  abidhasan0720/predicting-smartphone-addiction  [predicting-smartphone-addiction.log ]
CANDIDATE  gauravduttaiiitb/ex51-s6e8-flaml-ap  [ap.csv ex51-s6e8-flaml-ap.log ]
CANDIDATE  gauravduttaiiitb/ex51-s6e8-flaml-accuracy  [accuracy.csv ex51-s6e8-flaml-accuracy.log ]
CANDIDATE  gauravduttaiiitb/ex51-s6e8-flaml-roc-auc-weighted  [ex51-s6e8-flaml-roc-auc-weighted.log roc_auc_weighted.csv ]
CANDIDATE  gauravduttaiiitb/ex151-s6e8-flaml-roc-auc  [ex151-s6e8-flaml-roc-auc.log roc_auc.csv ]
CANDIDATE  wesleyhuan/s6e8-multi-model-compare  [oof_preds.csv s6e8-multi-model-compare.log submission.csv ]
nothing  dariushafshar/the-other-third-of-gaming-hours-accounted-for  [the-other-third-of-gaming-hours-accounted-for.log ]
nothing  dariushafshar/what-the-public-leaderboard-cannot-tell-you  [what-the-public-leaderboard-cannot-tell-you.log ]
CANDIDATE  gauravduttaiiitb/ex51-s6e8-flaml-f1  [ex51-s6e8-flaml-f1.log f1.csv ]
CANDIDATE  gauravduttaiiitb/ex51-s6e8-flaml-roc-auc  [ex51-s6e8-flaml-roc-auc.log roc_auc.csv ]
nothing  docxian/ps-s6-e09-smartphone-addiction  [ps-s6-e09-smartphone-addiction.log submission.csv ]
CANDIDATE  gauravduttaiiitb/ex66-s6e8-flaml-roc-auc  [ex66-s6e8-flaml-roc-auc.log roc_auc.csv ]
CANDIDATE  gauravduttaiiitb/ex72-fe-s6e8-flaml-roc-auc  [ex72-fe-s6e8-flaml-roc-auc.log roc_auc.csv ]
CANDIDATE  gauravduttaiiitb/ex69-s6e8-flaml-roc-auc  [ex69-s6e8-flaml-roc-auc.log roc_auc.csv ]
CANDIDATE  gauravduttaiiitb/ex69-s6e8-flaml-micro-f1  [ex69-s6e8-flaml-micro-f1.log micro_f1.csv ]
nothing  vladstud716373618/5-features-logistic-regression-0-945-roc-auc  [5-features-logistic-regression-0-945-roc-auc.log ]
nothing  enricomanosperti/predicting-smartphone-addiction-eda-baseline  [predicting-smartphone-addiction-eda-baseline.log submission.csv ]
nothing  aslamsayyad1/version-4  [submission.csv version-4.log ]
CANDIDATE  shashwat1729/s6e8-screen-blind-gbm  [oof_screen_blind.npy s6e8-screen-blind-gbm.log submission.csv summary_screen_blind.json test_screen_blind.npy ]
nothing  amandubal/predicting-smartphone-addiction-ipynb  [predicting-smartphone-addiction-ipynb.log ]
CANDIDATE  harwindersingh766/ps-s6e8-xgboost-te-lb-0-96548  [oof_xgb.npy oof_xgb_sb.npy ps-s6e8-xgboost-te-lb-0-96548.log submission.csv submission_xgb.csv test_xgb.npy test_xgb_sb.npy ]
nothing  dariushafshar/which-of-your-submissions-should-you-actually-pick  [submission.csv which-of-your-submissions-should-you-actually-pick.log ]
nothing  shashwat1729/s6e8-gpu-clean-v6  [s6e8-gpu-clean-v6.log submission.csv ]
CANDIDATE  dranilkumardubey/nova-sap  [cv_summary.csv nova_sap_ablation.csv nova-sap.log nova_sap_uncertainty.csv oof_predictions.csv submission.csv ]
CANDIDATE  magurodataanalysis/s6e8-linear-vs-trees  [fold_report.csv missingness_slice_report.csv model_comparison.csv oof.csv s6e8-linear-vs-trees.log submission.csv submission_self_contained.csv ]
nothing  anhadmh/multi-model  [multi-model.log submission_best_ensemble_hillclimb.csv submission_best_single_xgboost.csv submission_hill_climbing.csv submission_model_catboost.csv submission_model_histgbm.csv submission_model_lightgbm.csv submission_model_logreg.csv submission_model_xgboost.csv submission_rank_average.csv submission_stacking.csv ]
CANDIDATE  rafanikitas/s6e8-gbdt-ensemble  [experiment_log.csv oof_predictions.csv s6e8-gbdt-ensemble.log submission_stack_lgbm.csv ]
nothing  dariushafshar/s6e8-what-actually-helps  [s6e8-what-actually-helps.log submission.csv ]
nothing  harmainmughal11/smartphone-addiction-prediction  [smartphone-addiction-prediction.log submission_baseline_97117.csv submission.csv submission_v6_bins40_035.csv submission_v6_local_02.csv submission_v6_local_035.csv submission_v6_local_05.csv submission_v6_local_075.csv submission_v6_local_10.csv ]
nothing  harishyadav0506/notebookbe0d1cfdfb  [notebookbe0d1cfdfb.log submission.csv submission_ensemble_top.csv ]
nothing  justcode1/smart-phone-addiction  [smart-phone-addiction.log ]
nothing  nurasylserikov/s6e8-eda  [s6e8-eda.log ]
nothing  raphdraft/target-encoding-without-the-leak-how-to-prove-it  [target-encoding-without-the-leak-how-to-prove-it.log ]
nothing  ramrithikchirra/notebookbb476eb0f4  [notebookbb476eb0f4.log submission.csv submission_damped.csv ]
nothing  shivamgravity/pgs-s6e8-eda  [pgs-s6e8-eda.log ]
nothing  smit1612/logistic-regression-baseline-0-923-cv-0-926-lb  [logistic-regression-baseline-0-923-cv-0-926-lb.log submission_lr.csv ]
nothing  sowmiya06m/submission-csv  [submission.csv submission-csv.log ]
nothing  harishyadav0506/notebookf563454554  [notebookf563454554.log submission.csv submission_v2.csv ]
EMPTY  dynamo14324/smartphone-addiction-championship-v2  []
CANDIDATE  untouchableforest/s6e8-knn-diversifier-v3-raw-knn-output  [knn_raw.npy s6e8-knn-diversifier-v3-raw-knn-output.log submission.csv submission_logit_n20_85_knn_15.csv submission_logit_n20_90_knn_10.csv submission_logit_n20_95_knn_5.csv submission_n20.csv submission_n20r_80_knn_20.csv submission_n20r_85_knn_15.csv submission_n20r_85_najiknn_15.csv submission_n20r_88_knn_12.csv submission_n20r_90_knn_10.csv submission_n20r_90_najiknn_10.csv submission_n20r_93_knn_7.csv submission_n20r_95_knn_5.csv submission_n20r_95_najiknn_5.csv ]
nothing  parthakkumar/notebooke30b189c20  [notebooke30b189c20.log ]
CANDIDATE  hboyang/s6e8-150-member-fusion  [oof_mix.npy oof_nested.npy result.json s6e8-150-member-fusion.log submission_mix.csv submission_nested.csv test_mix.npy test_nested.npy ]
CANDIDATE  shinak0502/notebook48ddac235f  [notebook48ddac235f.log preds.npz submission.csv ]
nothing  tannushreevaishnav/predicting-smartphone-addiction  [predicting-smartphone-addiction.log submission.csv ]
CANDIDATE  stephentarter/ps-s06e08-histgradientboosting  [predictions ps-s06e08-histgradientboosting.log submission.csv ]
nothing  junkonno/fork-of-notebookd256aca73c  [fork-of-notebookd256aca73c.log submission.csv ]
nothing  secretiveplotter1863/smartphone-addiction  [smartphone-addiction.log submission.csv ]
nothing  bariankitvinod/predicting-smartphone-addiction-our-ipynb-file  [predicting-smartphone-addiction-our-ipynb-file.log ]
nothing  logeshwari12345/smartphone-addiction  [smartphone-addiction.log submission.csv ]
nothing  dynamo14324/smartphone-addiction-eda-baseline  [smartphone-addiction-eda-baseline.log submission.csv ]
nothing  sarathsreedharj/mobile-addiction  [mobile-addiction.log submission.csv ]
nothing  dynamo14324/smartphone-addiction-leakage-safe-baseline  [smartphone-addiction-leakage-safe-baseline.log submission.csv ]
CANDIDATE  yaminh/smartphone-addiction-prediction-strong-eda-cv-eble  [experiment_summary.csv oof_base_models.csv smartphone-addiction-prediction-strong-eda-cv-eble.log submission.csv test_base_models.csv ]
nothing  dynamo14324/smartphone-addiction-championship  [smartphone-addiction-championship.log ]
nothing  ayaabdalsalam/phone-addiction  [phone-addiction.log submission.csv ]
CANDIDATE  yadoy666/predicting-smartphone-addiction  [catboost_cv_results.csv catboost_feature_importance.csv catboost_oof_predictions.csv.gz catboost_test_predictions.npy ensemble_fold_results.csv ensemble_oof_predictions.csv.gz ensemble_weight_search.csv final_fmdeep_ensemble_folds.csv final_fmdeep_ensemble_oof.csv.gz final_fmdeep_ensemble_test.npy final_model_summary.csv fmdeep_cv_results.csv fmdeep_ensemble_fold_results.csv fmdeep_ensemble_oof.csv.gz fmdeep_ensemble_test_predictions.npy fmdeep_ensemble_weight_search.csv fmdeep_oof_logits.npy fmdeep_oof_predictions.csv.gz fmdeep_oof_predictions.npy fmdeep_test_logits.npy fmdeep_test_predictions.npy predicting-smartphone-addiction.log submission_catboost_gpu_5fold.csv submission_catboost_xgboost_ensemble.csv submission.csv submission_fmdeep_ensemble_candidate.csv submission_xgboost_gpu_5fold.csv xgboost_cv_results.csv xgboost_feature_importance.csv xgboost_oof_predictions.csv.gz xgboost_test_predictions.npy ]
nothing  enricomanosperti/smartphone-addiction-eda-baseline  [smartphone-addiction-eda-baseline.log ]
nothing  yeonseokcho/smartphone-addiction-prediction  [smartphone-addiction-prediction.log submission.csv ]
nothing  lukemanabubakar/predicting-smartphone-addiction  [predicting-smartphone-addiction.log submission.csv ]
nothing  adityakushwaha007/kaggle-s6e8-predicting-smartphone-addiction-eda  [kaggle-s6e8-predicting-smartphone-addiction-eda.log ]
nothing  bhuvaneshwarpratap12/smartphoneaddiction1  [smartphoneaddiction1.log submission_01_xgb55_lgb25_cat20.csv ]
nothing  tanvicaaa/phone-addiction-v1  [phone-addiction-v1.log submission_band_model.csv submission.csv ]
nothing  junkonno/notebookd256aca73c  [notebookd256aca73c.log submission.csv ]
nothing  reyhanksatria/smartphone-addiction  [smartphone-addiction.log submission_band_model.csv submission.csv ]
nothing  aadikaggle123/predicting-smartphone-addiction  [predicting-smartphone-addiction.log ]
nothing  mafaqbhattiofficial/eda-predicting-smartphone-addiction  [eda-predicting-smartphone-addiction.log ]
nothing  kitopl/eda-lightgbm-zero-correlation-is-not-no-signal  [eda-lightgbm-zero-correlation-is-not-no-signal.log submission.csv ]
nothing  defaultujijk/competition-2  [competition-2.log ]
nothing  pannu22/smartphone-addiction-baseline  [smartphone-addiction-baseline.log submission.csv ]
CANDIDATE  ayushmuley/notebookc9fa246ba4  [notebookc9fa246ba4.log subrf.csv subxgb.csv ]
nothing  nicolepatterson8910/notebook07e29767c7  [notebook07e29767c7.log submission.csv ]
nothing  wowtimwow/model-capacity-beat-my-feature-engineering-by-18x  [model-capacity-beat-my-feature-engineering-by-18x.log ]
nothing  sujeetfz/smartphone-addiction-prediction  [smartphone-addiction-prediction.log ]
nothing  kvishalini/predicting-smartphone-addiction  [predicting-smartphone-addiction.log ]
nothing  nicolepatterson8910/notebooka219999a69  [notebooka219999a69.log submission.csv ]
CANDIDATE  mohankrishnathalla/s6e8-tabm-oof-saver  [oof_mlp.npy s6e8-tabm-oof-saver.log submission_mlp.csv submission_mlp_fold1.csv submission_mlp_fold2.csv submission_mlp_fold3.csv submission_mlp_fold4.csv submission_mlp_fold5.csv test_mlp.npy ]
nothing  mayankgariyamldev/addicition-compitations  [addicition-compitations.log ]
nothing  rv1922/smartphone-eda-analysis  [smartphone-eda-analysis.log ]
CANDIDATE  rv1922/smartphone-addiction  [model_outputs smartphone-addiction.log submission.csv ]
nothing  aslamsayyad1/version-7  [submission.csv version-7.log ]
nothing  sergiobuilds/s6e8-feature-engineering-comparison  [s6e8-feature-engineering-comparison.log submission.csv ]
nothing  sergiobuilds/s6e8-eda-smartphone-addiction  [s6e8-eda-smartphone-addiction.log submission.csv ]
nothing  nebukhadnezar234/predicting-smartphone-addiction  [predicting-smartphone-addiction.log ]
nothing  aumpatel131/kaggle-s6e8  [kaggle-s6e8.log submission.csv ]
nothing  mayankgariyamldev/addiction  [addiction.log ]
CANDIDATE  gauravduttaiiitb/ex51-s6e8-flaml-log-loss  [ex51-s6e8-flaml-log-loss.log log_loss.csv ]
nothing  aslamsayyad1/version-5  [submission.csv version-5.log ]
EMPTY  sisiravk/notebookfe9ed60365  []
nothing  muhammadf4h33m/s06e08-original-data-lightgbm-0-96169  [s06e08-original-data-lightgbm-0-96169.log ]
CANDIDATE  shashwat1729/s6e8-knn-target-gbm  [oof_knn_gbm.npy s6e8-knn-target-gbm.log submission.csv summary_knn_gbm.json test_knn_gbm.npy ]
nothing  dariushafshar/exact-values-fail-as-lookup-keys  [exact-values-fail-as-lookup-keys.log ]
nothing  chihebghraibia/predicting-smartphone-addiction-playground  [predicting-smartphone-addiction-playground.log submission.csv ]
nothing  aslamsayyad1/version-3  [submission.csv version-3.log ]
nothing  ankitaguptaindia/s6-e8-eda-model-building-hpt  [s6-e8-eda-model-building-hpt.log submission.csv ]
nothing  dariushafshar/s6e8-will-your-public-score-survive  [s6e8-will-your-public-score-survive.log submission.csv ]
nothing  dariushafshar/s6e8-the-missingness-is-the-drift  [s6e8-the-missingness-is-the-drift.log submission.csv ]
nothing  dariushafshar/the-unaccounted-third-is-the-gaming-work-split  [submission.csv the-unaccounted-third-is-the-gaming-work-split.log ]
nothing  hermitsays/predicting-smartphone-addiction-xgb  [predicting-smartphone-addiction-xgb.log submission.csv ]
nothing  aslamsayyad1/version-2  [submission.csv version-2.log ]
CANDIDATE  babulkumar07/notebook212f18c3fb  [notebook212f18c3fb.log susubmission.csv ]
nothing  dariushafshar/s6e8-catboost-ordered-vs-plain  [s6e8-catboost-ordered-vs-plain.log submission.csv ]
nothing  dariushafshar/s6e8-blending-only-works-when-models-are-close  [s6e8-blending-only-works-when-models-are-close.log submission.csv ]
nothing  aslamsayyad1/version-1  [submission.csv version-1.log ]
SCAN DONE, 218 refs this pass
