base w38_ad202std OOF AUC 0.9701305726   (w16i's base blend159av_h3 0.9700491721, delta +81.40e-6)
  scheme glob    1 levels  sizes [691369]
  scheme a_only  2 levels  sizes [613715, 77654]
  scheme rule    7 levels  sizes [175446, 154634, 102202, 93255, 77654, 47438, 40740]
  scheme mask    5 levels  sizes [269185, 180459, 120697, 67328, 53700]
  scheme decile  8 levels  sizes [86422, 86421, 86421, 86421, 86421, 86421, 86421, 86421]
    fitted glob fold 0 {'0': np.float64(0.001)}
    fitted glob fold 1 {'0': np.float64(0.0005)}
    fitted glob fold 2 {'0': np.float64(0.001)}
    fitted glob fold 3 {'0': np.float64(0.001)}
    fitted glob fold 4 {'0': np.float64(0.001)}
  arm glob    xfit  +1.892e-6  se 2.642  t +0.72  4/5  CV 0.9701326156
    fitted a_only fold 0 {'A': np.float64(0.007), 'rest': np.float64(0.0005)}
    fitted a_only fold 1 {'A': np.float64(0.008), 'rest': np.float64(0.0005)}
    fitted a_only fold 2 {'A': np.float64(0.007), 'rest': np.float64(0.001)}
    fitted a_only fold 3 {'A': np.float64(0.0055), 'rest': np.float64(0.001)}
    fitted a_only fold 4 {'A': np.float64(0.007), 'rest': np.float64(0.0005)}
  arm a_only  xfit  +2.801e-6  se 1.764  t +1.59  4/5  CV 0.9701335608
    fitted rule fold 0 {'A social>4': np.float64(0.0065), 'B soc<=4 daily>8': np.float64(0.0025), 'BAND 6<daily<=8': np.float64(0.001), 'D soc<=4 daily<=6': np.float64(0.0), 'E soc<=4 dailyNA': np.float64(0.0), 'F socialNA': np.float64(0.0005), 'G both NA': np.float64(0.0)}
    fitted rule fold 1 {'A social>4': np.float64(0.008), 'B soc<=4 daily>8': np.float64(0.002), 'BAND 6<daily<=8': np.float64(0.0015), 'D soc<=4 daily<=6': np.float64(0.0), 'E soc<=4 dailyNA': np.float64(0.0), 'F socialNA': np.float64(0.0005), 'G both NA': np.float64(0.0)}
    fitted rule fold 2 {'A social>4': np.float64(0.007), 'B soc<=4 daily>8': np.float64(0.0025), 'BAND 6<daily<=8': np.float64(0.001), 'D soc<=4 daily<=6': np.float64(0.0), 'E soc<=4 dailyNA': np.float64(0.001), 'F socialNA': np.float64(0.0), 'G both NA': np.float64(0.0)}
    fitted rule fold 3 {'A social>4': np.float64(0.0055), 'B soc<=4 daily>8': np.float64(0.0025), 'BAND 6<daily<=8': np.float64(0.002), 'D soc<=4 daily<=6': np.float64(0.0005), 'E soc<=4 dailyNA': np.float64(0.0005), 'F socialNA': np.float64(0.001), 'G both NA': np.float64(0.0)}
    fitted rule fold 4 {'A social>4': np.float64(0.007), 'B soc<=4 daily>8': np.float64(0.002), 'BAND 6<daily<=8': np.float64(0.001), 'D soc<=4 daily<=6': np.float64(0.0), 'E soc<=4 dailyNA': np.float64(0.0015), 'F socialNA': np.float64(0.001), 'G both NA': np.float64(0.0)}
  arm rule    xfit  +4.239e-6  se 2.574  t +1.65  4/5  CV 0.9701349947
    fitted mask fold 0 {'m0': np.float64(0.0015), 'm1': np.float64(0.001), 'm2': np.float64(0.0005), 'm3': np.float64(0.0), 'm4': np.float64(0.0)}
    fitted mask fold 1 {'m0': np.float64(0.001), 'm1': np.float64(0.001), 'm2': np.float64(0.0005), 'm3': np.float64(0.0), 'm4': np.float64(0.0)}
    fitted mask fold 2 {'m0': np.float64(0.0015), 'm1': np.float64(0.001), 'm2': np.float64(0.0005), 'm3': np.float64(0.0), 'm4': np.float64(0.0)}
    fitted mask fold 3 {'m0': np.float64(0.002), 'm1': np.float64(0.0015), 'm2': np.float64(0.0015), 'm3': np.float64(0.0), 'm4': np.float64(0.0)}
    fitted mask fold 4 {'m0': np.float64(0.001), 'm1': np.float64(0.0015), 'm2': np.float64(0.001), 'm3': np.float64(0.0), 'm4': np.float64(0.0)}
  arm mask    xfit  +1.920e-6  se 5.080  t +0.38  4/5  CV 0.9701328231
    fitted decile fold 0 {'q0': np.float64(0.0015), 'q1': np.float64(0.0), 'q2': np.float64(0.0005), 'q3': np.float64(0.001), 'q4': np.float64(0.005), 'q5': np.float64(0.0045), 'q6': np.float64(0.0185), 'q7': np.float64(0.0)}
    fitted decile fold 1 {'q0': np.float64(0.0005), 'q1': np.float64(0.0), 'q2': np.float64(0.001), 'q3': np.float64(0.001), 'q4': np.float64(0.0045), 'q5': np.float64(0.006), 'q6': np.float64(0.0095), 'q7': np.float64(0.0)}
    fitted decile fold 2 {'q0': np.float64(0.001), 'q1': np.float64(0.0005), 'q2': np.float64(0.0005), 'q3': np.float64(0.0015), 'q4': np.float64(0.006), 'q5': np.float64(0.005), 'q6': np.float64(0.0155), 'q7': np.float64(0.0)}
    fitted decile fold 3 {'q0': np.float64(0.0005), 'q1': np.float64(0.0005), 'q2': np.float64(0.0015), 'q3': np.float64(0.002), 'q4': np.float64(0.006), 'q5': np.float64(0.012), 'q6': np.float64(0.017), 'q7': np.float64(0.0)}
    fitted decile fold 4 {'q0': np.float64(0.0), 'q1': np.float64(0.0), 'q2': np.float64(0.001), 'q3': np.float64(0.0015), 'q4': np.float64(0.0065), 'q5': np.float64(0.005), 'q6': np.float64(0.0155), 'q7': np.float64(0.0)}
  arm decile  xfit  +2.249e-6  se 4.474  t +0.50  4/5  CV 0.9701328775

  CTRL permuted a_only  xfit  -0.458e-6  -> real minus control  +3.258e-6
  CTRL permuted rule    xfit  -1.162e-6  -> real minus control  +5.400e-6
  CTRL permuted mask    xfit  +0.823e-6  -> real minus control  +1.097e-6
  CTRL permuted decile  xfit  +1.542e-6  -> real minus control  +0.707e-6

=== leave-one-fold-out over the FIVE schemes (187 base) ===
  naive argmax arm = rule  xfit +4.239e-6
  nested picks     = ['rule', 'rule', 'rule', 'mask', 'rule']
  nested delta     = +1.755e-6  se 5.013
  SCHEME-SELECTION OPTIMISM = +2.484e-6   stability 4/5

=== averaged objects (no selection inside them) ===
  3-arm (glob+a_only+rule)     CV 0.9701348402  xfit  +4.091e-6  se 2.372  t +1.72  4/5
  5-arm (all schemes)          CV 0.9701349001  xfit  +4.173e-6  se 3.272  t +1.28  4/5
  4-arm (drop decile)          CV 0.9701346884  xfit  +3.923e-6  se 3.042  t +1.29  4/5
  4-arm (drop mask)            CV 0.9701351079  xfit  +4.389e-6  se 2.847  t +1.54  4/5

  highest cross-fitted CV: 4-arm (drop mask)  0.9701351079
  ** NOT SHIPPING THE ARGMAX. ** Shipping the pre-registered 5-arm (all schemes) (CV 0.9701349001).
  full-data weights glob    {'0': np.float64(0.001)}
  full-data weights a_only  {'A': np.float64(0.007), 'rest': np.float64(0.001)}
  full-data weights rule    {'A social>4': np.float64(0.007), 'B soc<=4 daily>8': np.float64(0.0025), 'BAND 6<daily<=8': np.float64(0.0015), 'D soc<=4 daily<=6': np.float64(0.0), 'E soc<=4 dailyNA': np.float64(0.0005), 'F socialNA': np.float64(0.0005), 'G both NA': np.float64(0.0)}
  full-data weights mask    {'m0': np.float64(0.0015), 'm1': np.float64(0.0015), 'm2': np.float64(0.001), 'm3': np.float64(0.0), 'm4': np.float64(0.0)}
  full-data weights decile  {'q0': np.float64(0.0005), 'q1': np.float64(0.0), 'q2': np.float64(0.001), 'q3': np.float64(0.0015), 'q4': np.float64(0.0055), 'q5': np.float64(0.007), 'q6': np.float64(0.0155), 'q7': np.float64(0.0)}

  wrote /home/nixos/all-my-repos/ai/kaggle-agents/workspace/playground-series-s6e8/submissions/w38_ad202stdcorr_ens4.csv  rows 296,302  range [3.375e-06, 1.000]  distinct 296,302
  rank-identical to an existing submission file? no
    spearman vs w38_ad202std           0.9999751  rows differing 295,470
    spearman vs w16i_schemeavg         0.9994244  rows differing 296,236
    spearman vs blend159av_h3          0.9993946  rows differing 296,244
    spearman vs w16q_ens4avg           0.9995910  rows differing 296,228

=== deadline-pick arithmetic (decided in the journal, not here) ===
  w38_ad202stdcorr_ens4  CV 0.9701349001
  w38_ad202std           CV 0.9701305726   (+4.327e-6)
  w16i_schemeavg         CV 0.9700556663   (+79.234e-6)

wrote experiments/w21a_w38_ad202stdcorr_ens4.json
