base w36_ad199std OOF AUC 0.9701323250   (w16i's base blend159av_h3 0.9700491721, delta +83.15e-6)
  scheme glob    1 levels  sizes [691369]
  scheme a_only  2 levels  sizes [613715, 77654]
  scheme rule    7 levels  sizes [175446, 154634, 102202, 93255, 77654, 47438, 40740]
  scheme mask    5 levels  sizes [269185, 180459, 120697, 67328, 53700]
  scheme decile  8 levels  sizes [86422, 86422, 86421, 86421, 86421, 86421, 86421, 86420]
    fitted glob fold 0 {'0': np.float64(0.001)}
    fitted glob fold 1 {'0': np.float64(0.0005)}
    fitted glob fold 2 {'0': np.float64(0.001)}
    fitted glob fold 3 {'0': np.float64(0.0015)}
    fitted glob fold 4 {'0': np.float64(0.001)}
  arm glob    xfit  +0.907e-6  se 4.017  t +0.23  4/5  CV 0.9701333347
    fitted a_only fold 0 {'A': np.float64(0.0065), 'rest': np.float64(0.0005)}
    fitted a_only fold 1 {'A': np.float64(0.008), 'rest': np.float64(0.0005)}
    fitted a_only fold 2 {'A': np.float64(0.007), 'rest': np.float64(0.001)}
    fitted a_only fold 3 {'A': np.float64(0.005), 'rest': np.float64(0.001)}
    fitted a_only fold 4 {'A': np.float64(0.0065), 'rest': np.float64(0.0005)}
  arm a_only  xfit  +3.131e-6  se 1.790  t +1.75  4/5  CV 0.9701355043
    fitted rule fold 0 {'A social>4': np.float64(0.0065), 'B soc<=4 daily>8': np.float64(0.0025), 'BAND 6<daily<=8': np.float64(0.001), 'D soc<=4 daily<=6': np.float64(0.0), 'E soc<=4 dailyNA': np.float64(0.0), 'F socialNA': np.float64(0.0005), 'G both NA': np.float64(0.0)}
    fitted rule fold 1 {'A social>4': np.float64(0.008), 'B soc<=4 daily>8': np.float64(0.002), 'BAND 6<daily<=8': np.float64(0.0015), 'D soc<=4 daily<=6': np.float64(0.0), 'E soc<=4 dailyNA': np.float64(0.0005), 'F socialNA': np.float64(0.0005), 'G both NA': np.float64(0.0)}
    fitted rule fold 2 {'A social>4': np.float64(0.007), 'B soc<=4 daily>8': np.float64(0.0025), 'BAND 6<daily<=8': np.float64(0.001), 'D soc<=4 daily<=6': np.float64(0.0), 'E soc<=4 dailyNA': np.float64(0.001), 'F socialNA': np.float64(0.0), 'G both NA': np.float64(0.0)}
    fitted rule fold 3 {'A social>4': np.float64(0.005), 'B soc<=4 daily>8': np.float64(0.0025), 'BAND 6<daily<=8': np.float64(0.002), 'D soc<=4 daily<=6': np.float64(0.0005), 'E soc<=4 dailyNA': np.float64(0.0005), 'F socialNA': np.float64(0.001), 'G both NA': np.float64(0.0)}
    fitted rule fold 4 {'A social>4': np.float64(0.0065), 'B soc<=4 daily>8': np.float64(0.002), 'BAND 6<daily<=8': np.float64(0.001), 'D soc<=4 daily<=6': np.float64(0.0), 'E soc<=4 dailyNA': np.float64(0.0015), 'F socialNA': np.float64(0.001), 'G both NA': np.float64(0.0)}
  arm rule    xfit  +4.632e-6  se 2.678  t +1.73  4/5  CV 0.9701370809
    fitted mask fold 0 {'m0': np.float64(0.0015), 'm1': np.float64(0.001), 'm2': np.float64(0.0005), 'm3': np.float64(0.0), 'm4': np.float64(0.0)}
    fitted mask fold 1 {'m0': np.float64(0.001), 'm1': np.float64(0.001), 'm2': np.float64(0.0005), 'm3': np.float64(0.0), 'm4': np.float64(0.0)}
    fitted mask fold 2 {'m0': np.float64(0.0015), 'm1': np.float64(0.001), 'm2': np.float64(0.0005), 'm3': np.float64(0.0), 'm4': np.float64(0.0)}
    fitted mask fold 3 {'m0': np.float64(0.002), 'm1': np.float64(0.0015), 'm2': np.float64(0.0015), 'm3': np.float64(0.0), 'm4': np.float64(0.0)}
    fitted mask fold 4 {'m0': np.float64(0.001), 'm1': np.float64(0.0015), 'm2': np.float64(0.0005), 'm3': np.float64(0.0), 'm4': np.float64(0.0)}
  arm mask    xfit  +2.332e-6  se 5.016  t +0.46  4/5  CV 0.9701348073
    fitted decile fold 0 {'q0': np.float64(0.0015), 'q1': np.float64(0.0005), 'q2': np.float64(0.0005), 'q3': np.float64(0.001), 'q4': np.float64(0.0055), 'q5': np.float64(0.0045), 'q6': np.float64(0.0185), 'q7': np.float64(0.0)}
    fitted decile fold 1 {'q0': np.float64(0.0005), 'q1': np.float64(0.0), 'q2': np.float64(0.001), 'q3': np.float64(0.001), 'q4': np.float64(0.0045), 'q5': np.float64(0.0065), 'q6': np.float64(0.011), 'q7': np.float64(0.0)}
    fitted decile fold 2 {'q0': np.float64(0.0015), 'q1': np.float64(0.0005), 'q2': np.float64(0.0005), 'q3': np.float64(0.0015), 'q4': np.float64(0.006), 'q5': np.float64(0.0065), 'q6': np.float64(0.016), 'q7': np.float64(0.0)}
    fitted decile fold 3 {'q0': np.float64(0.001), 'q1': np.float64(0.0005), 'q2': np.float64(0.0015), 'q3': np.float64(0.002), 'q4': np.float64(0.006), 'q5': np.float64(0.0125), 'q6': np.float64(0.017), 'q7': np.float64(0.0)}
    fitted decile fold 4 {'q0': np.float64(0.0), 'q1': np.float64(0.0), 'q2': np.float64(0.001), 'q3': np.float64(0.0015), 'q4': np.float64(0.0065), 'q5': np.float64(0.006), 'q6': np.float64(0.0145), 'q7': np.float64(0.0)}
  arm decile  xfit  +2.506e-6  se 4.489  t +0.56  4/5  CV 0.9701347991

  CTRL permuted a_only  xfit  +0.609e-6  -> real minus control  +2.522e-6
  CTRL permuted rule    xfit  -0.163e-6  -> real minus control  +4.795e-6
  CTRL permuted mask    xfit  +0.788e-6  -> real minus control  +1.544e-6
  CTRL permuted decile  xfit  +1.370e-6  -> real minus control  +1.136e-6

=== leave-one-fold-out over the FIVE schemes (187 base) ===
  naive argmax arm = rule  xfit +4.632e-6
  nested picks     = ['rule', 'rule', 'rule', 'mask', 'rule']
  nested delta     = +2.232e-6  se 4.997
  SCHEME-SELECTION OPTIMISM = +2.400e-6   stability 4/5

=== averaged objects (no selection inside them) ===
  3-arm (glob+a_only+rule)     CV 0.9701363957  xfit  +3.980e-6  se 2.828  t +1.41  4/5
  5-arm (all schemes)          CV 0.9701365875  xfit  +4.149e-6  se 3.554  t +1.17  4/5
  4-arm (drop decile)          CV 0.9701363262  xfit  +3.921e-6  se 3.377  t +1.16  4/5
  4-arm (drop mask)            CV 0.9701367199  xfit  +4.314e-6  se 3.236  t +1.33  4/5

  highest cross-fitted CV: 4-arm (drop mask)  0.9701367199
  ** NOT SHIPPING THE ARGMAX. ** Shipping the pre-registered 5-arm (all schemes) (CV 0.9701365875).
  full-data weights glob    {'0': np.float64(0.001)}
  full-data weights a_only  {'A': np.float64(0.0065), 'rest': np.float64(0.001)}
  full-data weights rule    {'A social>4': np.float64(0.007), 'B soc<=4 daily>8': np.float64(0.0025), 'BAND 6<daily<=8': np.float64(0.0015), 'D soc<=4 daily<=6': np.float64(0.0), 'E soc<=4 dailyNA': np.float64(0.0005), 'F socialNA': np.float64(0.0005), 'G both NA': np.float64(0.0)}
  full-data weights mask    {'m0': np.float64(0.0015), 'm1': np.float64(0.0015), 'm2': np.float64(0.001), 'm3': np.float64(0.0), 'm4': np.float64(0.0)}
  full-data weights decile  {'q0': np.float64(0.001), 'q1': np.float64(0.0005), 'q2': np.float64(0.001), 'q3': np.float64(0.0015), 'q4': np.float64(0.006), 'q5': np.float64(0.007), 'q6': np.float64(0.016), 'q7': np.float64(0.0)}

  wrote /home/nixos/all-my-repos/ai/kaggle-agents/workspace/playground-series-s6e8/submissions/w36_ad199stdcorr_ens4.csv  rows 296,302  range [3.375e-06, 1.000]  distinct 296,302
  rank-identical to an existing submission file? no
    spearman vs w36_ad199std           0.9999743  rows differing 295,506
    spearman vs w16i_schemeavg         0.9994233  rows differing 296,237
    spearman vs blend159av_h3          0.9993933  rows differing 296,254
    spearman vs w16q_ens4avg           0.9995825  rows differing 296,222

=== deadline-pick arithmetic (decided in the journal, not here) ===
  w36_ad199stdcorr_ens4  CV 0.9701365875
  w36_ad199std           CV 0.9701323250   (+4.263e-6)
  w16i_schemeavg         CV 0.9700556663   (+80.921e-6)

wrote experiments/w21a_w36_ad199stdcorr_ens4.json
