/home/nixos/all-my-repos/ai/kaggle-agents/workspace/playground-series-s6e8/experiments/w83a_reproject.py:126: DeprecationWarning: datetime.datetime.utcnow() is deprecated and scheduled for removal in a future version. Use timezone-aware objects to represent datetimes in UTC: datetime.datetime.now(datetime.UTC).
  now = dt.datetime.utcnow()
board   playground-series-s6e8-publicleaderboard-2026-08-25T12:52:09.csv
stamped 2026-08-25 12:52:09 UTC, 0.1h old, 2874 teams, leader 0.97172
us      public rank 139 at 0.97119 = top 4.84% of the field, +0.00053 vs leader

=== A. matched null at OUR position (parametric; assumes a common shift sd) ===
    shift sd source    median    p10     p90  P(top 0.5%)  P(top 5%)  P(top 10%)
    0.000043 S6E2         149     82     217         0.0%      46.5%       99.8%
    0.000067 S6E3         151     60     242         0.4%      46.6%       97.9%
    0.000124 S6E5         156     41     291         2.2%      45.7%       89.2%
  Read the sd column, not the medians: the three past AUC boards disagree about it
  by 3x, and that spread is wider than anything this account can influence.

=== B. empirical band: teams who stood in the top 2.84%-6.84% of their own board ===
episode   metric    n  median finish     p10     p90   P(<=5%)  P(<=10%)
S6E1            173         3.27%  1.26%  6.60%     57.2%     96.5%
S6E2      AUC   175         6.29%  1.79% 10.20%     34.3%     88.6%
S6E3      AUC   166         4.74%  0.91%  7.15%     56.6%     97.6%
S6E4            172         4.48%  2.76%  9.80%     61.0%     93.0%
S6E5      AUC   121        10.82%  3.28% 13.40%     15.7%     34.7%
S6E6            113        12.82%  5.66% 16.29%      8.0%     31.0%
S6E7            134        15.04%  5.39% 18.84%     10.4%     17.2%
AUC pool  AUC   462         6.04%  1.33% 12.08%     37.4%     77.7%
  The pooled row is printed last and should be trusted least: the per-episode rows
  are the two populations, and pooling them describes neither.

=== controls ===
  [PASS] C1 published top-30 retention recomputes  77% 3% 53% 20% 57% 0% 0%
  [PASS] C2 zero-noise null returns our rank  all 4000 reps = 139
  [PASS] C3 board fresh and not truncated  0.1h, 2874 teams >= 2791
  [PASS] C4 rank self-consistent and score is the account best  138 strictly above, score 0.97119
  [PASS] C5 band instrument is the identity on public->public  7 episodes

FAILURES 0
